<html>
<body>
<pre>
<h1>µVision Build Log</h1>
<h2>Tool Versions:</h2>
IDE-Version: ¦ÌVision V5.23.0.0
Copyright (C) 2017 ARM Ltd and ARM Germany GmbH. All rights reserved.
License Information: 123 123, 123, LIC=7YKNN-YS521-HPNZN-Y4Q97-7FG8W-FGI2Z
 
Tool Versions:
Toolchain:       MDK-ARM Professional  Version: 5.23
Toolchain Path:  D:\software\Keil5\ARM\ARMCC\Bin
C Compiler:      Armcc.exe V5.06 update 4 (build 422)
Assembler:       Armasm.exe V5.06 update 4 (build 422)
Linker/Locator:  ArmLink.exe V5.06 update 4 (build 422)
Library Manager: ArmAr.exe V5.06 update 4 (build 422)
Hex Converter:   FromElf.exe V5.06 update 4 (build 422)
CPU DLL:         SARMCM3.DLL V5.23
Dialog DLL:      DCM.DLL V1.15.0.0
Target DLL:      STLink\ST-LINKIII-KEIL_SWO.dll V2.0.18.0
Dialog DLL:      TCM.DLL V1.27.0.0
 
<h2>Project:</h2>
E:\03_Project_file\07_atlantis\06_Code\02_Trigger_board\CYG8171_Trigger_board_V1.0_code_20210413\USER\CYG8171_TRIGB.uvprojx
Project File Date:  03/30/2021

<h2>Output:</h2>
*** Using Compiler 'V5.06 update 4 (build 422)', folder: 'D:\software\Keil5\ARM\ARMCC\Bin'
Build target 'CYG8454_SWB'
compiling main.c...
compiling w5500_conf.c...
..\HARDWARE\BSP_W5500\w5500_conf.c(216): warning:  #223-D: function "Process_Data" declared implicitly
                                Process_Data(buff);
..\HARDWARE\BSP_W5500\w5500_conf.c(188): warning:  #177-D: variable "i"  was declared but never referenced
        uint16 i;
..\HARDWARE\BSP_W5500\w5500_conf.c: 2 warnings, 0 errors
compiling Gpio.c...
compiling mycmd.c...
..\HARDWARE\CMD\mycmd.c(158): warning:  #940-D: missing return statement at end of non-void function "CMD_Relay" 
  }
..\HARDWARE\CMD\mycmd.c: 1 warning, 0 errors
linking...
Program Size: Code=23872 RO-data=544 RW-data=228 ZI-data=3660  
FromELF: creating hex file...
"..\OBJ\CYG8454_Switch_board.axf" - 0 Error(s), 3 Warning(s).

<h2>Collection of Component include folders:</h2>
  .\RTE\_CYG8454_SWB
  D:\software\Keil5\ARM\PACK\Keil\STM32F1xx_DFP\2.2.0\Device\Include

<h2>Collection of Component Files used:</h2>
Build Time Elapsed:  00:00:06
</pre>
</body>
</html>
