Component: ARM Compiler 5.06 update 4 (build 422) Tool: armlink [4d35d2]

==============================================================================

Section Cross References

    main.o(.text) refers to stm32f10x_rcc.o(.text) for RCC_APB1PeriphClockCmd
    main.o(.text) refers to stm32f10x_tim.o(.text) for TIM_TimeBaseInit
    main.o(.text) refers to misc.o(.text) for NVIC_SetVectorTable
    main.o(.text) refers to stm32f10x_flash.o(.text) for FLASH_PrefetchBufferCmd
    main.o(.text) refers to adc.o(.text) for ADC1_Init
    main.o(.text) refers to delay.o(.text) for delay_init
    main.o(.text) refers to config.o(.text) for GPIO_Config_Init
    main.o(.text) refers to timer.o(.text) for TIM3_Int_Init
    main.o(.text) refers to usart.o(.text) for Uart1_Init
    main.o(.text) refers to gpio.o(.text) for Gpio_int
    main.o(.text) refers to spi_driver.o(.text) for SPI1_Init
    main.o(.text) refers to w5500_conf.o(.text) for reset_w5500
    main.o(.text) refers to w5500.o(.text) for socket_buf_init
    main.o(.text) refers to printfa.o(i.__0printf) for __2printf
    main.o(.text) refers to w5500.o(.data) for rxsize
    system_stm32f10x.o(.text) refers to system_stm32f10x.o(.data) for SystemCoreClock
    app_cmd.o(.text) refers to w5500_conf.o(.text) for W5500_Tcp_Send
    app_cmd.o(.text) refers to stm32f10x_gpio.o(.text) for GPIO_ResetBits
    app_cmd.o(.text) refers to memseta.o(.text) for __aeabi_memclr4
    app_cmd.o(.text) refers to ffltui.o(.text) for __aeabi_ui2f
    app_cmd.o(.text) refers to fdiv.o(.text) for __aeabi_fdiv
    app_cmd.o(.text) refers to f2d.o(.text) for __aeabi_f2d
    app_cmd.o(.text) refers to dmul.o(.text) for __aeabi_dmul
    app_cmd.o(.text) refers to d2f.o(.text) for __aeabi_d2f
    app_cmd.o(.text) refers to printfa.o(i.__0sprintf) for __2sprintf
    app_cmd.o(.text) refers to delay.o(.text) for delay_ms
    app_cmd.o(.text) refers to cdrcmple.o(.text) for __aeabi_cdrcmple
    app_cmd.o(.text) refers to adc.o(.data) for ADC_ConvertedValue
    app_cmd.o(.text) refers to app_cmd.o(.data) for ADC_ConvertedValueLocal
    app_cmd.o(.text) refers to strlen.o(.text) for strlen
    app_cmd.o(.text) refers to atoi.o(.text) for atoi
    app_cmd.o(.text) refers to app_cmd.o(.bss) for RXbuff
    timer.o(.text) refers to stm32f10x_rcc.o(.text) for RCC_APB1PeriphClockCmd
    timer.o(.text) refers to stm32f10x_tim.o(.text) for TIM_TimeBaseInit
    timer.o(.text) refers to misc.o(.text) for NVIC_Init
    timer.o(.text) refers to stm32f10x_gpio.o(.text) for GPIO_WriteBit
    timer.o(.text) refers to timer.o(.data) for sys_flag
    adc.o(.text) refers to stm32f10x_rcc.o(.text) for RCC_AHBPeriphClockCmd
    adc.o(.text) refers to stm32f10x_gpio.o(.text) for GPIO_Init
    adc.o(.text) refers to stm32f10x_dma.o(.text) for DMA_DeInit
    adc.o(.text) refers to stm32f10x_adc.o(.text) for ADC_Init
    adc.o(.text) refers to adc.o(.data) for ADC_ConvertedValue
    socket.o(.text) refers to w5500_conf.o(.text) for W5500_Socket_WriteByte
    socket.o(.text) refers to w5500.o(.text) for getSn_IR
    socket.o(.text) refers to printfa.o(i.__0printf) for __2printf
    socket.o(.text) refers to w5500_conf.o(.data) for local_port
    w5500.o(.text) refers to w5500_conf.o(.text) for W5500_Socket_WriteByte
    w5500.o(.text) refers to printfa.o(i.__0printf) for __2printf
    w5500.o(.text) refers to w5500.o(.bss) for RSIZE
    w5500_conf.o(.text) refers to spi_driver.o(.text) for SPI1_Write_Reg
    w5500_conf.o(.text) refers to delay.o(.text) for delay_ms
    w5500_conf.o(.text) refers to gpio.o(.text) for PA2_Control
    w5500_conf.o(.text) refers to printfa.o(i.__0printf) for __2printf
    w5500_conf.o(.text) refers to w5500.o(.text) for setSUBR
    w5500_conf.o(.text) refers to socket.o(.text) for send
    w5500_conf.o(.text) refers to memcpya.o(.text) for __aeabi_memcpy
    w5500_conf.o(.text) refers to app_cmd.o(.text) for Process_Data
    w5500_conf.o(.text) refers to w5500_conf.o(.bss) for ConfigMsg
    w5500_conf.o(.text) refers to w5500_conf.o(.data) for mac
    w5500_conf.o(.text) refers to app_cmd.o(.bss) for RXbuff
    gpio.o(.text) refers to stm32f10x_gpio.o(.text) for GPIO_ResetBits
    gpio.o(.text) refers to stm32f10x_rcc.o(.text) for RCC_APB2PeriphClockCmd
    spi_driver.o(.text) refers to stm32f10x_gpio.o(.text) for GPIO_Init
    spi_driver.o(.text) refers to stm32f10x_rcc.o(.text) for RCC_APB2PeriphClockCmd
    spi_driver.o(.text) refers to stm32f10x_spi.o(.text) for SPI_Init
    delay.o(.text) refers to misc.o(.text) for SysTick_CLKSourceConfig
    delay.o(.text) refers to system_stm32f10x.o(.data) for SystemCoreClock
    delay.o(.text) refers to delay.o(.data) for fac_us
    config.o(.text) refers to stm32f10x_rcc.o(.text) for RCC_APB2PeriphClockCmd
    config.o(.text) refers to stm32f10x_gpio.o(.text) for GPIO_PinRemapConfig
    usart.o(.text) refers to stm32f10x_usart.o(.text) for USART_SendData
    usart.o(.text) refers to stm32f10x_rcc.o(.text) for RCC_APB2PeriphClockCmd
[...]
    ../clib/microlib/ctype/ctype.c           0x00000000   Number         0  isalnum_o.o ABSOLUTE
    ../clib/microlib/ctype/ctype.c           0x00000000   Number         0  isupper_o.o ABSOLUTE
    ../clib/microlib/ctype/ctype.c           0x00000000   Number         0  isalpha_o.o ABSOLUTE
    ../clib/microlib/ctype/ctype.c           0x00000000   Number         0  ctype_o.o ABSOLUTE
    ../clib/microlib/ctype/ctype.c           0x00000000   Number         0  isblank_o.o ABSOLUTE
    ../clib/microlib/ctype/ctype.c           0x00000000   Number         0  isspace_o.o ABSOLUTE
    ../clib/microlib/division.c              0x00000000   Number         0  uldiv.o ABSOLUTE
    ../clib/microlib/division.c              0x00000000   Number         0  uidiv.o ABSOLUTE
    ../clib/microlib/errno.c                 0x00000000   Number         0  errno.o ABSOLUTE
    ../clib/microlib/init/entry.s            0x00000000   Number         0  entry.o ABSOLUTE
    ../clib/microlib/init/entry.s            0x00000000   Number         0  entry2.o ABSOLUTE
    ../clib/microlib/init/entry.s            0x00000000   Number         0  entry7a.o ABSOLUTE
    ../clib/microlib/init/entry.s            0x00000000   Number         0  entry7b.o ABSOLUTE
    ../clib/microlib/init/entry.s            0x00000000   Number         0  entry8a.o ABSOLUTE
    ../clib/microlib/init/entry.s            0x00000000   Number         0  entry10b.o ABSOLUTE
    ../clib/microlib/init/entry.s            0x00000000   Number         0  entry8b.o ABSOLUTE
    ../clib/microlib/init/entry.s            0x00000000   Number         0  entry9a.o ABSOLUTE
    ../clib/microlib/init/entry.s            0x00000000   Number         0  entry9b.o ABSOLUTE
    ../clib/microlib/init/entry.s            0x00000000   Number         0  entry10a.o ABSOLUTE
    ../clib/microlib/init/entry.s            0x00000000   Number         0  entry11a.o ABSOLUTE
    ../clib/microlib/init/entry.s            0x00000000   Number         0  entry11b.o ABSOLUTE
    ../clib/microlib/init/entry.s            0x00000000   Number         0  entry5.o ABSOLUTE
    ../clib/microlib/longlong.c              0x00000000   Number         0  llsshr.o ABSOLUTE
    ../clib/microlib/longlong.c              0x00000000   Number         0  llushr.o ABSOLUTE
    ../clib/microlib/longlong.c              0x00000000   Number         0  llshl.o ABSOLUTE
    ../clib/microlib/printf/printf.c         0x00000000   Number         0  printf5.o ABSOLUTE
    ../clib/microlib/printf/printf.c         0x00000000   Number         0  printf7.o ABSOLUTE
    ../clib/microlib/printf/printf.c         0x00000000   Number         0  printf1.o ABSOLUTE
    ../clib/microlib/printf/printf.c         0x00000000   Number         0  printf8.o ABSOLUTE
    ../clib/microlib/printf/printf.c         0x00000000   Number         0  printf0.o ABSOLUTE
    ../clib/microlib/printf/printf.c         0x00000000   Number         0  printfa.o ABSOLUTE
    ../clib/microlib/printf/printf.c         0x00000000   Number         0  printfb.o ABSOLUTE
    ../clib/microlib/printf/printf.c         0x00000000   Number         0  printf6.o ABSOLUTE
    ../clib/microlib/printf/printf.c         0x00000000   Number         0  printf2.o ABSOLUTE
    ../clib/microlib/printf/printf.c         0x00000000   Number         0  printf3.o ABSOLUTE
    ../clib/microlib/printf/printf.c         0x00000000   Number         0  printf4.o ABSOLUTE
    ../clib/microlib/printf/stubs.s          0x00000000   Number         0  stubs.o ABSOLUTE
    ../clib/microlib/stdio/streams.c         0x00000000   Number         0  stdout.o ABSOLUTE
    ../clib/microlib/string/memcpy.c         0x00000000   Number         0  memcpyb.o ABSOLUTE
    ../clib/microlib/string/memcpy.c         0x00000000   Number         0  memcpya.o ABSOLUTE
    ../clib/microlib/string/memset.c         0x00000000   Number         0  memseta.o ABSOLUTE
    ../clib/microlib/string/strlen.c         0x00000000   Number         0  strlen.o ABSOLUTE
    ../clib/microlib/stubs.s                 0x00000000   Number         0  iusefp.o ABSOLUTE
    ../clib/scanf.c                          0x00000000   Number         0  atoi.o ABSOLUTE
    ../clib/scanf.c                          0x00000000   Number         0  _chval.o ABSOLUTE
    ../clib/scanf.c                          0x00000000   Number         0  _strtoul.o ABSOLUTE
    ../clib/scanf.c                          0x00000000   Number         0  strtol.o ABSOLUTE
    ../fplib/microlib/d2f.c                  0x00000000   Number         0  d2f.o ABSOLUTE
    ../fplib/microlib/f2d.c                  0x00000000   Number         0  f2d.o ABSOLUTE
    ../fplib/microlib/fpadd.c                0x00000000   Number         0  dadd.o ABSOLUTE
    ../fplib/microlib/fpdiv.c                0x00000000   Number         0  ddiv.o ABSOLUTE
    ../fplib/microlib/fpdiv.c                0x00000000   Number         0  fdiv.o ABSOLUTE
    ../fplib/microlib/fpepilogue.c           0x00000000   Number         0  depilogue.o ABSOLUTE
    ../fplib/microlib/fpepilogue.c           0x00000000   Number         0  fepilogue.o ABSOLUTE
    ../fplib/microlib/fpfix.c                0x00000000   Number         0  dfixul.o ABSOLUTE
    ../fplib/microlib/fpflt.c                0x00000000   Number         0  ffltui.o ABSOLUTE
    ../fplib/microlib/fpmul.c                0x00000000   Number         0  dmul.o ABSOLUTE
    ..\CORE\core_cm3.c                       0x00000000   Number         0  core_cm3.o ABSOLUTE
    ..\CORE\startup_stm32f10x_hd.s           0x00000000   Number         0  startup_stm32f10x_hd.o ABSOLUTE
    ..\HARDWARE\BSP_W5500\socket.c           0x00000000   Number         0  socket.o ABSOLUTE
    ..\HARDWARE\BSP_W5500\w5500.c            0x00000000   Number         0  w5500.o ABSOLUTE
    ..\HARDWARE\BSP_W5500\w5500_conf.c       0x00000000   Number         0  w5500_conf.o ABSOLUTE
    ..\HARDWARE\Gpio\Gpio.c                  0x00000000   Number         0  gpio.o ABSOLUTE
    ..\HARDWARE\SPI\SPI_Driver.c             0x00000000   Number         0  spi_driver.o ABSOLUTE
    ..\HARDWARE\TIMER\timer.c                0x00000000   Number         0  timer.o ABSOLUTE
    ..\HARDWARE\adc\adc.c                    0x00000000   Number         0  adc.o ABSOLUTE
    ..\HARDWARE\communite\App_cmd.c          0x00000000   Number         0  app_cmd.o ABSOLUTE
    ..\STM32F10x_FWLib\src\misc.c            0x00000000   Number         0  misc.o ABSOLUTE
    ..\STM32F10x_FWLib\src\stm32f10x_adc.c   0x00000000   Number         0  stm32f10x_adc.o ABSOLUTE
    ..\STM32F10x_FWLib\src\stm32f10x_dbgmcu.c 0x00000000   Number         0  stm32f10x_dbgmcu.o ABSOLUTE
    ..\STM32F10x_FWLib\src\stm32f10x_dma.c   0x00000000   Number         0  stm32f10x_dma.o ABSOLUTE
    ..\STM32F10x_FWLib\src\stm32f10x_exti.c  0x00000000   Number         0  stm32f10x_exti.o ABSOLUTE
    ..\STM32F10x_FWLib\src\stm32f10x_flash.c 0x00000000   Number         0  stm32f10x_flash.o ABSOLUTE
    ..\STM32F10x_FWLib\src\stm32f10x_gpio.c  0x00000000   Number         0  stm32f10x_gpio.o ABSOLUTE
    ..\STM32F10x_FWLib\src\stm32f10x_rcc.c   0x00000000   Number         0  stm32f10x_rcc.o ABSOLUTE
    ..\STM32F10x_FWLib\src\stm32f10x_spi.c   0x00000000   Number         0  stm32f10x_spi.o ABSOLUTE
    ..\STM32F10x_FWLib\src\stm32f10x_tim.c   0x00000000   Number         0  stm32f10x_tim.o ABSOLUTE
    ..\STM32F10x_FWLib\src\stm32f10x_usart.c 0x00000000   Number         0  stm32f10x_usart.o ABSOLUTE
    ..\SYSTEM\delay\delay.c                  0x00000000   Number         0  delay.o ABSOLUTE
    ..\SYSTEM\sys\sys.c                      0x00000000   Number         0  sys.o ABSOLUTE
    ..\SYSTEM\usart\Usart.c                  0x00000000   Number         0  usart.o ABSOLUTE
    ..\\CORE\\core_cm3.c                     0x00000000   Number         0  core_cm3.o ABSOLUTE
    ..\\SYSTEM\\sys\\sys.c                   0x00000000   Number         0  sys.o ABSOLUTE
    cdrcmple.s                               0x00000000   Number         0  cdrcmple.o ABSOLUTE
    config.c                                 0x00000000   Number         0  config.o ABSOLUTE
    dc.s                                     0x00000000   Number         0  dc.o ABSOLUTE
    handlers.s                               0x00000000   Number         0  handlers.o ABSOLUTE
    init.s                                   0x00000000   Number         0  init.o ABSOLUTE
    main.c                                   0x00000000   Number         0  main.o ABSOLUTE
    stm32f10x_it.c                           0x00000000   Number         0  stm32f10x_it.o ABSOLUTE
    system_stm32f10x.c                       0x00000000   Number         0  system_stm32f10x.o ABSOLUTE
    RESET                                    0x08000000   Section      304  startup_stm32f10x_hd.o(RESET)
    .ARM.Collect$$$$00000000                 0x08000130   Section        0  entry.o(.ARM.Collect$$$$00000000)
    .ARM.Collect$$$$00000001                 0x08000130   Section        4  entry2.o(.ARM.Collect$$$$00000001)
    .ARM.Collect$$$$00000004                 0x08000134   Section        4  entry5.o(.ARM.Collect$$$$00000004)
    .ARM.Collect$$$$00000008                 0x08000138   Section        0  entry7b.o(.ARM.Collect$$$$00000008)
    .ARM.Collect$$$$0000000A                 0x08000138   Section        0  entry8b.o(.ARM.Collect$$$$0000000A)
    .ARM.Collect$$$$0000000B                 0x08000138   Section        8  entry9a.o(.ARM.Collect$$$$0000000B)
    .ARM.Collect$$$$0000000D                 0x08000140   Section        0  entry10a.o(.ARM.Collect$$$$0000000D)
    .ARM.Collect$$$$0000000F                 0x08000140   Section        0  entry11a.o(.ARM.Collect$$$$0000000F)
    .ARM.Collect$$$$00002712                 0x08000140   Section        4  entry2.o(.ARM.Collect$$$$00002712)
    __lit__00000000                          0x08000140   Data           4  entry2.o(.ARM.Collect$$$$00002712)
    .text                                    0x08000144   Section        0  main.o(.text)
    .text                                    0x080002d8   Section        0  stm32f10x_it.o(.text)
    .text                                    0x080002f4   Section        0  system_stm32f10x.o(.text)
    SetSysClockTo72                          0x080002f5   Thumb Code   214  system_stm32f10x.o(.text)
    SetSysClock                              0x080003cb   Thumb Code     8  system_stm32f10x.o(.text)
    .text                                    0x080004d4   Section        0  app_cmd.o(.text)
    .text                                    0x080018d8   Section        0  timer.o(.text)
    .text                                    0x08001988   Section        0  adc.o(.text)
    ADC1_GPIO_Config                         0x08001989   Thumb Code    42  adc.o(.text)
    ADC1_Mode_Config                         0x080019b3   Thumb Code   210  adc.o(.text)
    .text                                    0x08001aa0   Section        0  socket.o(.text)
    .text                                    0x08002130   Section        0  w5500.o(.text)
    .text                                    0x0800256c   Section        0  w5500_conf.o(.text)
    .text                                    0x0800287c   Section        0  gpio.o(.text)
    .text                                    0x08002930   Section        0  spi_driver.o(.text)
    .text                                    0x08002d8c   Section        0  delay.o(.text)
    .text                                    0x08002e60   Section        0  config.o(.text)
    .text                                    0x08002f20   Section        0  usart.o(.text)
    .text                                    0x080031a0   Section       36  startup_stm32f10x_hd.o(.text)
    .text                                    0x080031c4   Section        0  misc.o(.text)
    .text                                    0x080032a0   Section        0  stm32f10x_gpio.o(.text)
    .text                                    0x080035fc   Section        0  stm32f10x_rcc.o(.text)
    .text                                    0x080039a0   Section        0  stm32f10x_tim.o(.text)
    TI4_Config                               0x08003e47   Thumb Code   130  stm32f10x_tim.o(.text)
    TI3_Config                               0x08003edb   Thumb Code   122  stm32f10x_tim.o(.text)
    TI2_Config                               0x08003f6f   Thumb Code   130  stm32f10x_tim.o(.text)
    TI1_Config                               0x08004003   Thumb Code   108  stm32f10x_tim.o(.text)
    .text                                    0x080047bc   Section        0  stm32f10x_usart.o(.text)
    .text                                    0x08004bc4   Section        0  stm32f10x_adc.o(.text)
    .text                                    0x08005014   Section        0  stm32f10x_spi.o(.text)
    .text                                    0x08005320   Section        0  stm32f10x_flash.o(.text)
    .text                                    0x080058dc   Section        0  stm32f10x_dma.o(.text)
    .text                                    0x08005b30   Section        0  memcpya.o(.text)
    .text                                    0x08005b54   Section        0  memseta.o(.text)
    .text                                    0x08005b78   Section        0  strlen.o(.text)
    .text                                    0x08005b86   Section        0  atoi.o(.text)
    .text                                    0x08005ba0   Section        0  fdiv.o(.text)
    .text                                    0x08005c1c   Section        0  dmul.o(.text)
    .text                                    0x08005d00   Section        0  ffltui.o(.text)
    .text                                    0x08005d0a   Section        0  f2d.o(.text)
    .text                                    0x08005d30   Section       48  cdrcmple.o(.text)
    .text                                    0x08005d60   Section        0  d2f.o(.text)
    .text                                    0x08005d98   Section        0  uidiv.o(.text)
    .text                                    0x08005dc4   Section        0  uldiv.o(.text)
    .text                                    0x08005e26   Section        0  strtol.o(.text)
    .text                                    0x08005e96   Section        0  iusefp.o(.text)
    .text                                    0x08005e96   Section        0  fepilogue.o(.text)
    .text                                    0x08005f04   Section        0  depilogue.o(.text)
    .text                                    0x08005fbe   Section        0  dadd.o(.text)
    .text                                    0x0800610c   Section        0  ddiv.o(.text)
    .text                                    0x080061ea   Section        0  dfixul.o(.text)
    .text                                    0x0800621c   Section       36  init.o(.text)
    .text                                    0x08006240   Section        0  llshl.o(.text)
    .text                                    0x0800625e   Section        0  llushr.o(.text)
    .text                                    0x0800627e   Section        0  llsshr.o(.text)
    .text                                    0x080062a4   Section        0  ctype_o.o(.text)
    .text                                    0x080062ac   Section        0  _strtoul.o(.text)
    .text                                    0x0800634a   Section        0  _chval.o(.text)
    .text                                    0x08006366   Section        0  __dczerorl2.o(.text)
    i.__0printf                              0x080063bc   Section        0  printfa.o(i.__0printf)
    i.__0sprintf                             0x080063dc   Section        0  printfa.o(i.__0sprintf)
    i.__aeabi_errno_addr                     0x08006404   Section        0  errno.o(i.__aeabi_errno_addr)
    i.__scatterload_copy                     0x0800640c   Section       14  handlers.o(i.__scatterload_copy)
    i.__scatterload_null                     0x0800641a   Section        2  handlers.o(i.__scatterload_null)
    i.__scatterload_zeroinit                 0x0800641c   Section       14  handlers.o(i.__scatterload_zeroinit)
    i._fp_digits                             0x0800642c   Section        0  printfa.o(i._fp_digits)
    _fp_digits                               0x0800642d   Thumb Code   366  printfa.o(i._fp_digits)
    i._printf_core                           0x080065b0   Section        0  printfa.o(i._printf_core)
    _printf_core                             0x080065b1   Thumb Code  1744  printfa.o(i._printf_core)
    i._printf_post_padding                   0x08006c8c   Section        0  printfa.o(i._printf_post_padding)
    _printf_post_padding                     0x08006c8d   Thumb Code    36  printfa.o(i._printf_post_padding)
    i._printf_pre_padding                    0x08006cb0   Section        0  printfa.o(i._printf_pre_padding)
    _printf_pre_padding                      0x08006cb1   Thumb Code    46  printfa.o(i._printf_pre_padding)
    i._sputc                                 0x08006cde   Section        0  printfa.o(i._sputc)
    _sputc                                   0x08006cdf   Thumb Code    10  printfa.o(i._sputc)
    .constdata                               0x08006ce8   Section      129  ctype_o.o(.constdata)
    .constdata                               0x08006d6c   Section        4  ctype_o.o(.constdata)
    table                                    0x08006d6c   Data           4  ctype_o.o(.constdata)
    .data                                    0x20000000   Section       20  system_stm32f10x.o(.data)
    .data                                    0x20000014   Section      216  app_cmd.o(.data)
    .data                                    0x200000ec   Section        4  timer.o(.data)
    .data                                    0x200000f0   Section        2  adc.o(.data)
    .data                                    0x200000f2   Section       16  w5500.o(.data)
    .data                                    0x20000104   Section       42  w5500_conf.o(.data)
    .data                                    0x2000012e   Section        4  delay.o(.data)
    fac_us                                   0x2000012e   Data           1  delay.o(.data)
    fac_ms                                   0x20000130   Data           2  delay.o(.data)
    .data                                    0x20000132   Section        2  usart.o(.data)
    .data                                    0x20000134   Section       20  stm32f10x_rcc.o(.data)
    APBAHBPrescTable                         0x20000134   Data          16  stm32f10x_rcc.o(.data)
    ADCPrescTable                            0x20000144   Data           4  stm32f10x_rcc.o(.data)
    .data                                    0x20000148   Section        4  stdout.o(.data)
    .data                                    0x2000014c   Section        4  errno.o(.data)
    _errno                                   0x2000014c   Data           4  errno.o(.data)
    .bss                                     0x20000150   Section      255  app_cmd.o(.bss)
    .bss                                     0x20000250   Section       32  w5500.o(.bss)
    .bss                                     0x20000270   Section     2094  w5500_conf.o(.bss)
    .bss                                     0x20000a9e   Section      510  usart.o(.bss)
    STACK                                    0x20000ca0   Section     1024  startup_stm32f10x_hd.o(STACK)

    Global Symbols

    Symbol Name                              Value     Ov Type        Size  Object(Section)

    BuildAttributes$$THM_ISAv4$P$D$K$B$S$PE$A:L22UL41UL21$X:L11$S22US41US21$IEEE1$IW$USESV6$~STKCKD$USESV7$~SHL$OTIME$ROPI$EBA8$MICROLIB$REQ8$PRES8$EABIv2 0x00000000   Number         0  anon$$obj.o ABSOLUTE
    __ARM_use_no_argv                        0x00000000   Number         0  main.o ABSOLUTE
    _printf_a                                0x00000000   Number         0  stubs.o ABSOLUTE
    _printf_c                                0x00000000   Number         0  stubs.o ABSOLUTE
    _printf_charcount                        0x00000000   Number         0  stubs.o ABSOLUTE
    _printf_d                                0x00000000   Number         0  stubs.o ABSOLUTE
    _printf_e                                0x00000000   Number         0  stubs.o ABSOLUTE
    _printf_f                                0x00000000   Number         0  stubs.o ABSOLUTE
    _printf_flags                            0x00000000   Number         0  stubs.o ABSOLUTE
    _printf_fp_dec                           0x00000000   Number         0  stubs.o ABSOLUTE
    _printf_fp_hex                           0x00000000   Number         0  stubs.o ABSOLUTE
    _printf_g                                0x00000000   Number         0  stubs.o ABSOLUTE
    _printf_i                                0x00000000   Number         0  stubs.o ABSOLUTE
    _printf_int_dec                          0x00000000   Number         0  stubs.o ABSOLUTE
    _printf_l                                0x00000000   Number         0  stubs.o ABSOLUTE
    _printf_lc                               0x00000000   Number         0  stubs.o ABSOLUTE
    _printf_ll                               0x00000000   Number         0  stubs.o ABSOLUTE
    _printf_lld                              0x00000000   Number         0  stubs.o ABSOLUTE
    _printf_lli                              0x00000000   Number         0  stubs.o ABSOLUTE
    _printf_llo                              0x00000000   Number         0  stubs.o ABSOLUTE
    _printf_llu                              0x00000000   Number         0  stubs.o ABSOLUTE
    _printf_llx                              0x00000000   Number         0  stubs.o ABSOLUTE
    _printf_longlong_dec                     0x00000000   Number         0  stubs.o ABSOLUTE
    _printf_longlong_hex                     0x00000000   Number         0  stubs.o ABSOLUTE
    _printf_longlong_oct                     0x00000000   Number         0  stubs.o ABSOLUTE
    _printf_ls                               0x00000000   Number         0  stubs.o ABSOLUTE
    _printf_mbtowc                           0x00000000   Number         0  stubs.o ABSOLUTE
    _printf_n                                0x00000000   Number         0  stubs.o ABSOLUTE
    _printf_o                                0x00000000   Number         0  stubs.o ABSOLUTE
    _printf_p                                0x00000000   Number         0  stubs.o ABSOLUTE
    _printf_percent                          0x00000000   Number         0  stubs.o ABSOLUTE
    _printf_pre_padding                      0x00000000   Number         0  stubs.o ABSOLUTE
    _printf_return_value                     0x00000000   Number         0  stubs.o ABSOLUTE
    _printf_s                                0x00000000   Number         0  stubs.o ABSOLUTE
    _printf_sizespec                         0x00000000   Number         0  stubs.o ABSOLUTE
    _printf_str                              0x00000000   Number         0  stubs.o ABSOLUTE
    _printf_truncate_signed                  0x00000000   Number         0  stubs.o ABSOLUTE
    _printf_truncate_unsigned                0x00000000   Number         0  stubs.o ABSOLUTE
    _printf_u                                0x00000000   Number         0  stubs.o ABSOLUTE
    _printf_wc                               0x00000000   Number         0  stubs.o ABSOLUTE
    _printf_wctomb                           0x00000000   Number         0  stubs.o ABSOLUTE
    _printf_widthprec                        0x00000000   Number         0  stubs.o ABSOLUTE
    _printf_x                                0x00000000   Number         0  stubs.o ABSOLUTE
    __cpp_initialize__aeabi_                  - Undefined Weak Reference
    __cxa_finalize                            - Undefined Weak Reference
    _clock_init                               - Undefined Weak Reference
    _microlib_exit                            - Undefined Weak Reference
    __Vectors_Size                           0x00000130   Number         0  startup_stm32f10x_hd.o ABSOLUTE
    __Vectors                                0x08000000   Data           4  startup_stm32f10x_hd.o(RESET)
    __Vectors_End                            0x08000130   Data           0  startup_stm32f10x_hd.o(RESET)
    __main                                   0x08000131   Thumb Code     0  entry.o(.ARM.Collect$$$$00000000)
    _main_stk                                0x08000131   Thumb Code     0  entry2.o(.ARM.Collect$$$$00000001)
    _main_scatterload                        0x08000135   Thumb Code     0  entry5.o(.ARM.Collect$$$$00000004)
    __main_after_scatterload                 0x08000139   Thumb Code     0  entry5.o(.ARM.Collect$$$$00000004)
    _main_clock                              0x08000139   Thumb Code     0  entry7b.o(.ARM.Collect$$$$00000008)
    _main_cpp_init                           0x08000139   Thumb Code     0  entry8b.o(.ARM.Collect$$$$0000000A)
    _main_init                               0x08000139   Thumb Code     0  entry9a.o(.ARM.Collect$$$$0000000B)
    __rt_final_cpp                           0x08000141   Thumb Code     0  entry10a.o(.ARM.Collect$$$$0000000D)
    __rt_final_exit                          0x08000141   Thumb Code     0  entry11a.o(.ARM.Collect$$$$0000000F)
    Timer2_Init_Config                       0x08000145   Thumb Code    64  main.o(.text)
    NVIC_Configuration                       0x08000185   Thumb Code    50  main.o(.text)
    RCC_Configuration                        0x080001b7   Thumb Code   122  main.o(.text)
    System_Initialization                    0x08000231   Thumb Code    16  main.o(.text)
    main                                     0x08000241   Thumb Code    98  main.o(.text)
    TIM2_IRQHandler                          0x080002a3   Thumb Code    24  main.o(.text)
    NMI_Handler                              0x080002d9   Thumb Code     2  stm32f10x_it.o(.text)
    HardFault_Handler                        0x080002db   Thumb Code     4  stm32f10x_it.o(.text)
    MemManage_Handler                        0x080002df   Thumb Code     4  stm32f10x_it.o(.text)
    BusFault_Handler                         0x080002e3   Thumb Code     4  stm32f10x_it.o(.text)
    UsageFault_Handler                       0x080002e7   Thumb Code     4  stm32f10x_it.o(.text)
    SVC_Handler                              0x080002eb   Thumb Code     2  stm32f10x_it.o(.text)
    DebugMon_Handler                         0x080002ed   Thumb Code     2  stm32f10x_it.o(.text)
    PendSV_Handler                           0x080002ef   Thumb Code     2  stm32f10x_it.o(.text)
    SysTick_Handler                          0x080002f1   Thumb Code     2  stm32f10x_it.o(.text)
    SystemInit                               0x080003d3   Thumb Code    78  system_stm32f10x.o(.text)
    SystemCoreClockUpdate                    0x08000421   Thumb Code   142  system_stm32f10x.o(.text)
    MessageSend                              0x080004d5   Thumb Code    16  app_cmd.o(.text)
    string_compare_len                       0x080004e5   Thumb Code    42  app_cmd.o(.text)
    string_compare                           0x0800050f   Thumb Code   112  app_cmd.o(.text)
    IOStateSet                               0x0800057f   Thumb Code  1414  app_cmd.o(.text)
    CHANNEL_SWITCH                           0x08000b05   Thumb Code   226  app_cmd.o(.text)
    Read_voltage                             0x08000be7   Thumb Code    94  app_cmd.o(.text)
    PIN_TEST                                 0x08000c45   Thumb Code   308  app_cmd.o(.text)
    PIN1_TEST                                0x08000d79   Thumb Code   306  app_cmd.o(.text)
    PIN2_TEST                                0x08000eab   Thumb Code   482  app_cmd.o(.text)
    PIN3_TEST                                0x0800108d   Thumb Code   306  app_cmd.o(.text)
    PIN4_TEST                                0x080011bf   Thumb Code   300  app_cmd.o(.text)
    Reset                                    0x080012eb   Thumb Code   312  app_cmd.o(.text)
    CharToInteger                            0x08001423   Thumb Code    72  app_cmd.o(.text)
    CMD_IO_Write                             0x0800146b   Thumb Code   220  app_cmd.o(.text)
    CMD_IO_Write1                            0x08001547   Thumb Code   256  app_cmd.o(.text)
    DataCMP                                  0x08001647   Thumb Code   148  app_cmd.o(.text)
    Process_Data                             0x080016db   Thumb Code   438  app_cmd.o(.text)
    TIM3_Int_Init                            0x080018d9   Thumb Code    88  timer.o(.text)
    TIM3_IRQHandler                          0x08001931   Thumb Code    76  timer.o(.text)
    ADC1_Init                                0x08001a85   Thumb Code    12  adc.o(.text)
    close                                    0x08001aa1   Thumb Code    52  socket.o(.text)
    socket                                   0x08001ad5   Thumb Code   192  socket.o(.text)
    listen                                   0x08001b95   Thumb Code    62  socket.o(.text)
    connect                                  0x08001bd3   Thumb Code   248  socket.o(.text)
    disconnect                               0x08001ccb   Thumb Code    38  socket.o(.text)
    send                                     0x08001cf1   Thumb Code   216  socket.o(.text)
    recv                                     0x08001dc9   Thumb Code    66  socket.o(.text)
    sendto                                   0x08001e0b   Thumb Code   268  socket.o(.text)
    recvfrom                                 0x08001f17   Thumb Code   514  socket.o(.text)
    setMR                                    0x08002131   Thumb Code    14  w5500.o(.text)
    iinchip_init                             0x0800213f   Thumb Code    10  w5500.o(.text)
    getIINCHIP_RxMAX                         0x08002149   Thumb Code    10  w5500.o(.text)
    getIINCHIP_TxMAX                         0x08002153   Thumb Code    10  w5500.o(.text)
    setGAR                                   0x0800215d   Thumb Code    16  w5500.o(.text)
    getGAR                                   0x0800216d   Thumb Code    16  w5500.o(.text)
    setSUBR                                  0x0800217d   Thumb Code    18  w5500.o(.text)
    setSHAR                                  0x0800218f   Thumb Code    18  w5500.o(.text)
    setSIPR                                  0x080021a1   Thumb Code    18  w5500.o(.text)
    getSUBR                                  0x080021b3   Thumb Code    18  w5500.o(.text)
    getSHAR                                  0x080021c5   Thumb Code    18  w5500.o(.text)
    getSIPR                                  0x080021d7   Thumb Code    18  w5500.o(.text)
    getIR                                    0x080021e9   Thumb Code    12  w5500.o(.text)
    setRTR                                   0x080021f5   Thumb Code    26  w5500.o(.text)
    setRCR                                   0x0800220f   Thumb Code    16  w5500.o(.text)
    clearIR                                  0x0800221f   Thumb Code    26  w5500.o(.text)
    setSn_MSS                                0x08002239   Thumb Code    36  w5500.o(.text)
    setSn_TTL                                0x0800225d   Thumb Code    22  w5500.o(.text)
    getSn_IR                                 0x08002273   Thumb Code    18  w5500.o(.text)
    setSn_IR                                 0x08002285   Thumb Code    22  w5500.o(.text)
    getSn_SR                                 0x0800229b   Thumb Code    18  w5500.o(.text)
    getSn_TX_FSR                             0x080022ad   Thumb Code    84  w5500.o(.text)
    getSn_RX_RSR                             0x08002301   Thumb Code    84  w5500.o(.text)
    send_data_processing                     0x08002355   Thumb Code   116  w5500.o(.text)
    recv_data_processing                     0x080023c9   Thumb Code   116  w5500.o(.text)
    socket_buf_init                          0x0800243d   Thumb Code   128  w5500.o(.text)
    getPHYStatus                             0x080024bd   Thumb Code    12  w5500.o(.text)
    PHY_check                                0x080024c9   Thumb Code    56  w5500.o(.text)
    W5500_SPI_Write                          0x0800256d   Thumb Code    58  w5500_conf.o(.text)
    W5500_SPI_Read                           0x080025a7   Thumb Code    54  w5500_conf.o(.text)
    W5500_Delay                              0x080025dd   Thumb Code    12  w5500_conf.o(.text)
    reset_w5500                              0x080025e9   Thumb Code    30  w5500_conf.o(.text)
    set_w5500_ip                             0x08002607   Thumb Code   166  w5500_conf.o(.text)
    set_w5500_mac                            0x080026ad   Thumb Code    20  w5500_conf.o(.text)
    W5500_Socket_WriteByte                   0x080026c1   Thumb Code    16  w5500_conf.o(.text)
    W5500_Socket_ReadByte                    0x080026d1   Thumb Code    20  w5500_conf.o(.text)
    W5500_Tcp_Send                           0x080026e5   Thumb Code    24  w5500_conf.o(.text)
    do_tcp_server                            0x080026fd   Thumb Code   206  w5500_conf.o(.text)
    PA3_Control                              0x0800287d   Thumb Code    26  gpio.o(.text)
    PA2_Control                              0x08002897   Thumb Code    26  gpio.o(.text)
    Gpio_int                                 0x080028b1   Thumb Code    86  gpio.o(.text)
    PB13_Control                             0x08002907   Thumb Code    30  gpio.o(.text)
    SPI1_CS_Init                             0x08002931   Thumb Code    38  spi_driver.o(.text)
    SPI1_Init                                0x08002957   Thumb Code   160  spi_driver.o(.text)
    SPI1_CS_Ctr                              0x080029f7   Thumb Code    34  spi_driver.o(.text)
    SPI1_Write                               0x08002a19   Thumb Code   134  spi_driver.o(.text)
    SPI1_Read                                0x08002a9f   Thumb Code   144  spi_driver.o(.text)
    SPI1_WriteRead                           0x08002b2f   Thumb Code   156  spi_driver.o(.text)
    SPI1_Write_Reg                           0x08002bcb   Thumb Code   194  spi_driver.o(.text)
    SPI1_WriteRead_T2R                       0x08002c8d   Thumb Code   252  spi_driver.o(.text)
    delay_init                               0x08002d8d   Thumb Code    50  delay.o(.text)
    delay_us                                 0x08002dbf   Thumb Code    72  delay.o(.text)
    delay_ms                                 0x08002e07   Thumb Code    72  delay.o(.text)
    GPIO_Config_Init                         0x08002e61   Thumb Code   176  config.o(.text)
    fputc                                    0x08002f21   Thumb Code    36  usart.o(.text)
    Uart1_GpioInit                           0x08002f45   Thumb Code    62  usart.o(.text)
    Uart1_DmaInit                            0x08002f83   Thumb Code   122  usart.o(.text)
    Uart1_Init                               0x08002ffd   Thumb Code   124  usart.o(.text)
    Uart1_SendString                         0x08003079   Thumb Code    40  usart.o(.text)
    Uart1_SendByte                           0x080030a1   Thumb Code    28  usart.o(.text)
    Uart1_SendArray                          0x080030bd   Thumb Code    50  usart.o(.text)
    USART1_IRQHandler                        0x080030ef   Thumb Code   132  usart.o(.text)
    Reset_Handler                            0x080031a1   Thumb Code     8  startup_stm32f10x_hd.o(.text)
    ADC1_2_IRQHandler                        0x080031bb   Thumb Code     0  startup_stm32f10x_hd.o(.text)
    ADC3_IRQHandler                          0x080031bb   Thumb Code     0  startup_stm32f10x_hd.o(.text)
    CAN1_RX1_IRQHandler                      0x080031bb   Thumb Code     0  startup_stm32f10x_hd.o(.text)
    CAN1_SCE_IRQHandler                      0x080031bb   Thumb Code     0  startup_stm32f10x_hd.o(.text)
    DMA1_Channel1_IRQHandler                 0x080031bb   Thumb Code     0  startup_stm32f10x_hd.o(.text)
    DMA1_Channel2_IRQHandler                 0x080031bb   Thumb Code     0  startup_stm32f10x_hd.o(.text)
    DMA1_Channel3_IRQHandler                 0x080031bb   Thumb Code     0  startup_stm32f10x_hd.o(.text)
    DMA1_Channel4_IRQHandler                 0x080031bb   Thumb Code     0  startup_stm32f10x_hd.o(.text)
    DMA1_Channel5_IRQHandler                 0x080031bb   Thumb Code     0  startup_stm32f10x_hd.o(.text)
    DMA1_Channel6_IRQHandler                 0x080031bb   Thumb Code     0  startup_stm32f10x_hd.o(.text)
    DMA1_Channel7_IRQHandler                 0x080031bb   Thumb Code     0  startup_stm32f10x_hd.o(.text)
    DMA2_Channel1_IRQHandler                 0x080031bb   Thumb Code     0  startup_stm32f10x_hd.o(.text)
    DMA2_Channel2_IRQHandler                 0x080031bb   Thumb Code     0  startup_stm32f10x_hd.o(.text)
    DMA2_Channel3_IRQHandler                 0x080031bb   Thumb Code     0  startup_stm32f10x_hd.o(.text)
    DMA2_Channel4_5_IRQHandler               0x080031bb   Thumb Code     0  startup_stm32f10x_hd.o(.text)
    EXTI0_IRQHandler                         0x080031bb   Thumb Code     0  startup_stm32f10x_hd.o(.text)
    EXTI15_10_IRQHandler                     0x080031bb   Thumb Code     0  startup_stm32f10x_hd.o(.text)
    EXTI1_IRQHandler                         0x080031bb   Thumb Code     0  startup_stm32f10x_hd.o(.text)
    EXTI2_IRQHandler                         0x080031bb   Thumb Code     0  startup_stm32f10x_hd.o(.text)
    EXTI3_IRQHandler                         0x080031bb   Thumb Code     0  startup_stm32f10x_hd.o(.text)
    EXTI4_IRQHandler                         0x080031bb   Thumb Code     0  startup_stm32f10x_hd.o(.text)
    EXTI9_5_IRQHandler                       0x080031bb   Thumb Code     0  startup_stm32f10x_hd.o(.text)
    FLASH_IRQHandler                         0x080031bb   Thumb Code     0  startup_stm32f10x_hd.o(.text)
    FSMC_IRQHandler                          0x080031bb   Thumb Code     0  startup_stm32f10x_hd.o(.text)
    I2C1_ER_IRQHandler                       0x080031bb   Thumb Code     0  startup_stm32f10x_hd.o(.text)
    I2C1_EV_IRQHandler                       0x080031bb   Thumb Code     0  startup_stm32f10x_hd.o(.text)
    I2C2_ER_IRQHandler                       0x080031bb   Thumb Code     0  startup_stm32f10x_hd.o(.text)
    I2C2_EV_IRQHandler                       0x080031bb   Thumb Code     0  startup_stm32f10x_hd.o(.text)
    PVD_IRQHandler                           0x080031bb   Thumb Code     0  startup_stm32f10x_hd.o(.text)
    RCC_IRQHandler                           0x080031bb   Thumb Code     0  startup_stm32f10x_hd.o(.text)
    RTCAlarm_IRQHandler                      0x080031bb   Thumb Code     0  startup_stm32f10x_hd.o(.text)
    RTC_IRQHandler                           0x080031bb   Thumb Code     0  startup_stm32f10x_hd.o(.text)
    SDIO_IRQHandler                          0x080031bb   Thumb Code     0  startup_stm32f10x_hd.o(.text)
    SPI1_IRQHandler                          0x080031bb   Thumb Code     0  startup_stm32f10x_hd.o(.text)
    SPI2_IRQHandler                          0x080031bb   Thumb Code     0  startup_stm32f10x_hd.o(.text)
    SPI3_IRQHandler                          0x080031bb   Thumb Code     0  startup_stm32f10x_hd.o(.text)
    TAMPER_IRQHandler                        0x080031bb   Thumb Code     0  startup_stm32f10x_hd.o(.text)
    TIM1_BRK_IRQHandler                      0x080031bb   Thumb Code     0  startup_stm32f10x_hd.o(.text)
    TIM1_CC_IRQHandler                       0x080031bb   Thumb Code     0  startup_stm32f10x_hd.o(.text)
    TIM1_TRG_COM_IRQHandler                  0x080031bb   Thumb Code     0  startup_stm32f10x_hd.o(.text)
    TIM1_UP_IRQHandler                       0x080031bb   Thumb Code     0  startup_stm32f10x_hd.o(.text)
    TIM4_IRQHandler                          0x080031bb   Thumb Code     0  startup_stm32f10x_hd.o(.text)
    TIM5_IRQHandler                          0x080031bb   Thumb Code     0  startup_stm32f10x_hd.o(.text)
    TIM6_IRQHandler                          0x080031bb   Thumb Code     0  startup_stm32f10x_hd.o(.text)
    TIM7_IRQHandler                          0x080031bb   Thumb Code     0  startup_stm32f10x_hd.o(.text)
    TIM8_BRK_IRQHandler                      0x080031bb   Thumb Code     0  startup_stm32f10x_hd.o(.text)
    TIM8_CC_IRQHandler                       0x080031bb   Thumb Code     0  startup_stm32f10x_hd.o(.text)
    TIM8_TRG_COM_IRQHandler                  0x080031bb   Thumb Code     0  startup_stm32f10x_hd.o(.text)
    TIM8_UP_IRQHandler                       0x080031bb   Thumb Code     0  startup_stm32f10x_hd.o(.text)
    UART4_IRQHandler                         0x080031bb   Thumb Code     0  startup_stm32f10x_hd.o(.text)
    UART5_IRQHandler                         0x080031bb   Thumb Code     0  startup_stm32f10x_hd.o(.text)
    USART2_IRQHandler                        0x080031bb   Thumb Code     0  startup_stm32f10x_hd.o(.text)
    USART3_IRQHandler                        0x080031bb   Thumb Code     0  startup_stm32f10x_hd.o(.text)
    USBWakeUp_IRQHandler                     0x080031bb   Thumb Code     0  startup_stm32f10x_hd.o(.text)
    USB_HP_CAN1_TX_IRQHandler                0x080031bb   Thumb Code     0  startup_stm32f10x_hd.o(.text)
    USB_LP_CAN1_RX0_IRQHandler               0x080031bb   Thumb Code     0  startup_stm32f10x_hd.o(.text)
    WWDG_IRQHandler                          0x080031bb   Thumb Code     0  startup_stm32f10x_hd.o(.text)
    NVIC_PriorityGroupConfig                 0x080031c5   Thumb Code    10  misc.o(.text)
    NVIC_Init                                0x080031cf   Thumb Code   100  misc.o(.text)
    NVIC_SetVectorTable                      0x08003233   Thumb Code    14  misc.o(.text)
    NVIC_SystemLPConfig                      0x08003241   Thumb Code    34  misc.o(.text)
    SysTick_CLKSourceConfig                  0x08003263   Thumb Code    40  misc.o(.text)
    GPIO_DeInit                              0x080032a1   Thumb Code   172  stm32f10x_gpio.o(.text)
    GPIO_AFIODeInit                          0x0800334d   Thumb Code    20  stm32f10x_gpio.o(.text)
    GPIO_Init                                0x08003361   Thumb Code   278  stm32f10x_gpio.o(.text)
    GPIO_StructInit                          0x08003477   Thumb Code    16  stm32f10x_gpio.o(.text)
    GPIO_ReadInputDataBit                    0x08003487   Thumb Code    18  stm32f10x_gpio.o(.text)
    GPIO_ReadInputData                       0x08003499   Thumb Code     8  stm32f10x_gpio.o(.text)
    GPIO_ReadOutputDataBit                   0x080034a1   Thumb Code    18  stm32f10x_gpio.o(.text)
    GPIO_ReadOutputData                      0x080034b3   Thumb Code     8  stm32f10x_gpio.o(.text)
    GPIO_SetBits                             0x080034bb   Thumb Code     4  stm32f10x_gpio.o(.text)
    GPIO_ResetBits                           0x080034bf   Thumb Code     4  stm32f10x_gpio.o(.text)
    GPIO_WriteBit                            0x080034c3   Thumb Code    10  stm32f10x_gpio.o(.text)
    GPIO_Write                               0x080034cd   Thumb Code     4  stm32f10x_gpio.o(.text)
    GPIO_PinLockConfig                       0x080034d1   Thumb Code    18  stm32f10x_gpio.o(.text)
    GPIO_EventOutputConfig                   0x080034e3   Thumb Code    26  stm32f10x_gpio.o(.text)
    GPIO_EventOutputCmd                      0x080034fd   Thumb Code     6  stm32f10x_gpio.o(.text)
    GPIO_PinRemapConfig                      0x08003503   Thumb Code   138  stm32f10x_gpio.o(.text)
    GPIO_EXTILineConfig                      0x0800358d   Thumb Code    66  stm32f10x_gpio.o(.text)
    GPIO_ETH_MediaInterfaceConfig            0x080035cf   Thumb Code     8  stm32f10x_gpio.o(.text)
    RCC_DeInit                               0x080035fd   Thumb Code    64  stm32f10x_rcc.o(.text)
    RCC_HSEConfig                            0x0800363d   Thumb Code    70  stm32f10x_rcc.o(.text)
    RCC_GetFlagStatus                        0x08003683   Thumb Code    56  stm32f10x_rcc.o(.text)
    RCC_WaitForHSEStartUp                    0x080036bb   Thumb Code    56  stm32f10x_rcc.o(.text)
    RCC_AdjustHSICalibrationValue            0x080036f3   Thumb Code    20  stm32f10x_rcc.o(.text)
    RCC_HSICmd                               0x08003707   Thumb Code     6  stm32f10x_rcc.o(.text)
    RCC_PLLConfig                            0x0800370d   Thumb Code    24  stm32f10x_rcc.o(.text)
    RCC_PLLCmd                               0x08003725   Thumb Code     6  stm32f10x_rcc.o(.text)
    RCC_SYSCLKConfig                         0x0800372b   Thumb Code    18  stm32f10x_rcc.o(.text)
    RCC_GetSYSCLKSource                      0x0800373d   Thumb Code    10  stm32f10x_rcc.o(.text)
    RCC_HCLKConfig                           0x08003747   Thumb Code    18  stm32f10x_rcc.o(.text)
    RCC_PCLK1Config                          0x08003759   Thumb Code    18  stm32f10x_rcc.o(.text)
    RCC_PCLK2Config                          0x0800376b   Thumb Code    20  stm32f10x_rcc.o(.text)
    RCC_ITConfig                             0x0800377f   Thumb Code    26  stm32f10x_rcc.o(.text)
    RCC_USBCLKConfig                         0x08003799   Thumb Code     8  stm32f10x_rcc.o(.text)
    RCC_ADCCLKConfig                         0x080037a1   Thumb Code    18  stm32f10x_rcc.o(.text)
    RCC_LSEConfig                            0x080037b3   Thumb Code    50  stm32f10x_rcc.o(.text)
    RCC_LSICmd                               0x080037e5   Thumb Code     6  stm32f10x_rcc.o(.text)
    RCC_RTCCLKConfig                         0x080037eb   Thumb Code    12  stm32f10x_rcc.o(.text)
    RCC_RTCCLKCmd                            0x080037f7   Thumb Code     8  stm32f10x_rcc.o(.text)
    RCC_GetClocksFreq                        0x080037ff   Thumb Code   192  stm32f10x_rcc.o(.text)
    RCC_AHBPeriphClockCmd                    0x080038bf   Thumb Code    26  stm32f10x_rcc.o(.text)
    RCC_APB2PeriphClockCmd                   0x080038d9   Thumb Code    26  stm32f10x_rcc.o(.text)
    RCC_APB1PeriphClockCmd                   0x080038f3   Thumb Code    26  stm32f10x_rcc.o(.text)
    RCC_APB2PeriphResetCmd                   0x0800390d   Thumb Code    26  stm32f10x_rcc.o(.text)
    RCC_APB1PeriphResetCmd                   0x08003927   Thumb Code    26  stm32f10x_rcc.o(.text)
    RCC_BackupResetCmd                       0x08003941   Thumb Code     8  stm32f10x_rcc.o(.text)
    RCC_ClockSecuritySystemCmd               0x08003949   Thumb Code     6  stm32f10x_rcc.o(.text)
    RCC_MCOConfig                            0x0800394f   Thumb Code     6  stm32f10x_rcc.o(.text)
    RCC_ClearFlag                            0x08003955   Thumb Code    14  stm32f10x_rcc.o(.text)
    RCC_GetITStatus                          0x08003963   Thumb Code    20  stm32f10x_rcc.o(.text)
    RCC_ClearITPendingBit                    0x08003977   Thumb Code     6  stm32f10x_rcc.o(.text)
    TIM_DeInit                               0x080039a1   Thumb Code   424  stm32f10x_tim.o(.text)
    TIM_TimeBaseInit                         0x08003b49   Thumb Code   122  stm32f10x_tim.o(.text)
    TIM_OC1Init                              0x08003bc3   Thumb Code   132  stm32f10x_tim.o(.text)
    TIM_OC2Init                              0x08003c47   Thumb Code   154  stm32f10x_tim.o(.text)
    TIM_OC3Init                              0x08003ce1   Thumb Code   150  stm32f10x_tim.o(.text)
    TIM_OC4Init                              0x08003d77   Thumb Code   182  stm32f10x_tim.o(.text)
    TIM_SetIC4Prescaler                      0x08003e2d   Thumb Code    26  stm32f10x_tim.o(.text)
    TIM_SetIC3Prescaler                      0x08003ec9   Thumb Code    18  stm32f10x_tim.o(.text)
    TIM_SetIC2Prescaler                      0x08003f55   Thumb Code    26  stm32f10x_tim.o(.text)
    TIM_SetIC1Prescaler                      0x08003ff1   Thumb Code    18  stm32f10x_tim.o(.text)
    TIM_ICInit                               0x0800406f   Thumb Code   150  stm32f10x_tim.o(.text)
    TIM_PWMIConfig                           0x08004105   Thumb Code   124  stm32f10x_tim.o(.text)
    TIM_BDTRConfig                           0x08004181   Thumb Code    32  stm32f10x_tim.o(.text)
    TIM_TimeBaseStructInit                   0x080041a1   Thumb Code    18  stm32f10x_tim.o(.text)
    TIM_OCStructInit                         0x080041b3   Thumb Code    20  stm32f10x_tim.o(.text)
    TIM_ICStructInit                         0x080041c7   Thumb Code    18  stm32f10x_tim.o(.text)
    TIM_BDTRStructInit                       0x080041d9   Thumb Code    40  stm32f10x_tim.o(.text)
    TIM_Cmd                                  0x08004201   Thumb Code    24  stm32f10x_tim.o(.text)
    TIM_CtrlPWMOutputs                       0x08004219   Thumb Code    30  stm32f10x_tim.o(.text)
    TIM_ITConfig                             0x08004237   Thumb Code    18  stm32f10x_tim.o(.text)
    TIM_GenerateEvent                        0x08004249   Thumb Code     4  stm32f10x_tim.o(.text)
    TIM_DMAConfig                            0x0800424d   Thumb Code    10  stm32f10x_tim.o(.text)
    TIM_DMACmd                               0x08004257   Thumb Code    18  stm32f10x_tim.o(.text)
    TIM_InternalClockConfig                  0x08004269   Thumb Code    12  stm32f10x_tim.o(.text)
    TIM_SelectInputTrigger                   0x08004275   Thumb Code    18  stm32f10x_tim.o(.text)
    TIM_ITRxExternalClockConfig              0x08004287   Thumb Code    24  stm32f10x_tim.o(.text)
    TIM_TIxExternalClockConfig               0x0800429f   Thumb Code    62  stm32f10x_tim.o(.text)
    TIM_ETRConfig                            0x080042dd   Thumb Code    28  stm32f10x_tim.o(.text)
    TIM_ETRClockMode1Config                  0x080042f9   Thumb Code    54  stm32f10x_tim.o(.text)
    TIM_ETRClockMode2Config                  0x0800432f   Thumb Code    32  stm32f10x_tim.o(.text)
    TIM_PrescalerConfig                      0x0800434f   Thumb Code     6  stm32f10x_tim.o(.text)
    TIM_CounterModeConfig                    0x08004355   Thumb Code    18  stm32f10x_tim.o(.text)
    TIM_EncoderInterfaceConfig               0x08004367   Thumb Code    66  stm32f10x_tim.o(.text)
    TIM_ForcedOC1Config                      0x080043a9   Thumb Code    18  stm32f10x_tim.o(.text)
    TIM_ForcedOC2Config                      0x080043bb   Thumb Code    26  stm32f10x_tim.o(.text)
    TIM_ForcedOC3Config                      0x080043d5   Thumb Code    18  stm32f10x_tim.o(.text)
    TIM_ForcedOC4Config                      0x080043e7   Thumb Code    26  stm32f10x_tim.o(.text)
    TIM_ARRPreloadConfig                     0x08004401   Thumb Code    24  stm32f10x_tim.o(.text)
    TIM_SelectCOM                            0x08004419   Thumb Code    24  stm32f10x_tim.o(.text)
    TIM_SelectCCDMA                          0x08004431   Thumb Code    24  stm32f10x_tim.o(.text)
    TIM_CCPreloadControl                     0x08004449   Thumb Code    24  stm32f10x_tim.o(.text)
    TIM_OC1PreloadConfig                     0x08004461   Thumb Code    18  stm32f10x_tim.o(.text)
    TIM_OC2PreloadConfig                     0x08004473   Thumb Code    26  stm32f10x_tim.o(.text)
    TIM_OC3PreloadConfig                     0x0800448d   Thumb Code    18  stm32f10x_tim.o(.text)
    TIM_OC4PreloadConfig                     0x0800449f   Thumb Code    26  stm32f10x_tim.o(.text)
    TIM_OC1FastConfig                        0x080044b9   Thumb Code    18  stm32f10x_tim.o(.text)
    TIM_OC2FastConfig                        0x080044cb   Thumb Code    26  stm32f10x_tim.o(.text)
    TIM_OC3FastConfig                        0x080044e5   Thumb Code    18  stm32f10x_tim.o(.text)
    TIM_OC4FastConfig                        0x080044f7   Thumb Code    26  stm32f10x_tim.o(.text)
    TIM_ClearOC1Ref                          0x08004511   Thumb Code    18  stm32f10x_tim.o(.text)
    TIM_ClearOC2Ref                          0x08004523   Thumb Code    24  stm32f10x_tim.o(.text)
    TIM_ClearOC3Ref                          0x0800453b   Thumb Code    18  stm32f10x_tim.o(.text)
    TIM_ClearOC4Ref                          0x0800454d   Thumb Code    24  stm32f10x_tim.o(.text)
    TIM_OC1PolarityConfig                    0x08004565   Thumb Code    18  stm32f10x_tim.o(.text)
    TIM_OC1NPolarityConfig                   0x08004577   Thumb Code    18  stm32f10x_tim.o(.text)
    TIM_OC2PolarityConfig                    0x08004589   Thumb Code    26  stm32f10x_tim.o(.text)
    TIM_OC2NPolarityConfig                   0x080045a3   Thumb Code    26  stm32f10x_tim.o(.text)
    TIM_OC3PolarityConfig                    0x080045bd   Thumb Code    26  stm32f10x_tim.o(.text)
    TIM_OC3NPolarityConfig                   0x080045d7   Thumb Code    26  stm32f10x_tim.o(.text)
    TIM_OC4PolarityConfig                    0x080045f1   Thumb Code    26  stm32f10x_tim.o(.text)
    TIM_CCxCmd                               0x0800460b   Thumb Code    30  stm32f10x_tim.o(.text)
    TIM_CCxNCmd                              0x08004629   Thumb Code    30  stm32f10x_tim.o(.text)
    TIM_SelectOCxM                           0x08004647   Thumb Code    82  stm32f10x_tim.o(.text)
    TIM_UpdateDisableConfig                  0x08004699   Thumb Code    24  stm32f10x_tim.o(.text)
    TIM_UpdateRequestConfig                  0x080046b1   Thumb Code    24  stm32f10x_tim.o(.text)
    TIM_SelectHallSensor                     0x080046c9   Thumb Code    24  stm32f10x_tim.o(.text)
    TIM_SelectOnePulseMode                   0x080046e1   Thumb Code    18  stm32f10x_tim.o(.text)
    TIM_SelectOutputTrigger                  0x080046f3   Thumb Code    18  stm32f10x_tim.o(.text)
    TIM_SelectSlaveMode                      0x08004705   Thumb Code    18  stm32f10x_tim.o(.text)
    TIM_SelectMasterSlaveMode                0x08004717   Thumb Code    18  stm32f10x_tim.o(.text)
    TIM_SetCounter                           0x08004729   Thumb Code     4  stm32f10x_tim.o(.text)
    TIM_SetAutoreload                        0x0800472d   Thumb Code     4  stm32f10x_tim.o(.text)
    TIM_SetCompare1                          0x08004731   Thumb Code     4  stm32f10x_tim.o(.text)
    TIM_SetCompare2                          0x08004735   Thumb Code     4  stm32f10x_tim.o(.text)
    TIM_SetCompare3                          0x08004739   Thumb Code     4  stm32f10x_tim.o(.text)
    TIM_SetCompare4                          0x0800473d   Thumb Code     6  stm32f10x_tim.o(.text)
    TIM_SetClockDivision                     0x08004743   Thumb Code    18  stm32f10x_tim.o(.text)
    TIM_GetCapture1                          0x08004755   Thumb Code     6  stm32f10x_tim.o(.text)
    TIM_GetCapture2                          0x0800475b   Thumb Code     6  stm32f10x_tim.o(.text)
    TIM_GetCapture3                          0x08004761   Thumb Code     6  stm32f10x_tim.o(.text)
    TIM_GetCapture4                          0x08004767   Thumb Code     8  stm32f10x_tim.o(.text)
    TIM_GetCounter                           0x0800476f   Thumb Code     6  stm32f10x_tim.o(.text)
    TIM_GetPrescaler                         0x08004775   Thumb Code     6  stm32f10x_tim.o(.text)
    TIM_GetFlagStatus                        0x0800477b   Thumb Code    18  stm32f10x_tim.o(.text)
    TIM_ClearFlag                            0x0800478d   Thumb Code     6  stm32f10x_tim.o(.text)
    TIM_GetITStatus                          0x08004793   Thumb Code    34  stm32f10x_tim.o(.text)
    TIM_ClearITPendingBit                    0x080047b5   Thumb Code     6  stm32f10x_tim.o(.text)
    USART_DeInit                             0x080047bd   Thumb Code   134  stm32f10x_usart.o(.text)
    USART_Init                               0x08004843   Thumb Code   210  stm32f10x_usart.o(.text)
    USART_StructInit                         0x08004915   Thumb Code    24  stm32f10x_usart.o(.text)
    USART_ClockInit                          0x0800492d   Thumb Code    34  stm32f10x_usart.o(.text)
    USART_ClockStructInit                    0x0800494f   Thumb Code    12  stm32f10x_usart.o(.text)
    USART_Cmd                                0x0800495b   Thumb Code    24  stm32f10x_usart.o(.text)
    USART_ITConfig                           0x08004973   Thumb Code    74  stm32f10x_usart.o(.text)
    USART_DMACmd                             0x080049bd   Thumb Code    18  stm32f10x_usart.o(.text)
    USART_SetAddress                         0x080049cf   Thumb Code    18  stm32f10x_usart.o(.text)
    USART_WakeUpConfig                       0x080049e1   Thumb Code    18  stm32f10x_usart.o(.text)
    USART_ReceiverWakeUpCmd                  0x080049f3   Thumb Code    24  stm32f10x_usart.o(.text)
    USART_LINBreakDetectLengthConfig         0x08004a0b   Thumb Code    18  stm32f10x_usart.o(.text)
    USART_LINCmd                             0x08004a1d   Thumb Code    24  stm32f10x_usart.o(.text)
    USART_SendData                           0x08004a35   Thumb Code     8  stm32f10x_usart.o(.text)
    USART_ReceiveData                        0x08004a3d   Thumb Code    10  stm32f10x_usart.o(.text)
    USART_SendBreak                          0x08004a47   Thumb Code    10  stm32f10x_usart.o(.text)
    USART_SetGuardTime                       0x08004a51   Thumb Code    16  stm32f10x_usart.o(.text)
    USART_SetPrescaler                       0x08004a61   Thumb Code    16  stm32f10x_usart.o(.text)
    USART_SmartCardCmd                       0x08004a71   Thumb Code    24  stm32f10x_usart.o(.text)
    USART_SmartCardNACKCmd                   0x08004a89   Thumb Code    24  stm32f10x_usart.o(.text)
    USART_HalfDuplexCmd                      0x08004aa1   Thumb Code    24  stm32f10x_usart.o(.text)
    USART_OverSampling8Cmd                   0x08004ab9   Thumb Code    22  stm32f10x_usart.o(.text)
    USART_OneBitMethodCmd                    0x08004acf   Thumb Code    24  stm32f10x_usart.o(.text)
    USART_IrDAConfig                         0x08004ae7   Thumb Code    18  stm32f10x_usart.o(.text)
    USART_IrDACmd                            0x08004af9   Thumb Code    24  stm32f10x_usart.o(.text)
    USART_GetFlagStatus                      0x08004b11   Thumb Code    26  stm32f10x_usart.o(.text)
    USART_ClearFlag                          0x08004b2b   Thumb Code    18  stm32f10x_usart.o(.text)
    USART_GetITStatus                        0x08004b3d   Thumb Code    84  stm32f10x_usart.o(.text)
    USART_ClearITPendingBit                  0x08004b91   Thumb Code    52  stm32f10x_usart.o(.text)
    ADC_DeInit                               0x08004bc5   Thumb Code    78  stm32f10x_adc.o(.text)
    ADC_Init                                 0x08004c13   Thumb Code    70  stm32f10x_adc.o(.text)
    ADC_StructInit                           0x08004c59   Thumb Code    18  stm32f10x_adc.o(.text)
    ADC_Cmd                                  0x08004c6b   Thumb Code    22  stm32f10x_adc.o(.text)
    ADC_DMACmd                               0x08004c81   Thumb Code    22  stm32f10x_adc.o(.text)
    ADC_ITConfig                             0x08004c97   Thumb Code    24  stm32f10x_adc.o(.text)
    ADC_ResetCalibration                     0x08004caf   Thumb Code    10  stm32f10x_adc.o(.text)
    ADC_GetResetCalibrationStatus            0x08004cb9   Thumb Code    20  stm32f10x_adc.o(.text)
    ADC_StartCalibration                     0x08004ccd   Thumb Code    10  stm32f10x_adc.o(.text)
    ADC_GetCalibrationStatus                 0x08004cd7   Thumb Code    20  stm32f10x_adc.o(.text)
    ADC_SoftwareStartConvCmd                 0x08004ceb   Thumb Code    22  stm32f10x_adc.o(.text)
    ADC_GetSoftwareStartConvStatus           0x08004d01   Thumb Code    20  stm32f10x_adc.o(.text)
    ADC_DiscModeChannelCountConfig           0x08004d15   Thumb Code    24  stm32f10x_adc.o(.text)
    ADC_DiscModeCmd                          0x08004d2d   Thumb Code    22  stm32f10x_adc.o(.text)
    ADC_RegularChannelConfig                 0x08004d43   Thumb Code   184  stm32f10x_adc.o(.text)
    ADC_ExternalTrigConvCmd                  0x08004dfb   Thumb Code    22  stm32f10x_adc.o(.text)
    ADC_GetConversionValue                   0x08004e11   Thumb Code     8  stm32f10x_adc.o(.text)
    ADC_GetDualModeConversionValue           0x08004e19   Thumb Code     8  stm32f10x_adc.o(.text)
    ADC_AutoInjectedConvCmd                  0x08004e21   Thumb Code    22  stm32f10x_adc.o(.text)
    ADC_InjectedDiscModeCmd                  0x08004e37   Thumb Code    22  stm32f10x_adc.o(.text)
    ADC_ExternalTrigInjectedConvConfig       0x08004e4d   Thumb Code    16  stm32f10x_adc.o(.text)
    ADC_ExternalTrigInjectedConvCmd          0x08004e5d   Thumb Code    22  stm32f10x_adc.o(.text)
    ADC_SoftwareStartInjectedConvCmd         0x08004e73   Thumb Code    22  stm32f10x_adc.o(.text)
    ADC_GetSoftwareStartInjectedConvCmdStatus 0x08004e89   Thumb Code    20  stm32f10x_adc.o(.text)
    ADC_InjectedChannelConfig                0x08004e9d   Thumb Code   130  stm32f10x_adc.o(.text)
    ADC_InjectedSequencerLengthConfig        0x08004f1f   Thumb Code    24  stm32f10x_adc.o(.text)
    ADC_SetInjectedOffset                    0x08004f37   Thumb Code    20  stm32f10x_adc.o(.text)
    ADC_GetInjectedConversionValue           0x08004f4b   Thumb Code    28  stm32f10x_adc.o(.text)
    ADC_AnalogWatchdogCmd                    0x08004f67   Thumb Code    16  stm32f10x_adc.o(.text)
    ADC_AnalogWatchdogThresholdsConfig       0x08004f77   Thumb Code     6  stm32f10x_adc.o(.text)
    ADC_AnalogWatchdogSingleChannelConfig    0x08004f7d   Thumb Code    16  stm32f10x_adc.o(.text)
    ADC_TempSensorVrefintCmd                 0x08004f8d   Thumb Code    64  stm32f10x_adc.o(.text)
    ADC_GetFlagStatus                        0x08004fcd   Thumb Code    18  stm32f10x_adc.o(.text)
    ADC_ClearFlag                            0x08004fdf   Thumb Code     6  stm32f10x_adc.o(.text)
    ADC_GetITStatus                          0x08004fe5   Thumb Code    36  stm32f10x_adc.o(.text)
    ADC_ClearITPendingBit                    0x08005009   Thumb Code    10  stm32f10x_adc.o(.text)
    SPI_I2S_DeInit                           0x08005015   Thumb Code    76  stm32f10x_spi.o(.text)
    SPI_Init                                 0x08005061   Thumb Code    60  stm32f10x_spi.o(.text)
    I2S_Init                                 0x0800509d   Thumb Code   226  stm32f10x_spi.o(.text)
    SPI_StructInit                           0x0800517f   Thumb Code    24  stm32f10x_spi.o(.text)
    I2S_StructInit                           0x08005197   Thumb Code    20  stm32f10x_spi.o(.text)
    SPI_Cmd                                  0x080051ab   Thumb Code    24  stm32f10x_spi.o(.text)
    I2S_Cmd                                  0x080051c3   Thumb Code    24  stm32f10x_spi.o(.text)
    SPI_I2S_ITConfig                         0x080051db   Thumb Code    32  stm32f10x_spi.o(.text)
    SPI_I2S_DMACmd                           0x080051fb   Thumb Code    18  stm32f10x_spi.o(.text)
    SPI_I2S_SendData                         0x0800520d   Thumb Code     4  stm32f10x_spi.o(.text)
    SPI_I2S_ReceiveData                      0x08005211   Thumb Code     6  stm32f10x_spi.o(.text)
    SPI_NSSInternalSoftwareConfig            0x08005217   Thumb Code    30  stm32f10x_spi.o(.text)
    SPI_SSOutputCmd                          0x08005235   Thumb Code    24  stm32f10x_spi.o(.text)
    SPI_DataSizeConfig                       0x0800524d   Thumb Code    18  stm32f10x_spi.o(.text)
    SPI_TransmitCRC                          0x0800525f   Thumb Code    10  stm32f10x_spi.o(.text)
    SPI_CalculateCRC                         0x08005269   Thumb Code    24  stm32f10x_spi.o(.text)
    SPI_GetCRC                               0x08005281   Thumb Code    16  stm32f10x_spi.o(.text)
    SPI_GetCRCPolynomial                     0x08005291   Thumb Code     6  stm32f10x_spi.o(.text)
    SPI_BiDirectionalLineConfig              0x08005297   Thumb Code    28  stm32f10x_spi.o(.text)
    SPI_I2S_GetFlagStatus                    0x080052b3   Thumb Code    18  stm32f10x_spi.o(.text)
    SPI_I2S_ClearFlag                        0x080052c5   Thumb Code     6  stm32f10x_spi.o(.text)
    SPI_I2S_GetITStatus                      0x080052cb   Thumb Code    52  stm32f10x_spi.o(.text)
    SPI_I2S_ClearITPendingBit                0x080052ff   Thumb Code    20  stm32f10x_spi.o(.text)
    FLASH_SetLatency                         0x08005321   Thumb Code    18  stm32f10x_flash.o(.text)
    FLASH_HalfCycleAccessCmd                 0x08005333   Thumb Code    22  stm32f10x_flash.o(.text)
    FLASH_PrefetchBufferCmd                  0x08005349   Thumb Code    22  stm32f10x_flash.o(.text)
    FLASH_Unlock                             0x0800535f   Thumb Code    12  stm32f10x_flash.o(.text)
    FLASH_UnlockBank1                        0x0800536b   Thumb Code    12  stm32f10x_flash.o(.text)
    FLASH_Lock                               0x08005377   Thumb Code    14  stm32f10x_flash.o(.text)
    FLASH_LockBank1                          0x08005385   Thumb Code    14  stm32f10x_flash.o(.text)
    FLASH_GetBank1Status                     0x08005393   Thumb Code    48  stm32f10x_flash.o(.text)
    FLASH_WaitForLastOperation               0x080053c3   Thumb Code    38  stm32f10x_flash.o(.text)
    FLASH_ErasePage                          0x080053e9   Thumb Code    72  stm32f10x_flash.o(.text)
    FLASH_EraseAllPages                      0x08005431   Thumb Code    68  stm32f10x_flash.o(.text)
    FLASH_WaitForLastBank1Operation          0x08005475   Thumb Code    38  stm32f10x_flash.o(.text)
    FLASH_EraseAllBank1Pages                 0x0800549b   Thumb Code    68  stm32f10x_flash.o(.text)
    FLASH_GetReadOutProtectionStatus         0x080054df   Thumb Code    20  stm32f10x_flash.o(.text)
    FLASH_EraseOptionBytes                   0x080054f3   Thumb Code   150  stm32f10x_flash.o(.text)
    FLASH_ProgramWord                        0x08005589   Thumb Code   102  stm32f10x_flash.o(.text)
    FLASH_ProgramHalfWord                    0x080055ef   Thumb Code    60  stm32f10x_flash.o(.text)
    FLASH_ProgramOptionByteData              0x0800562b   Thumb Code    72  stm32f10x_flash.o(.text)
    FLASH_EnableWriteProtection              0x08005673   Thumb Code   200  stm32f10x_flash.o(.text)
    FLASH_ReadOutProtection                  0x0800573b   Thumb Code   156  stm32f10x_flash.o(.text)
    FLASH_UserOptionByteConfig               0x080057d7   Thumb Code    88  stm32f10x_flash.o(.text)
    FLASH_GetUserOptionByte                  0x0800582f   Thumb Code     8  stm32f10x_flash.o(.text)
    FLASH_GetWriteProtectionOptionByte       0x08005837   Thumb Code     6  stm32f10x_flash.o(.text)
    FLASH_GetPrefetchBufferStatus            0x0800583d   Thumb Code    20  stm32f10x_flash.o(.text)
    FLASH_ITConfig                           0x08005851   Thumb Code    26  stm32f10x_flash.o(.text)
    FLASH_GetFlagStatus                      0x0800586b   Thumb Code    42  stm32f10x_flash.o(.text)
    FLASH_ClearFlag                          0x08005895   Thumb Code     6  stm32f10x_flash.o(.text)
    FLASH_GetStatus                          0x0800589b   Thumb Code    48  stm32f10x_flash.o(.text)
    DMA_DeInit                               0x080058dd   Thumb Code   324  stm32f10x_dma.o(.text)
    DMA_Init                                 0x08005a21   Thumb Code    60  stm32f10x_dma.o(.text)
    DMA_StructInit                           0x08005a5d   Thumb Code    26  stm32f10x_dma.o(.text)
    DMA_Cmd                                  0x08005a77   Thumb Code    24  stm32f10x_dma.o(.text)
    DMA_ITConfig                             0x08005a8f   Thumb Code    18  stm32f10x_dma.o(.text)
    DMA_SetCurrDataCounter                   0x08005aa1   Thumb Code     4  stm32f10x_dma.o(.text)
    DMA_GetCurrDataCounter                   0x08005aa5   Thumb Code     8  stm32f10x_dma.o(.text)
    DMA_GetFlagStatus                        0x08005aad   Thumb Code    40  stm32f10x_dma.o(.text)
    DMA_ClearFlag                            0x08005ad5   Thumb Code    22  stm32f10x_dma.o(.text)
    DMA_GetITStatus                          0x08005aeb   Thumb Code    40  stm32f10x_dma.o(.text)
    DMA_ClearITPendingBit                    0x08005b13   Thumb Code    22  stm32f10x_dma.o(.text)
    __aeabi_memcpy                           0x08005b31   Thumb Code    36  memcpya.o(.text)
    __aeabi_memcpy4                          0x08005b31   Thumb Code     0  memcpya.o(.text)
    __aeabi_memcpy8                          0x08005b31   Thumb Code     0  memcpya.o(.text)
    __aeabi_memset                           0x08005b55   Thumb Code    14  memseta.o(.text)
    __aeabi_memset4                          0x08005b55   Thumb Code     0  memseta.o(.text)
    __aeabi_memset8                          0x08005b55   Thumb Code     0  memseta.o(.text)
    __aeabi_memclr                           0x08005b63   Thumb Code     4  memseta.o(.text)
    __aeabi_memclr4                          0x08005b63   Thumb Code     0  memseta.o(.text)
    __aeabi_memclr8                          0x08005b63   Thumb Code     0  memseta.o(.text)
    _memset$wrapper                          0x08005b67   Thumb Code    18  memseta.o(.text)
    strlen                                   0x08005b79   Thumb Code    14  strlen.o(.text)
    atoi                                     0x08005b87   Thumb Code    26  atoi.o(.text)
    __aeabi_fdiv                             0x08005ba1   Thumb Code   124  fdiv.o(.text)
    __aeabi_dmul                             0x08005c1d   Thumb Code   228  dmul.o(.text)
    __aeabi_ui2f                             0x08005d01   Thumb Code    10  ffltui.o(.text)
    __aeabi_f2d                              0x08005d0b   Thumb Code    38  f2d.o(.text)
    __aeabi_cdrcmple                         0x08005d31   Thumb Code    48  cdrcmple.o(.text)
    __aeabi_d2f                              0x08005d61   Thumb Code    56  d2f.o(.text)
    __aeabi_uidiv                            0x08005d99   Thumb Code     0  uidiv.o(.text)
    __aeabi_uidivmod                         0x08005d99   Thumb Code    44  uidiv.o(.text)
    __aeabi_uldivmod                         0x08005dc5   Thumb Code    98  uldiv.o(.text)
    strtol                                   0x08005e27   Thumb Code   112  strtol.o(.text)
    __I$use$fp                               0x08005e97   Thumb Code     0  iusefp.o(.text)
    _float_round                             0x08005e97   Thumb Code    18  fepilogue.o(.text)
    _float_epilogue                          0x08005ea9   Thumb Code    92  fepilogue.o(.text)
    _double_round                            0x08005f05   Thumb Code    30  depilogue.o(.text)
    _double_epilogue                         0x08005f23   Thumb Code   156  depilogue.o(.text)
    __aeabi_dadd                             0x08005fbf   Thumb Code   322  dadd.o(.text)
    __aeabi_dsub                             0x08006101   Thumb Code     6  dadd.o(.text)
    __aeabi_drsub                            0x08006107   Thumb Code     6  dadd.o(.text)
    __aeabi_ddiv                             0x0800610d   Thumb Code   222  ddiv.o(.text)
    __aeabi_d2ulz                            0x080061eb   Thumb Code    48  dfixul.o(.text)
    __scatterload                            0x0800621d   Thumb Code    28  init.o(.text)
    __scatterload_rt2                        0x0800621d   Thumb Code     0  init.o(.text)
    __aeabi_llsl                             0x08006241   Thumb Code    30  llshl.o(.text)
    _ll_shift_l                              0x08006241   Thumb Code     0  llshl.o(.text)
    __aeabi_llsr                             0x0800625f   Thumb Code    32  llushr.o(.text)
    _ll_ushift_r                             0x0800625f   Thumb Code     0  llushr.o(.text)
    __aeabi_lasr                             0x0800627f   Thumb Code    36  llsshr.o(.text)
    _ll_sshift_r                             0x0800627f   Thumb Code     0  llsshr.o(.text)
    __rt_ctype_table                         0x080062a5   Thumb Code     4  ctype_o.o(.text)
    _strtoul                                 0x080062ad   Thumb Code   158  _strtoul.o(.text)
    _chval                                   0x0800634b   Thumb Code    28  _chval.o(.text)
    __decompress                             0x08006367   Thumb Code     0  __dczerorl2.o(.text)
    __decompress1                            0x08006367   Thumb Code    86  __dczerorl2.o(.text)
    __0printf                                0x080063bd   Thumb Code    22  printfa.o(i.__0printf)
    __1printf                                0x080063bd   Thumb Code     0  printfa.o(i.__0printf)
    __2printf                                0x080063bd   Thumb Code     0  printfa.o(i.__0printf)
    __c89printf                              0x080063bd   Thumb Code     0  printfa.o(i.__0printf)
    printf                                   0x080063bd   Thumb Code     0  printfa.o(i.__0printf)
    __0sprintf                               0x080063dd   Thumb Code    34  printfa.o(i.__0sprintf)
    __1sprintf                               0x080063dd   Thumb Code     0  printfa.o(i.__0sprintf)
    __2sprintf                               0x080063dd   Thumb Code     0  printfa.o(i.__0sprintf)
    __c89sprintf                             0x080063dd   Thumb Code     0  printfa.o(i.__0sprintf)
    sprintf                                  0x080063dd   Thumb Code     0  printfa.o(i.__0sprintf)
    __aeabi_errno_addr                       0x08006405   Thumb Code     4  errno.o(i.__aeabi_errno_addr)
    __rt_errno_addr                          0x08006405   Thumb Code     0  errno.o(i.__aeabi_errno_addr)
    __scatterload_copy                       0x0800640d   Thumb Code    14  handlers.o(i.__scatterload_copy)
    __scatterload_null                       0x0800641b   Thumb Code     2  handlers.o(i.__scatterload_null)
    __scatterload_zeroinit                   0x0800641d   Thumb Code    14  handlers.o(i.__scatterload_zeroinit)
    __ctype_table                            0x08006ce8   Data         129  ctype_o.o(.constdata)
    Region$$Table$$Base                      0x08006d70   Number         0  anon$$obj.o(Region$$Table)
    Region$$Table$$Limit                     0x08006d90   Number         0  anon$$obj.o(Region$$Table)
    SystemCoreClock                          0x20000000   Data           4  system_stm32f10x.o(.data)
    AHBPrescTable                            0x20000004   Data          16  system_stm32f10x.o(.data)
    BitSet                                   0x20000014   Data          34  app_cmd.o(.data)
    Help                                     0x20000036   Data           7  app_cmd.o(.data)
    Version                                  0x2000003d   Data          10  app_cmd.o(.data)
    PinOneSet                                0x20000047   Data          15  app_cmd.o(.data)
    PinTwoSet                                0x20000056   Data          15  app_cmd.o(.data)
    PinThreeSet                              0x20000065   Data          17  app_cmd.o(.data)
    PinFourSet                               0x20000076   Data          16  app_cmd.o(.data)
    PinTest                                  0x20000086   Data          11  app_cmd.o(.data)
    Resetall                                 0x20000091   Data           8  app_cmd.o(.data)
    Flexswitch                               0x20000099   Data          17  app_cmd.o(.data)
    error                                    0x200000aa   Data          48  app_cmd.o(.data)
    Dir_flg                                  0x200000da   Data          11  app_cmd.o(.data)
    ADC_ConvertedValueLocal                  0x200000e8   Data           4  app_cmd.o(.data)
    sys_flag                                 0x200000ec   Data           4  timer.o(.data)
    ADC_ConvertedValue                       0x200000f0   Data           2  adc.o(.data)
    txsize                                   0x200000f2   Data           8  w5500.o(.data)
    rxsize                                   0x200000fa   Data           8  w5500.o(.data)
    mac                                      0x20000104   Data           6  w5500_conf.o(.data)
    local_ip                                 0x2000010a   Data           4  w5500_conf.o(.data)
    subnet                                   0x2000010e   Data           4  w5500_conf.o(.data)
    gateway                                  0x20000112   Data           4  w5500_conf.o(.data)
    dns_server                               0x20000116   Data           4  w5500_conf.o(.data)
    local_port                               0x2000011a   Data           2  w5500_conf.o(.data)
    remote_ip                                0x2000011c   Data           4  w5500_conf.o(.data)
    remote_port                              0x20000120   Data           2  w5500_conf.o(.data)
    ip_from                                  0x20000122   Data           1  w5500_conf.o(.data)
    dhcp_ok                                  0x20000123   Data           1  w5500_conf.o(.data)
    ms                                       0x20000124   Data           4  w5500_conf.o(.data)
    dhcp_time                                0x20000128   Data           4  w5500_conf.o(.data)
    ntptimer                                 0x2000012c   Data           1  w5500_conf.o(.data)
    gSocketNum                               0x2000012d   Data           1  w5500_conf.o(.data)
    Uart1RxFlag                              0x20000132   Data           1  usart.o(.data)
    Uart1Len                                 0x20000133   Data           1  usart.o(.data)
    __stdout                                 0x20000148   Data           4  stdout.o(.data)
    RXbuff                                   0x20000150   Data         255  app_cmd.o(.bss)
    SSIZE                                    0x20000250   Data          16  w5500.o(.bss)
    RSIZE                                    0x20000260   Data          16  w5500.o(.bss)
    ConfigMsg                                0x20000270   Data          28  w5500_conf.o(.bss)
    EEPROM_MSG                               0x2000028c   Data          18  w5500_conf.o(.bss)
    buff                                     0x2000029e   Data        2048  w5500_conf.o(.bss)
    RX1buff                                  0x20000a9e   Data         255  usart.o(.bss)
    DMARxBuff                                0x20000b9d   Data         255  usart.o(.bss)
    __initial_sp                             0x200010a0   Data           0  startup_stm32f10x_hd.o(STACK)



==============================================================================

Memory Map of the image

  Image Entry point : 0x08000131

  Load Region LR_IROM1 (Base: 0x08000000, Size: 0x00006ee0, Max: 0x00080000, ABSOLUTE, COMPRESSED[0x00006e70])

    Execution Region ER_IROM1 (Base: 0x08000000, Size: 0x00006d90, Max: 0x00080000, ABSOLUTE)

    Base Addr    Size         Type   Attr      Idx    E Section Name        Object

    0x08000000   0x00000130   Data   RO          461    RESET               startup_stm32f10x_hd.o
    0x08000130   0x00000000   Code   RO          600  * .ARM.Collect$$$$00000000  mc_w.l(entry.o)
    0x08000130   0x00000004   Code   RO          886    .ARM.Collect$$$$00000001  mc_w.l(entry2.o)
    0x08000134   0x00000004   Code   RO          889    .ARM.Collect$$$$00000004  mc_w.l(entry5.o)
    0x08000138   0x00000000   Code   RO          891    .ARM.Collect$$$$00000008  mc_w.l(entry7b.o)
    0x08000138   0x00000000   Code   RO          893    .ARM.Collect$$$$0000000A  mc_w.l(entry8b.o)
    0x08000138   0x00000008   Code   RO          894    .ARM.Collect$$$$0000000B  mc_w.l(entry9a.o)
    0x08000140   0x00000000   Code   RO          896    .ARM.Collect$$$$0000000D  mc_w.l(entry10a.o)
    0x08000140   0x00000000   Code   RO          898    .ARM.Collect$$$$0000000F  mc_w.l(entry11a.o)
    0x08000140   0x00000004   Code   RO          887    .ARM.Collect$$$$00002712  mc_w.l(entry2.o)
    0x08000144   0x00000194   Code   RO            1    .text               main.o
    0x080002d8   0x0000001a   Code   RO          156    .text               stm32f10x_it.o
    0x080002f2   0x00000002   PAD
    0x080002f4   0x000001e0   Code   RO          197    .text               system_stm32f10x.o
    0x080004d4   0x00001404   Code   RO          215    .text               app_cmd.o
    0x080018d8   0x000000b0   Code   RO          252    .text               timer.o
    0x08001988   0x00000118   Code   RO          267    .text               adc.o
    0x08001aa0   0x00000690   Code   RO          285    .text               socket.o
    0x08002130   0x0000043c   Code   RO          312    .text               w5500.o
    0x0800256c   0x00000310   Code   RO          334    .text               w5500_conf.o
    0x0800287c   0x000000b4   Code   RO          360    .text               gpio.o
    0x08002930   0x0000045c   Code   RO          375    .text               spi_driver.o
    0x08002d8c   0x000000d4   Code   RO          387    .text               delay.o
    0x08002e60   0x000000c0   Code   RO          418    .text               config.o
    0x08002f20   0x00000280   Code   RO          430    .text               usart.o
    0x080031a0   0x00000024   Code   RO          462    .text               startup_stm32f10x_hd.o
    0x080031c4   0x000000dc   Code   RO          466    .text               misc.o
    0x080032a0   0x0000035c   Code   RO          478    .text               stm32f10x_gpio.o
    0x080035fc   0x000003a4   Code   RO          490    .text               stm32f10x_rcc.o
    0x080039a0   0x00000e1a   Code   RO          504    .text               stm32f10x_tim.o
    0x080047ba   0x00000002   PAD
    0x080047bc   0x00000408   Code   RO          516    .text               stm32f10x_usart.o
    0x08004bc4   0x0000044e   Code   RO          528    .text               stm32f10x_adc.o
    0x08005012   0x00000002   PAD
    0x08005014   0x0000030c   Code   RO          564    .text               stm32f10x_spi.o
    0x08005320   0x000005bc   Code   RO          576    .text               stm32f10x_flash.o
    0x080058dc   0x00000254   Code   RO          588    .text               stm32f10x_dma.o
    0x08005b30   0x00000024   Code   RO          603    .text               mc_w.l(memcpya.o)
    0x08005b54   0x00000024   Code   RO          605    .text               mc_w.l(memseta.o)
    0x08005b78   0x0000000e   Code   RO          607    .text               mc_w.l(strlen.o)
    0x08005b86   0x0000001a   Code   RO          872    .text               mc_w.l(atoi.o)
    0x08005ba0   0x0000007c   Code   RO          874    .text               mf_w.l(fdiv.o)
    0x08005c1c   0x000000e4   Code   RO          876    .text               mf_w.l(dmul.o)
    0x08005d00   0x0000000a   Code   RO          878    .text               mf_w.l(ffltui.o)
    0x08005d0a   0x00000026   Code   RO          880    .text               mf_w.l(f2d.o)
    0x08005d30   0x00000030   Code   RO          882    .text               mf_w.l(cdrcmple.o)
    0x08005d60   0x00000038   Code   RO          884    .text               mf_w.l(d2f.o)
    0x08005d98   0x0000002c   Code   RO          901    .text               mc_w.l(uidiv.o)
    0x08005dc4   0x00000062   Code   RO          903    .text               mc_w.l(uldiv.o)
    0x08005e26   0x00000070   Code   RO          912    .text               mc_w.l(strtol.o)
    0x08005e96   0x00000000   Code   RO          914    .text               mc_w.l(iusefp.o)
    0x08005e96   0x0000006e   Code   RO          915    .text               mf_w.l(fepilogue.o)
    0x08005f04   0x000000ba   Code   RO          917    .text               mf_w.l(depilogue.o)
    0x08005fbe   0x0000014e   Code   RO          919    .text               mf_w.l(dadd.o)
    0x0800610c   0x000000de   Code   RO          921    .text               mf_w.l(ddiv.o)
    0x080061ea   0x00000030   Code   RO          923    .text               mf_w.l(dfixul.o)
    0x0800621a   0x00000002   PAD
    0x0800621c   0x00000024   Code   RO          925    .text               mc_w.l(init.o)
    0x08006240   0x0000001e   Code   RO          927    .text               mc_w.l(llshl.o)
    0x0800625e   0x00000020   Code   RO          929    .text               mc_w.l(llushr.o)
    0x0800627e   0x00000024   Code   RO          931    .text               mc_w.l(llsshr.o)
    0x080062a2   0x00000002   PAD
    0x080062a4   0x00000008   Code   RO          933    .text               mc_w.l(ctype_o.o)
    0x080062ac   0x0000009e   Code   RO          961    .text               mc_w.l(_strtoul.o)
    0x0800634a   0x0000001c   Code   RO          963    .text               mc_w.l(_chval.o)
    0x08006366   0x00000056   Code   RO          973    .text               mc_w.l(__dczerorl2.o)
    0x080063bc   0x00000020   Code   RO          844    i.__0printf         mc_w.l(printfa.o)
    0x080063dc   0x00000028   Code   RO          846    i.__0sprintf        mc_w.l(printfa.o)
    0x08006404   0x00000008   Code   RO          905    i.__aeabi_errno_addr  mc_w.l(errno.o)
    0x0800640c   0x0000000e   Code   RO          967    i.__scatterload_copy  mc_w.l(handlers.o)
    0x0800641a   0x00000002   Code   RO          968    i.__scatterload_null  mc_w.l(handlers.o)
    0x0800641c   0x0000000e   Code   RO          969    i.__scatterload_zeroinit  mc_w.l(handlers.o)
    0x0800642a   0x00000002   PAD
    0x0800642c   0x00000184   Code   RO          851    i._fp_digits        mc_w.l(printfa.o)
    0x080065b0   0x000006dc   Code   RO          852    i._printf_core      mc_w.l(printfa.o)
    0x08006c8c   0x00000024   Code   RO          853    i._printf_post_padding  mc_w.l(printfa.o)
    0x08006cb0   0x0000002e   Code   RO          854    i._printf_pre_padding  mc_w.l(printfa.o)
    0x08006cde   0x0000000a   Code   RO          856    i._sputc            mc_w.l(printfa.o)
    0x08006ce8   0x00000081   Data   RO          934    .constdata          mc_w.l(ctype_o.o)
    0x08006d69   0x00000003   PAD
    0x08006d6c   0x00000004   Data   RO          935    .constdata          mc_w.l(ctype_o.o)
    0x08006d70   0x00000020   Data   RO          965    Region$$Table       anon$$obj.o


    Execution Region RW_IRAM1 (Base: 0x20000000, Size: 0x000010a0, Max: 0x00010000, ABSOLUTE, COMPRESSED[0x000000e0])

    Base Addr    Size         Type   Attr      Idx    E Section Name        Object

    0x20000000   0x00000014   Data   RW          198    .data               system_stm32f10x.o
    0x20000014   0x000000d8   Data   RW          217    .data               app_cmd.o
    0x200000ec   0x00000004   Data   RW          253    .data               timer.o
    0x200000f0   0x00000002   Data   RW          268    .data               adc.o
    0x200000f2   0x00000010   Data   RW          314    .data               w5500.o
    0x20000102   0x00000002   PAD
    0x20000104   0x0000002a   Data   RW          336    .data               w5500_conf.o
    0x2000012e   0x00000004   Data   RW          388    .data               delay.o
    0x20000132   0x00000002   Data   RW          432    .data               usart.o
    0x20000134   0x00000014   Data   RW          491    .data               stm32f10x_rcc.o
    0x20000148   0x00000004   Data   RW          900    .data               mc_w.l(stdout.o)
    0x2000014c   0x00000004   Data   RW          908    .data               mc_w.l(errno.o)
    0x20000150   0x000000ff   Zero   RW          216    .bss                app_cmd.o
    0x2000024f   0x00000001   PAD
    0x20000250   0x00000020   Zero   RW          313    .bss                w5500.o
    0x20000270   0x0000082e   Zero   RW          335    .bss                w5500_conf.o
    0x20000a9e   0x000001fe   Zero   RW          431    .bss                usart.o
    0x20000c9c   0x00000004   PAD
    0x20000ca0   0x00000400   Zero   RW          459    STACK               startup_stm32f10x_hd.o


==============================================================================

Image component sizes


      Code (inc. data)   RO Data    RW Data    ZI Data      Debug   Object Name

       280         16          0          2          0       1601   adc.o
      5124        786          0        216        255       9723   app_cmd.o
       192         16          0          0          0        579   config.o
       212         18          0          4          0       1107   delay.o
       180         12          0          0          0       1064   gpio.o
       404         30          0          0          0     287405   main.o
       220         22          0          0          0       1865   misc.o
      1680         52          0          0          0       5495   socket.o
      1116         12          0          0          0       4771   spi_driver.o
        36          8        304          0       1024        824   startup_stm32f10x_hd.o
      1102         26          0          0          0      11105   stm32f10x_adc.o
       596          8          0          0          0       4426   stm32f10x_dma.o
      1468         34          0          0          0       8270   stm32f10x_flash.o
       860         38          0          0          0       5797   stm32f10x_gpio.o
        26          0          0          0          0       1210   stm32f10x_it.o
       932         36          0         20          0       9004   stm32f10x_rcc.o
       780         14          0          0          0       6678   stm32f10x_spi.o
      3610         88          0          0          0      22904   stm32f10x_tim.o
      1032         22          0          0          0       8520   stm32f10x_usart.o
         0          0          0          0          0         32   sys.o
       480         38          0         20          0       1835   system_stm32f10x.o
       176         12          0          4          0       1115   timer.o
       640         46          0          2        510       3219   usart.o
      1084        108          0         16         32       6703   w5500.o
       784        178          0         42       2094       5367   w5500_conf.o

    ----------------------------------------------------------------------
     23020       1620        336        328       3920     410619   Object Totals
         0          0         32          0          0          0   (incl. Generated)
         6          0          0          2          5          0   (incl. Padding)

    ----------------------------------------------------------------------

      Code (inc. data)   RO Data    RW Data    ZI Data      Debug   Library Member Name

        86          0          0          0          0          0   __dczerorl2.o
        28          0          0          0          0         68   _chval.o
       158          0          0          0          0         92   _strtoul.o
        26          0          0          0          0         80   atoi.o
         8          4        133          0          0         68   ctype_o.o
         0          0          0          0          0          0   entry.o
         0          0          0          0          0          0   entry10a.o
         0          0          0          0          0          0   entry11a.o
         8          4          0          0          0          0   entry2.o
         4          0          0          0          0          0   entry5.o
         0          0          0          0          0          0   entry7b.o
         0          0          0          0          0          0   entry8b.o
         8          4          0          0          0          0   entry9a.o
         8          4          0          4          0         68   errno.o
        30          0          0          0          0          0   handlers.o
        36          8          0          0          0         68   init.o
         0          0          0          0          0          0   iusefp.o
        30          0          0          0          0         68   llshl.o
        36          0          0          0          0         68   llsshr.o
        32          0          0          0          0         68   llushr.o
        36          0          0          0          0         68   memcpya.o
        36          0          0          0          0        108   memseta.o
      2308         96          0          0          0        604   printfa.o
         0          0          0          4          0          0   stdout.o
        14          0          0          0          0         68   strlen.o
       112          0          0          0          0         88   strtol.o
        44          0          0          0          0         80   uidiv.o
        98          0          0          0          0         92   uldiv.o
        48          0          0          0          0         68   cdrcmple.o
        56          0          0          0          0         88   d2f.o
       334          0          0          0          0        148   dadd.o
       222          0          0          0          0        100   ddiv.o
       186          0          0          0          0        176   depilogue.o
        48          0          0          0          0         68   dfixul.o
       228          0          0          0          0         96   dmul.o
        38          0          0          0          0         68   f2d.o
       124          0          0          0          0         88   fdiv.o
       110          0          0          0          0        168   fepilogue.o
        10          0          0          0          0         68   ffltui.o

    ----------------------------------------------------------------------
      4556        120        136          8          0       2892   Library Totals
         6          0          3          0          0          0   (incl. Padding)

    ----------------------------------------------------------------------

      Code (inc. data)   RO Data    RW Data    ZI Data      Debug   Library Name

      3146        120        133          8          0       1756   mc_w.l
      1404          0          0          0          0       1136   mf_w.l

    ----------------------------------------------------------------------
      4556        120        136          8          0       2892   Library Totals

    ----------------------------------------------------------------------

==============================================================================


      Code (inc. data)   RO Data    RW Data    ZI Data      Debug   

     27576       1740        472        336       3920     410155   Grand Totals
     27576       1740        472        224       3920     410155   ELF Image Totals (compressed)
     27576       1740        472        224          0          0   ROM Totals

==============================================================================

    Total RO  Size (Code + RO Data)                28048 (  27.39kB)
    Total RW  Size (RW Data + ZI Data)              4256 (   4.16kB)
    Total ROM Size (Code + RO Data + RW Data)      28272 (  27.61kB)

==============================================================================

