Component: ARM Compiler 5.06 update 4 (build 422) Tool: armlink [4d35d2]

==============================================================================

Section Cross References

    main.o(.text) refers to stm32f10x_rcc.o(.text) for RCC_APB1PeriphClockCmd
    main.o(.text) refers to stm32f10x_tim.o(.text) for TIM_TimeBaseInit
    main.o(.text) refers to misc.o(.text) for NVIC_SetVectorTable
    main.o(.text) refers to stm32f10x_flash.o(.text) for FLASH_PrefetchBufferCmd
    main.o(.text) refers to adc.o(.text) for ADC1_Init
    main.o(.text) refers to delay.o(.text) for delay_init
    main.o(.text) refers to config.o(.text) for GPIO_Config_Init
    main.o(.text) refers to timer.o(.text) for TIM3_Int_Init
    main.o(.text) refers to usart.o(.text) for Uart1_Init
    main.o(.text) refers to gpio.o(.text) for Gpio_int
    main.o(.text) refers to spi_driver.o(.text) for SPI1_Init
    main.o(.text) refers to w5500_conf.o(.text) for reset_w5500
    main.o(.text) refers to w5500.o(.text) for socket_buf_init
    main.o(.text) refers to printf3.o(i.__0printf$3) for __2printf
    main.o(.text) refers to stm32f10x_gpio.o(.text) for GPIO_ResetBits
    main.o(.text) refers to w5500.o(.data) for rxsize
    main.o(.text) refers to gpio.o(.data) for count_num
    system_stm32f10x.o(.text) refers to system_stm32f10x.o(.data) for SystemCoreClock
    timer.o(.text) refers to stm32f10x_rcc.o(.text) for RCC_APB1PeriphClockCmd
    timer.o(.text) refers to stm32f10x_tim.o(.text) for TIM_TimeBaseInit
    timer.o(.text) refers to misc.o(.text) for NVIC_Init
    timer.o(.text) refers to stm32f10x_gpio.o(.text) for GPIO_WriteBit
    timer.o(.text) refers to timer.o(.data) for sys_flag
    timer.o(.text) refers to gpio.o(.data) for count_num
    adc.o(.text) refers to stm32f10x_rcc.o(.text) for RCC_AHBPeriphClockCmd
    adc.o(.text) refers to stm32f10x_gpio.o(.text) for GPIO_Init
    adc.o(.text) refers to stm32f10x_dma.o(.text) for DMA_DeInit
    adc.o(.text) refers to stm32f10x_adc.o(.text) for ADC_Init
    adc.o(.text) refers to adc.o(.data) for ADC_ConvertedValue
    socket.o(.text) refers to w5500_conf.o(.text) for W5500_Socket_WriteByte
    socket.o(.text) refers to w5500.o(.text) for getSn_IR
    socket.o(.text) refers to printf3.o(i.__0printf$3) for __2printf
    socket.o(.text) refers to w5500_conf.o(.data) for local_port
    w5500.o(.text) refers to w5500_conf.o(.text) for W5500_Socket_WriteByte
    w5500.o(.text) refers to printf3.o(i.__0printf$3) for __2printf
    w5500.o(.text) refers to w5500.o(.bss) for RSIZE
    w5500_conf.o(.text) refers to spi_driver.o(.text) for SPI1_Write_Reg
    w5500_conf.o(.text) refers to delay.o(.text) for delay_ms
    w5500_conf.o(.text) refers to gpio.o(.text) for PA2_Control
    w5500_conf.o(.text) refers to printf3.o(i.__0printf$3) for __2printf
    w5500_conf.o(.text) refers to w5500.o(.text) for setSUBR
    w5500_conf.o(.text) refers to socket.o(.text) for send
    w5500_conf.o(.text) refers to mycmd.o(.text) for Process_Data
    w5500_conf.o(.text) refers to w5500_conf.o(.bss) for ConfigMsg
    w5500_conf.o(.text) refers to w5500_conf.o(.data) for mac
    gpio.o(.text) refers to stm32f10x_gpio.o(.text) for GPIO_ResetBits
    gpio.o(.text) refers to stm32f10x_rcc.o(.text) for RCC_APB2PeriphClockCmd
    gpio.o(.text) refers to stm32f10x_exti.o(.text) for EXTI_Init
    gpio.o(.text) refers to misc.o(.text) for NVIC_Init
    gpio.o(.text) refers to delay.o(.text) for delay_ms
    gpio.o(.text) refers to gpio.o(.data) for count_num
    spi_driver.o(.text) refers to stm32f10x_gpio.o(.text) for GPIO_Init
    spi_driver.o(.text) refers to stm32f10x_rcc.o(.text) for RCC_APB2PeriphClockCmd
    spi_driver.o(.text) refers to stm32f10x_spi.o(.text) for SPI_Init
    mycmd.o(.text) refers to printfa.o(i.__0vsnprintf) for __c89vsnprintf
    mycmd.o(.text) refers to strlen.o(.text) for strlen
    mycmd.o(.text) refers to w5500_conf.o(.text) for W5500_Tcp_Send
    mycmd.o(.text) refers to atoi.o(.text) for atoi
    mycmd.o(.text) refers to gpio.o(.text) for Gain_set
    mycmd.o(.text) refers to stm32f10x_gpio.o(.text) for GPIO_ResetBits
    mycmd.o(.text) refers to mycmd.o(.data) for HELP_CMD_ARR
    mycmd.o(.text) refers to gpio.o(.data) for Is_HC_EN
    mycmd.o(.data) refers to mycmd.o(.conststring) for .conststring
    mycmd.o(.data) refers to mycmd.o(.text) for CMD_help
    delay.o(.text) refers to misc.o(.text) for SysTick_CLKSourceConfig
    delay.o(.text) refers to system_stm32f10x.o(.data) for SystemCoreClock
    delay.o(.text) refers to delay.o(.data) for fac_us
    config.o(.text) refers to stm32f10x_rcc.o(.text) for RCC_APB2PeriphClockCmd
    config.o(.text) refers to stm32f10x_gpio.o(.text) for GPIO_PinRemapConfig
    usart.o(.text) refers to stm32f10x_usart.o(.text) for USART_SendData
    usart.o(.text) refers to stm32f10x_rcc.o(.text) for RCC_APB2PeriphClockCmd
    usart.o(.text) refers to stm32f10x_gpio.o(.text) for GPIO_Init
    usart.o(.text) refers to misc.o(.text) for NVIC_Init
[...]
    entry2.o(__vectab_stack_and_reset_area) refers to startup_stm32f10x_hd.o(STACK) for __initial_sp
    entry2.o(__vectab_stack_and_reset_area) refers to entry.o(.ARM.Collect$$$$00000000) for __main
    entry5.o(.ARM.Collect$$$$00000004) refers to init.o(.text) for __scatterload
    entry9a.o(.ARM.Collect$$$$0000000B) refers to main.o(.text) for main
    entry9b.o(.ARM.Collect$$$$0000000C) refers to main.o(.text) for main
    uldiv.o(.text) refers to llushr.o(.text) for __aeabi_llsr
    uldiv.o(.text) refers to llshl.o(.text) for __aeabi_llsl
    errno.o(i.__aeabi_errno_addr) refers to errno.o(.data) for .data
    errno.o(i.__read_errno) refers to errno.o(.data) for .data
    errno.o(i.__set_errno) refers to errno.o(.data) for .data
    strtol.o(.text) refers to ctype_o.o(.text) for __rt_ctype_table
    strtol.o(.text) refers to _strtoul.o(.text) for _strtoul
    strtol.o(.text) refers to errno.o(i.__aeabi_errno_addr) for __aeabi_errno_addr
    dadd.o(.text) refers to llshl.o(.text) for __aeabi_llsl
    dadd.o(.text) refers to llsshr.o(.text) for __aeabi_lasr
    dadd.o(.text) refers to depilogue.o(.text) for _double_epilogue
    dmul.o(.text) refers to depilogue.o(.text) for _double_epilogue
    ddiv.o(.text) refers to depilogue.o(.text) for _double_round
    dfixul.o(.text) refers to llushr.o(.text) for __aeabi_llsr
    dfixul.o(.text) refers to llshl.o(.text) for __aeabi_llsl
    init.o(.text) refers to entry5.o(.ARM.Collect$$$$00000004) for __main_after_scatterload
    ctype_o.o(.text) refers to ctype_o.o(.constdata) for .constdata
    ctype_o.o(.constdata) refers to ctype_o.o(.constdata) for __ctype_table
    isalnum_o.o(.text) refers to ctype_o.o(.text) for __rt_ctype_table
    isalpha_o.o(.text) refers to ctype_o.o(.text) for __rt_ctype_table
    isblank_o.o(.text) refers to ctype_o.o(.constdata) for __ctype_table
    iscntrl_o.o(.text) refers to ctype_o.o(.text) for __rt_ctype_table
    isdigit_o.o(.text) refers to ctype_o.o(.text) for __rt_ctype_table
    isgraph_o.o(.text) refers to ctype_o.o(.text) for __rt_ctype_table
    islower_o.o(.text) refers to ctype_o.o(.text) for __rt_ctype_table
    isprint_o.o(.text) refers to ctype_o.o(.text) for __rt_ctype_table
    ispunct_o.o(.text) refers to ctype_o.o(.text) for __rt_ctype_table
    isspace_o.o(.text) refers to ctype_o.o(.text) for __rt_ctype_table
    isupper_o.o(.text) refers to ctype_o.o(.text) for __rt_ctype_table
    isxdigit_o.o(.text) refers to ctype_o.o(.text) for __rt_ctype_table
    _strtoul.o(.text) refers to _chval.o(.text) for _chval
    _strtoul.o(.text) refers to errno.o(i.__aeabi_errno_addr) for __aeabi_errno_addr
    depilogue.o(.text) refers to llshl.o(.text) for __aeabi_llsl
    depilogue.o(.text) refers to llushr.o(.text) for __aeabi_llsr


==============================================================================

Removing Unused input sections from the image.

    Removing main.o(.bss), (10 bytes).
    Removing main.o(.data), (12 bytes).
    Removing sys.o(.emb_text), (6 bytes).
    Removing sys.o(.text), (12 bytes).
    Removing core_cm3.o(.emb_text), (32 bytes).
    Removing startup_stm32f10x_hd.o(HEAP), (512 bytes).
    Removing stm32f10x_dbgmcu.o(.text), (48 bytes).

7 unused section(s) (total 632 bytes) removed from the image.

==============================================================================

Image Symbol Table

    Local Symbols

    Symbol Name                              Value     Ov Type        Size  Object(Section)

    ../clib/microlib/ctype/ctype.c           0x00000000   Number         0  isxdigit_o.o ABSOLUTE
    ../clib/microlib/ctype/ctype.c           0x00000000   Number         0  isalpha_o.o ABSOLUTE
    ../clib/microlib/ctype/ctype.c           0x00000000   Number         0  isupper_o.o ABSOLUTE
    ../clib/microlib/ctype/ctype.c           0x00000000   Number         0  isalnum_o.o ABSOLUTE
    ../clib/microlib/ctype/ctype.c           0x00000000   Number         0  isspace_o.o ABSOLUTE
    ../clib/microlib/ctype/ctype.c           0x00000000   Number         0  ispunct_o.o ABSOLUTE
    ../clib/microlib/ctype/ctype.c           0x00000000   Number         0  isprint_o.o ABSOLUTE
    ../clib/microlib/ctype/ctype.c           0x00000000   Number         0  ctype_o.o ABSOLUTE
    ../clib/microlib/ctype/ctype.c           0x00000000   Number         0  islower_o.o ABSOLUTE
    ../clib/microlib/ctype/ctype.c           0x00000000   Number         0  isdigit_o.o ABSOLUTE
    ../clib/microlib/ctype/ctype.c           0x00000000   Number         0  iscntrl_o.o ABSOLUTE
    ../clib/microlib/ctype/ctype.c           0x00000000   Number         0  isblank_o.o ABSOLUTE
    ../clib/microlib/ctype/ctype.c           0x00000000   Number         0  isgraph_o.o ABSOLUTE
    ../clib/microlib/division.c              0x00000000   Number         0  uidiv.o ABSOLUTE
    ../clib/microlib/division.c              0x00000000   Number         0  uldiv.o ABSOLUTE
    ../clib/microlib/errno.c                 0x00000000   Number         0  errno.o ABSOLUTE
    ../clib/microlib/init/entry.s            0x00000000   Number         0  entry7a.o ABSOLUTE
    ../clib/microlib/init/entry.s            0x00000000   Number         0  entry8b.o ABSOLUTE
    ../clib/microlib/init/entry.s            0x00000000   Number         0  entry10a.o ABSOLUTE
    ../clib/microlib/init/entry.s            0x00000000   Number         0  entry8a.o ABSOLUTE
    ../clib/microlib/init/entry.s            0x00000000   Number         0  entry.o ABSOLUTE
    ../clib/microlib/init/entry.s            0x00000000   Number         0  entry2.o ABSOLUTE
    ../clib/microlib/init/entry.s            0x00000000   Number         0  entry9a.o ABSOLUTE
    ../clib/microlib/init/entry.s            0x00000000   Number         0  entry7b.o ABSOLUTE
    ../clib/microlib/init/entry.s            0x00000000   Number         0  entry5.o ABSOLUTE
    ../clib/microlib/init/entry.s            0x00000000   Number         0  entry9b.o ABSOLUTE
    ../clib/microlib/init/entry.s            0x00000000   Number         0  entry10b.o ABSOLUTE
    ../clib/microlib/init/entry.s            0x00000000   Number         0  entry11a.o ABSOLUTE
    ../clib/microlib/init/entry.s            0x00000000   Number         0  entry11b.o ABSOLUTE
    ../clib/microlib/longlong.c              0x00000000   Number         0  llsshr.o ABSOLUTE
    ../clib/microlib/longlong.c              0x00000000   Number         0  llushr.o ABSOLUTE
    ../clib/microlib/longlong.c              0x00000000   Number         0  llshl.o ABSOLUTE
    ../clib/microlib/printf/printf.c         0x00000000   Number         0  printfb.o ABSOLUTE
    ../clib/microlib/printf/printf.c         0x00000000   Number         0  printf7.o ABSOLUTE
    ../clib/microlib/printf/printf.c         0x00000000   Number         0  printf4.o ABSOLUTE
    ../clib/microlib/printf/printf.c         0x00000000   Number         0  printf2.o ABSOLUTE
    ../clib/microlib/printf/printf.c         0x00000000   Number         0  printf5.o ABSOLUTE
    ../clib/microlib/printf/printf.c         0x00000000   Number         0  printf6.o ABSOLUTE
    ../clib/microlib/printf/printf.c         0x00000000   Number         0  printf0.o ABSOLUTE
    ../clib/microlib/printf/printf.c         0x00000000   Number         0  printf1.o ABSOLUTE
    ../clib/microlib/printf/printf.c         0x00000000   Number         0  printf3.o ABSOLUTE
    ../clib/microlib/printf/printf.c         0x00000000   Number         0  printfa.o ABSOLUTE
    ../clib/microlib/printf/printf.c         0x00000000   Number         0  printf8.o ABSOLUTE
    ../clib/microlib/printf/stubs.s          0x00000000   Number         0  stubs.o ABSOLUTE
    ../clib/microlib/stdio/streams.c         0x00000000   Number         0  stdout.o ABSOLUTE
    ../clib/microlib/string/strlen.c         0x00000000   Number         0  strlen.o ABSOLUTE
    ../clib/microlib/stubs.s                 0x00000000   Number         0  iusefp.o ABSOLUTE
    ../clib/scanf.c                          0x00000000   Number         0  atoi.o ABSOLUTE
    ../clib/scanf.c                          0x00000000   Number         0  _strtoul.o ABSOLUTE
    ../clib/scanf.c                          0x00000000   Number         0  strtol.o ABSOLUTE
    ../clib/scanf.c                          0x00000000   Number         0  _chval.o ABSOLUTE
    ../fplib/microlib/fpadd.c                0x00000000   Number         0  dadd.o ABSOLUTE
    ../fplib/microlib/fpdiv.c                0x00000000   Number         0  ddiv.o ABSOLUTE
    ../fplib/microlib/fpepilogue.c           0x00000000   Number         0  depilogue.o ABSOLUTE
    ../fplib/microlib/fpfix.c                0x00000000   Number         0  dfixul.o ABSOLUTE
    ../fplib/microlib/fpmul.c                0x00000000   Number         0  dmul.o ABSOLUTE
    ..\CORE\core_cm3.c                       0x00000000   Number         0  core_cm3.o ABSOLUTE
    ..\CORE\startup_stm32f10x_hd.s           0x00000000   Number         0  startup_stm32f10x_hd.o ABSOLUTE
    ..\HARDWARE\BSP_W5500\socket.c           0x00000000   Number         0  socket.o ABSOLUTE
    ..\HARDWARE\BSP_W5500\w5500.c            0x00000000   Number         0  w5500.o ABSOLUTE
    ..\HARDWARE\BSP_W5500\w5500_conf.c       0x00000000   Number         0  w5500_conf.o ABSOLUTE
    ..\HARDWARE\CMD\mycmd.c                  0x00000000   Number         0  mycmd.o ABSOLUTE
    ..\HARDWARE\Gpio\Gpio.c                  0x00000000   Number         0  gpio.o ABSOLUTE
    ..\HARDWARE\SPI\SPI_Driver.c             0x00000000   Number         0  spi_driver.o ABSOLUTE
    ..\HARDWARE\TIMER\timer.c                0x00000000   Number         0  timer.o ABSOLUTE
    ..\HARDWARE\adc\adc.c                    0x00000000   Number         0  adc.o ABSOLUTE
    ..\STM32F10x_FWLib\src\misc.c            0x00000000   Number         0  misc.o ABSOLUTE
    ..\STM32F10x_FWLib\src\stm32f10x_adc.c   0x00000000   Number         0  stm32f10x_adc.o ABSOLUTE
    ..\STM32F10x_FWLib\src\stm32f10x_dbgmcu.c 0x00000000   Number         0  stm32f10x_dbgmcu.o ABSOLUTE
    ..\STM32F10x_FWLib\src\stm32f10x_dma.c   0x00000000   Number         0  stm32f10x_dma.o ABSOLUTE
    ..\STM32F10x_FWLib\src\stm32f10x_exti.c  0x00000000   Number         0  stm32f10x_exti.o ABSOLUTE
    ..\STM32F10x_FWLib\src\stm32f10x_flash.c 0x00000000   Number         0  stm32f10x_flash.o ABSOLUTE
    ..\STM32F10x_FWLib\src\stm32f10x_gpio.c  0x00000000   Number         0  stm32f10x_gpio.o ABSOLUTE
    ..\STM32F10x_FWLib\src\stm32f10x_rcc.c   0x00000000   Number         0  stm32f10x_rcc.o ABSOLUTE
    ..\STM32F10x_FWLib\src\stm32f10x_spi.c   0x00000000   Number         0  stm32f10x_spi.o ABSOLUTE
    ..\STM32F10x_FWLib\src\stm32f10x_tim.c   0x00000000   Number         0  stm32f10x_tim.o ABSOLUTE
    ..\STM32F10x_FWLib\src\stm32f10x_usart.c 0x00000000   Number         0  stm32f10x_usart.o ABSOLUTE
    ..\SYSTEM\delay\delay.c                  0x00000000   Number         0  delay.o ABSOLUTE
    ..\SYSTEM\sys\sys.c                      0x00000000   Number         0  sys.o ABSOLUTE
    ..\SYSTEM\usart\Usart.c                  0x00000000   Number         0  usart.o ABSOLUTE
    ..\\CORE\\core_cm3.c                     0x00000000   Number         0  core_cm3.o ABSOLUTE
    ..\\SYSTEM\\sys\\sys.c                   0x00000000   Number         0  sys.o ABSOLUTE
    cdrcmple.s                               0x00000000   Number         0  cdrcmple.o ABSOLUTE
    config.c                                 0x00000000   Number         0  config.o ABSOLUTE
    dc.s                                     0x00000000   Number         0  dc.o ABSOLUTE
    handlers.s                               0x00000000   Number         0  handlers.o ABSOLUTE
    init.s                                   0x00000000   Number         0  init.o ABSOLUTE
    main.c                                   0x00000000   Number         0  main.o ABSOLUTE
    stm32f10x_it.c                           0x00000000   Number         0  stm32f10x_it.o ABSOLUTE
    system_stm32f10x.c                       0x00000000   Number         0  system_stm32f10x.o ABSOLUTE
    RESET                                    0x08000000   Section      304  startup_stm32f10x_hd.o(RESET)
    .ARM.Collect$$$$00000000                 0x08000130   Section        0  entry.o(.ARM.Collect$$$$00000000)
    .ARM.Collect$$$$00000001                 0x08000130   Section        4  entry2.o(.ARM.Collect$$$$00000001)
    .ARM.Collect$$$$00000004                 0x08000134   Section        4  entry5.o(.ARM.Collect$$$$00000004)
    .ARM.Collect$$$$00000008                 0x08000138   Section        0  entry7b.o(.ARM.Collect$$$$00000008)
    .ARM.Collect$$$$0000000A                 0x08000138   Section        0  entry8b.o(.ARM.Collect$$$$0000000A)
    .ARM.Collect$$$$0000000B                 0x08000138   Section        8  entry9a.o(.ARM.Collect$$$$0000000B)
    .ARM.Collect$$$$0000000D                 0x08000140   Section        0  entry10a.o(.ARM.Collect$$$$0000000D)
    .ARM.Collect$$$$0000000F                 0x08000140   Section        0  entry11a.o(.ARM.Collect$$$$0000000F)
    .ARM.Collect$$$$00002712                 0x08000140   Section        4  entry2.o(.ARM.Collect$$$$00002712)
    __lit__00000000                          0x08000140   Data           4  entry2.o(.ARM.Collect$$$$00002712)
    .text                                    0x08000144   Section        0  main.o(.text)
    .text                                    0x08000330   Section        0  stm32f10x_it.o(.text)
    .text                                    0x0800034c   Section        0  system_stm32f10x.o(.text)
    SetSysClockTo72                          0x0800034d   Thumb Code   214  system_stm32f10x.o(.text)
    SetSysClock                              0x08000423   Thumb Code     8  system_stm32f10x.o(.text)
    .text                                    0x0800052c   Section        0  timer.o(.text)
    .text                                    0x080005f8   Section        0  adc.o(.text)
    ADC1_GPIO_Config                         0x080005f9   Thumb Code    42  adc.o(.text)
    ADC1_Mode_Config                         0x08000623   Thumb Code   210  adc.o(.text)
    .text                                    0x08000710   Section        0  socket.o(.text)
    .text                                    0x08000da0   Section        0  w5500.o(.text)
    .text                                    0x080011dc   Section        0  w5500_conf.o(.text)
    .text                                    0x080014c0   Section        0  gpio.o(.text)
    .text                                    0x0800178c   Section        0  spi_driver.o(.text)
    .text                                    0x08001be8   Section        0  mycmd.o(.text)
    .text                                    0x08001e44   Section        0  delay.o(.text)
    .text                                    0x08001f18   Section        0  config.o(.text)
    .text                                    0x08001fb4   Section        0  usart.o(.text)
    .text                                    0x08002234   Section       36  startup_stm32f10x_hd.o(.text)
    .text                                    0x08002258   Section        0  misc.o(.text)
    .text                                    0x08002334   Section        0  stm32f10x_gpio.o(.text)
    .text                                    0x08002690   Section        0  stm32f10x_rcc.o(.text)
    .text                                    0x08002a34   Section        0  stm32f10x_tim.o(.text)
    TI4_Config                               0x08002edb   Thumb Code   130  stm32f10x_tim.o(.text)
    TI3_Config                               0x08002f6f   Thumb Code   122  stm32f10x_tim.o(.text)
    TI2_Config                               0x08003003   Thumb Code   130  stm32f10x_tim.o(.text)
    TI1_Config                               0x08003097   Thumb Code   108  stm32f10x_tim.o(.text)
    .text                                    0x08003850   Section        0  stm32f10x_usart.o(.text)
    .text                                    0x08003c58   Section        0  stm32f10x_adc.o(.text)
    .text                                    0x080040a8   Section        0  stm32f10x_exti.o(.text)
    .text                                    0x080041c4   Section        0  stm32f10x_spi.o(.text)
    .text                                    0x080044d0   Section        0  stm32f10x_flash.o(.text)
    .text                                    0x08004a8c   Section        0  stm32f10x_dma.o(.text)
    .text                                    0x08004ce0   Section        0  strlen.o(.text)
    .text                                    0x08004cee   Section        0  atoi.o(.text)
    .text                                    0x08004d08   Section        0  uidiv.o(.text)
    .text                                    0x08004d34   Section        0  uldiv.o(.text)
    .text                                    0x08004d96   Section        0  strtol.o(.text)
    .text                                    0x08004e06   Section        0  iusefp.o(.text)
    .text                                    0x08004e06   Section        0  dadd.o(.text)
    .text                                    0x08004f54   Section        0  dmul.o(.text)
    .text                                    0x08005038   Section        0  ddiv.o(.text)
    .text                                    0x08005116   Section        0  dfixul.o(.text)
    .text                                    0x08005148   Section       48  cdrcmple.o(.text)
    .text                                    0x08005178   Section       36  init.o(.text)
    .text                                    0x0800519c   Section        0  llshl.o(.text)
    .text                                    0x080051ba   Section        0  llushr.o(.text)
    .text                                    0x080051da   Section        0  llsshr.o(.text)
    .text                                    0x08005200   Section        0  ctype_o.o(.text)
    .text                                    0x08005208   Section        0  _strtoul.o(.text)
    .text                                    0x080052a6   Section        0  depilogue.o(.text)
    .text                                    0x08005360   Section        0  _chval.o(.text)
    i.__0printf$3                            0x0800537c   Section        0  printf3.o(i.__0printf$3)
    i.__0vsnprintf                           0x0800539c   Section        0  printfa.o(i.__0vsnprintf)
    i.__aeabi_errno_addr                     0x080053c8   Section        0  errno.o(i.__aeabi_errno_addr)
    i.__scatterload_copy                     0x080053d0   Section       14  handlers.o(i.__scatterload_copy)
    i.__scatterload_null                     0x080053de   Section        2  handlers.o(i.__scatterload_null)
    i.__scatterload_zeroinit                 0x080053e0   Section       14  handlers.o(i.__scatterload_zeroinit)
    i._fp_digits                             0x080053f0   Section        0  printfa.o(i._fp_digits)
    _fp_digits                               0x080053f1   Thumb Code   366  printfa.o(i._fp_digits)
    i._printf_core                           0x08005574   Section        0  printf3.o(i._printf_core)
    _printf_core                             0x08005575   Thumb Code   436  printf3.o(i._printf_core)
    i._printf_core                           0x0800572c   Section        0  printfa.o(i._printf_core)
    _printf_core                             0x0800572d   Thumb Code  1744  printfa.o(i._printf_core)
    i._printf_post_padding                   0x08005e08   Section        0  printfa.o(i._printf_post_padding)
    _printf_post_padding                     0x08005e09   Thumb Code    36  printfa.o(i._printf_post_padding)
    i._printf_pre_padding                    0x08005e2c   Section        0  printfa.o(i._printf_pre_padding)
    _printf_pre_padding                      0x08005e2d   Thumb Code    46  printfa.o(i._printf_pre_padding)
    i._snputc                                0x08005e5a   Section        0  printfa.o(i._snputc)
    _snputc                                  0x08005e5b   Thumb Code    22  printfa.o(i._snputc)
    .constdata                               0x08005e70   Section      129  ctype_o.o(.constdata)
    .constdata                               0x08005ef4   Section        4  ctype_o.o(.constdata)
    table                                    0x08005ef4   Data           4  ctype_o.o(.constdata)
    .conststring                             0x08005ef8   Section       70  mycmd.o(.conststring)
    .data                                    0x20000000   Section       20  system_stm32f10x.o(.data)
    .data                                    0x20000014   Section        4  timer.o(.data)
    .data                                    0x20000018   Section        2  adc.o(.data)
    .data                                    0x2000001a   Section       16  w5500.o(.data)
    .data                                    0x2000002c   Section       42  w5500_conf.o(.data)
    .data                                    0x20000056   Section        4  gpio.o(.data)
    .data                                    0x2000005c   Section      100  mycmd.o(.data)
    .data                                    0x200000c0   Section        4  delay.o(.data)
    fac_us                                   0x200000c0   Data           1  delay.o(.data)
    fac_ms                                   0x200000c2   Data           2  delay.o(.data)
    .data                                    0x200000c4   Section        2  usart.o(.data)
    .data                                    0x200000c6   Section       20  stm32f10x_rcc.o(.data)
    APBAHBPrescTable                         0x200000c6   Data          16  stm32f10x_rcc.o(.data)
    ADCPrescTable                            0x200000d6   Data           4  stm32f10x_rcc.o(.data)
    .data                                    0x200000dc   Section        4  stdout.o(.data)
    .data                                    0x200000e0   Section        4  errno.o(.data)
    _errno                                   0x200000e0   Data           4  errno.o(.data)
    .bss                                     0x200000e4   Section       32  w5500.o(.bss)
    .bss                                     0x20000104   Section     2094  w5500_conf.o(.bss)
    .bss                                     0x20000932   Section      510  usart.o(.bss)
    STACK                                    0x20000b30   Section     1024  startup_stm32f10x_hd.o(STACK)

    Global Symbols

    Symbol Name                              Value     Ov Type        Size  Object(Section)

    BuildAttributes$$THM_ISAv4$P$D$K$B$S$PE$A:L22UL41UL21$X:L11$S22US41US21$IEEE1$IW$USESV6$~STKCKD$USESV7$~SHL$OSPACE$ROPI$EBA8$MICROLIB$REQ8$PRES8$EABIv2 0x00000000   Number         0  anon$$obj.o ABSOLUTE
    __ARM_use_no_argv                        0x00000000   Number         0  main.o ABSOLUTE
    _printf_a                                0x00000000   Number         0  stubs.o ABSOLUTE
    _printf_c                                0x00000000   Number         0  stubs.o ABSOLUTE
    _printf_charcount                        0x00000000   Number         0  stubs.o ABSOLUTE
    _printf_d                                0x00000000   Number         0  stubs.o ABSOLUTE
    _printf_e                                0x00000000   Number         0  stubs.o ABSOLUTE
    _printf_f                                0x00000000   Number         0  stubs.o ABSOLUTE
    _printf_flags                            0x00000000   Number         0  stubs.o ABSOLUTE
    _printf_fp_dec                           0x00000000   Number         0  stubs.o ABSOLUTE
    _printf_fp_hex                           0x00000000   Number         0  stubs.o ABSOLUTE
    _printf_g                                0x00000000   Number         0  stubs.o ABSOLUTE
    _printf_i                                0x00000000   Number         0  stubs.o ABSOLUTE
    _printf_int_dec                          0x00000000   Number         0  stubs.o ABSOLUTE
    _printf_l                                0x00000000   Number         0  stubs.o ABSOLUTE
    _printf_lc                               0x00000000   Number         0  stubs.o ABSOLUTE
    _printf_ll                               0x00000000   Number         0  stubs.o ABSOLUTE
    _printf_lld                              0x00000000   Number         0  stubs.o ABSOLUTE
    _printf_lli                              0x00000000   Number         0  stubs.o ABSOLUTE
    _printf_llo                              0x00000000   Number         0  stubs.o ABSOLUTE
    _printf_llu                              0x00000000   Number         0  stubs.o ABSOLUTE
    _printf_llx                              0x00000000   Number         0  stubs.o ABSOLUTE
    _printf_longlong_dec                     0x00000000   Number         0  stubs.o ABSOLUTE
    _printf_longlong_hex                     0x00000000   Number         0  stubs.o ABSOLUTE
    _printf_longlong_oct                     0x00000000   Number         0  stubs.o ABSOLUTE
    _printf_ls                               0x00000000   Number         0  stubs.o ABSOLUTE
    _printf_mbtowc                           0x00000000   Number         0  stubs.o ABSOLUTE
    _printf_n                                0x00000000   Number         0  stubs.o ABSOLUTE
    _printf_o                                0x00000000   Number         0  stubs.o ABSOLUTE
    _printf_p                                0x00000000   Number         0  stubs.o ABSOLUTE
    _printf_percent                          0x00000000   Number         0  stubs.o ABSOLUTE
    _printf_pre_padding                      0x00000000   Number         0  stubs.o ABSOLUTE
    _printf_return_value                     0x00000000   Number         0  stubs.o ABSOLUTE
    _printf_s                                0x00000000   Number         0  stubs.o ABSOLUTE
    _printf_sizespec                         0x00000000   Number         0  stubs.o ABSOLUTE
    _printf_str                              0x00000000   Number         0  stubs.o ABSOLUTE
    _printf_truncate_signed                  0x00000000   Number         0  stubs.o ABSOLUTE
    _printf_truncate_unsigned                0x00000000   Number         0  stubs.o ABSOLUTE
    _printf_u                                0x00000000   Number         0  stubs.o ABSOLUTE
    _printf_wc                               0x00000000   Number         0  stubs.o ABSOLUTE
    _printf_wctomb                           0x00000000   Number         0  stubs.o ABSOLUTE
    _printf_widthprec                        0x00000000   Number         0  stubs.o ABSOLUTE
    _printf_x                                0x00000000   Number         0  stubs.o ABSOLUTE
    __cpp_initialize__aeabi_                  - Undefined Weak Reference
    __cxa_finalize                            - Undefined Weak Reference
    __decompress                              - Undefined Weak Reference
    _clock_init                               - Undefined Weak Reference
    _microlib_exit                            - Undefined Weak Reference
    __Vectors_Size                           0x00000130   Number         0  startup_stm32f10x_hd.o ABSOLUTE
    __Vectors                                0x08000000   Data           4  startup_stm32f10x_hd.o(RESET)
    __Vectors_End                            0x08000130   Data           0  startup_stm32f10x_hd.o(RESET)
    __main                                   0x08000131   Thumb Code     0  entry.o(.ARM.Collect$$$$00000000)
    _main_stk                                0x08000131   Thumb Code     0  entry2.o(.ARM.Collect$$$$00000001)
    _main_scatterload                        0x08000135   Thumb Code     0  entry5.o(.ARM.Collect$$$$00000004)
    __main_after_scatterload                 0x08000139   Thumb Code     0  entry5.o(.ARM.Collect$$$$00000004)
    _main_clock                              0x08000139   Thumb Code     0  entry7b.o(.ARM.Collect$$$$00000008)
    _main_cpp_init                           0x08000139   Thumb Code     0  entry8b.o(.ARM.Collect$$$$0000000A)
    _main_init                               0x08000139   Thumb Code     0  entry9a.o(.ARM.Collect$$$$0000000B)
    __rt_final_cpp                           0x08000141   Thumb Code     0  entry10a.o(.ARM.Collect$$$$0000000D)
    __rt_final_exit                          0x08000141   Thumb Code     0  entry11a.o(.ARM.Collect$$$$0000000F)
    Timer2_Init_Config                       0x08000145   Thumb Code    64  main.o(.text)
    NVIC_Configuration                       0x08000185   Thumb Code    50  main.o(.text)
    RCC_Configuration                        0x080001b7   Thumb Code   122  main.o(.text)
    System_Initialization                    0x08000231   Thumb Code    16  main.o(.text)
    main                                     0x08000241   Thumb Code   184  main.o(.text)
    TIM2_IRQHandler                          0x080002f9   Thumb Code    24  main.o(.text)
    NMI_Handler                              0x08000331   Thumb Code     2  stm32f10x_it.o(.text)
    HardFault_Handler                        0x08000333   Thumb Code     4  stm32f10x_it.o(.text)
    MemManage_Handler                        0x08000337   Thumb Code     4  stm32f10x_it.o(.text)
    BusFault_Handler                         0x0800033b   Thumb Code     4  stm32f10x_it.o(.text)
    UsageFault_Handler                       0x0800033f   Thumb Code     4  stm32f10x_it.o(.text)
    SVC_Handler                              0x08000343   Thumb Code     2  stm32f10x_it.o(.text)
    DebugMon_Handler                         0x08000345   Thumb Code     2  stm32f10x_it.o(.text)
    PendSV_Handler                           0x08000347   Thumb Code     2  stm32f10x_it.o(.text)
    SysTick_Handler                          0x08000349   Thumb Code     2  stm32f10x_it.o(.text)
    SystemInit                               0x0800042b   Thumb Code    78  system_stm32f10x.o(.text)
    SystemCoreClockUpdate                    0x08000479   Thumb Code   142  system_stm32f10x.o(.text)
    TIM3_Int_Init                            0x0800052d   Thumb Code    88  timer.o(.text)
    TIM3_IRQHandler                          0x08000585   Thumb Code    98  timer.o(.text)
    ADC1_Init                                0x080006f5   Thumb Code    12  adc.o(.text)
    close                                    0x08000711   Thumb Code    52  socket.o(.text)
    socket                                   0x08000745   Thumb Code   192  socket.o(.text)
    listen                                   0x08000805   Thumb Code    62  socket.o(.text)
    connect                                  0x08000843   Thumb Code   248  socket.o(.text)
    disconnect                               0x0800093b   Thumb Code    38  socket.o(.text)
    send                                     0x08000961   Thumb Code   216  socket.o(.text)
    recv                                     0x08000a39   Thumb Code    66  socket.o(.text)
    sendto                                   0x08000a7b   Thumb Code   268  socket.o(.text)
    recvfrom                                 0x08000b87   Thumb Code   514  socket.o(.text)
    setMR                                    0x08000da1   Thumb Code    14  w5500.o(.text)
    iinchip_init                             0x08000daf   Thumb Code    10  w5500.o(.text)
    getIINCHIP_RxMAX                         0x08000db9   Thumb Code    10  w5500.o(.text)
    getIINCHIP_TxMAX                         0x08000dc3   Thumb Code    10  w5500.o(.text)
    setGAR                                   0x08000dcd   Thumb Code    16  w5500.o(.text)
    getGAR                                   0x08000ddd   Thumb Code    16  w5500.o(.text)
    setSUBR                                  0x08000ded   Thumb Code    18  w5500.o(.text)
    setSHAR                                  0x08000dff   Thumb Code    18  w5500.o(.text)
    setSIPR                                  0x08000e11   Thumb Code    18  w5500.o(.text)
    getSUBR                                  0x08000e23   Thumb Code    18  w5500.o(.text)
    getSHAR                                  0x08000e35   Thumb Code    18  w5500.o(.text)
    getSIPR                                  0x08000e47   Thumb Code    18  w5500.o(.text)
    getIR                                    0x08000e59   Thumb Code    12  w5500.o(.text)
    setRTR                                   0x08000e65   Thumb Code    26  w5500.o(.text)
    setRCR                                   0x08000e7f   Thumb Code    16  w5500.o(.text)
    clearIR                                  0x08000e8f   Thumb Code    26  w5500.o(.text)
    setSn_MSS                                0x08000ea9   Thumb Code    36  w5500.o(.text)
    setSn_TTL                                0x08000ecd   Thumb Code    22  w5500.o(.text)
    getSn_IR                                 0x08000ee3   Thumb Code    18  w5500.o(.text)
    setSn_IR                                 0x08000ef5   Thumb Code    22  w5500.o(.text)
    getSn_SR                                 0x08000f0b   Thumb Code    18  w5500.o(.text)
    getSn_TX_FSR                             0x08000f1d   Thumb Code    84  w5500.o(.text)
    getSn_RX_RSR                             0x08000f71   Thumb Code    84  w5500.o(.text)
    send_data_processing                     0x08000fc5   Thumb Code   116  w5500.o(.text)
    recv_data_processing                     0x08001039   Thumb Code   116  w5500.o(.text)
    socket_buf_init                          0x080010ad   Thumb Code   128  w5500.o(.text)
    getPHYStatus                             0x0800112d   Thumb Code    12  w5500.o(.text)
    PHY_check                                0x08001139   Thumb Code    56  w5500.o(.text)
    W5500_SPI_Write                          0x080011dd   Thumb Code    58  w5500_conf.o(.text)
    W5500_SPI_Read                           0x08001217   Thumb Code    54  w5500_conf.o(.text)
    W5500_Delay                              0x0800124d   Thumb Code    12  w5500_conf.o(.text)
    reset_w5500                              0x08001259   Thumb Code    30  w5500_conf.o(.text)
    set_w5500_ip                             0x08001277   Thumb Code   166  w5500_conf.o(.text)
    set_w5500_mac                            0x0800131d   Thumb Code    20  w5500_conf.o(.text)
    W5500_Socket_WriteByte                   0x08001331   Thumb Code    16  w5500_conf.o(.text)
    W5500_Socket_ReadByte                    0x08001341   Thumb Code    20  w5500_conf.o(.text)
    W5500_Tcp_Send                           0x08001355   Thumb Code    24  w5500_conf.o(.text)
    do_tcp_server                            0x0800136d   Thumb Code   166  w5500_conf.o(.text)
    PA3_Control                              0x080014c1   Thumb Code    26  gpio.o(.text)
    PA2_Control                              0x080014db   Thumb Code    26  gpio.o(.text)
    Gpio_int                                 0x080014f5   Thumb Code   152  gpio.o(.text)
    EXTI_Config                              0x0800158d   Thumb Code   102  gpio.o(.text)
    EXTI0_IRQHandler                         0x080015f3   Thumb Code   148  gpio.o(.text)
    Gain_set                                 0x08001687   Thumb Code   234  gpio.o(.text)
    SPI1_CS_Init                             0x0800178d   Thumb Code    38  spi_driver.o(.text)
    SPI1_Init                                0x080017b3   Thumb Code   160  spi_driver.o(.text)
    SPI1_CS_Ctr                              0x08001853   Thumb Code    34  spi_driver.o(.text)
    SPI1_Write                               0x08001875   Thumb Code   134  spi_driver.o(.text)
    SPI1_Read                                0x080018fb   Thumb Code   144  spi_driver.o(.text)
    SPI1_WriteRead                           0x0800198b   Thumb Code   156  spi_driver.o(.text)
    SPI1_Write_Reg                           0x08001a27   Thumb Code   194  spi_driver.o(.text)
    SPI1_WriteRead_T2R                       0x08001ae9   Thumb Code   252  spi_driver.o(.text)
    TCP_Print                                0x08001be9   Thumb Code    52  mycmd.o(.text)
    string_compare_len                       0x08001c1d   Thumb Code    42  mycmd.o(.text)
    CMD_help                                 0x08001c47   Thumb Code    48  mycmd.o(.text)
    CMD_version                              0x08001c77   Thumb Code    14  mycmd.o(.text)
    CMD_trigger                              0x08001c85   Thumb Code    12  mycmd.o(.text)
    CMD_AD8253                               0x08001c91   Thumb Code    76  mycmd.o(.text)
    CMD_Relay                                0x08001cdd   Thumb Code    56  mycmd.o(.text)
    DataCMP                                  0x08001d15   Thumb Code   108  mycmd.o(.text)
    Process_Data                             0x08001d81   Thumb Code    98  mycmd.o(.text)
    delay_init                               0x08001e45   Thumb Code    50  delay.o(.text)
    delay_us                                 0x08001e77   Thumb Code    72  delay.o(.text)
    delay_ms                                 0x08001ebf   Thumb Code    72  delay.o(.text)
    GPIO_Config_Init                         0x08001f19   Thumb Code   140  config.o(.text)
    fputc                                    0x08001fb5   Thumb Code    36  usart.o(.text)
    Uart1_GpioInit                           0x08001fd9   Thumb Code    62  usart.o(.text)
    Uart1_DmaInit                            0x08002017   Thumb Code   122  usart.o(.text)
    Uart1_Init                               0x08002091   Thumb Code   124  usart.o(.text)
    Uart1_SendString                         0x0800210d   Thumb Code    40  usart.o(.text)
    Uart1_SendByte                           0x08002135   Thumb Code    28  usart.o(.text)
    Uart1_SendArray                          0x08002151   Thumb Code    50  usart.o(.text)
    USART1_IRQHandler                        0x08002183   Thumb Code   132  usart.o(.text)
    Reset_Handler                            0x08002235   Thumb Code     8  startup_stm32f10x_hd.o(.text)
    ADC1_2_IRQHandler                        0x0800224f   Thumb Code     0  startup_stm32f10x_hd.o(.text)
    ADC3_IRQHandler                          0x0800224f   Thumb Code     0  startup_stm32f10x_hd.o(.text)
    CAN1_RX1_IRQHandler                      0x0800224f   Thumb Code     0  startup_stm32f10x_hd.o(.text)
    CAN1_SCE_IRQHandler                      0x0800224f   Thumb Code     0  startup_stm32f10x_hd.o(.text)
    DMA1_Channel1_IRQHandler                 0x0800224f   Thumb Code     0  startup_stm32f10x_hd.o(.text)
    DMA1_Channel2_IRQHandler                 0x0800224f   Thumb Code     0  startup_stm32f10x_hd.o(.text)
    DMA1_Channel3_IRQHandler                 0x0800224f   Thumb Code     0  startup_stm32f10x_hd.o(.text)
    DMA1_Channel4_IRQHandler                 0x0800224f   Thumb Code     0  startup_stm32f10x_hd.o(.text)
    DMA1_Channel5_IRQHandler                 0x0800224f   Thumb Code     0  startup_stm32f10x_hd.o(.text)
    DMA1_Channel6_IRQHandler                 0x0800224f   Thumb Code     0  startup_stm32f10x_hd.o(.text)
    DMA1_Channel7_IRQHandler                 0x0800224f   Thumb Code     0  startup_stm32f10x_hd.o(.text)
    DMA2_Channel1_IRQHandler                 0x0800224f   Thumb Code     0  startup_stm32f10x_hd.o(.text)
    DMA2_Channel2_IRQHandler                 0x0800224f   Thumb Code     0  startup_stm32f10x_hd.o(.text)
    DMA2_Channel3_IRQHandler                 0x0800224f   Thumb Code     0  startup_stm32f10x_hd.o(.text)
    DMA2_Channel4_5_IRQHandler               0x0800224f   Thumb Code     0  startup_stm32f10x_hd.o(.text)
    EXTI15_10_IRQHandler                     0x0800224f   Thumb Code     0  startup_stm32f10x_hd.o(.text)
    EXTI1_IRQHandler                         0x0800224f   Thumb Code     0  startup_stm32f10x_hd.o(.text)
    EXTI2_IRQHandler                         0x0800224f   Thumb Code     0  startup_stm32f10x_hd.o(.text)
    EXTI3_IRQHandler                         0x0800224f   Thumb Code     0  startup_stm32f10x_hd.o(.text)
    EXTI4_IRQHandler                         0x0800224f   Thumb Code     0  startup_stm32f10x_hd.o(.text)
    EXTI9_5_IRQHandler                       0x0800224f   Thumb Code     0  startup_stm32f10x_hd.o(.text)
    FLASH_IRQHandler                         0x0800224f   Thumb Code     0  startup_stm32f10x_hd.o(.text)
    FSMC_IRQHandler                          0x0800224f   Thumb Code     0  startup_stm32f10x_hd.o(.text)
    I2C1_ER_IRQHandler                       0x0800224f   Thumb Code     0  startup_stm32f10x_hd.o(.text)
    I2C1_EV_IRQHandler                       0x0800224f   Thumb Code     0  startup_stm32f10x_hd.o(.text)
    I2C2_ER_IRQHandler                       0x0800224f   Thumb Code     0  startup_stm32f10x_hd.o(.text)
    I2C2_EV_IRQHandler                       0x0800224f   Thumb Code     0  startup_stm32f10x_hd.o(.text)
    PVD_IRQHandler                           0x0800224f   Thumb Code     0  startup_stm32f10x_hd.o(.text)
    RCC_IRQHandler                           0x0800224f   Thumb Code     0  startup_stm32f10x_hd.o(.text)
    RTCAlarm_IRQHandler                      0x0800224f   Thumb Code     0  startup_stm32f10x_hd.o(.text)
    RTC_IRQHandler                           0x0800224f   Thumb Code     0  startup_stm32f10x_hd.o(.text)
    SDIO_IRQHandler                          0x0800224f   Thumb Code     0  startup_stm32f10x_hd.o(.text)
    SPI1_IRQHandler                          0x0800224f   Thumb Code     0  startup_stm32f10x_hd.o(.text)
    SPI2_IRQHandler                          0x0800224f   Thumb Code     0  startup_stm32f10x_hd.o(.text)
    SPI3_IRQHandler                          0x0800224f   Thumb Code     0  startup_stm32f10x_hd.o(.text)
    TAMPER_IRQHandler                        0x0800224f   Thumb Code     0  startup_stm32f10x_hd.o(.text)
    TIM1_BRK_IRQHandler                      0x0800224f   Thumb Code     0  startup_stm32f10x_hd.o(.text)
    TIM1_CC_IRQHandler                       0x0800224f   Thumb Code     0  startup_stm32f10x_hd.o(.text)
    TIM1_TRG_COM_IRQHandler                  0x0800224f   Thumb Code     0  startup_stm32f10x_hd.o(.text)
    TIM1_UP_IRQHandler                       0x0800224f   Thumb Code     0  startup_stm32f10x_hd.o(.text)
    TIM4_IRQHandler                          0x0800224f   Thumb Code     0  startup_stm32f10x_hd.o(.text)
    TIM5_IRQHandler                          0x0800224f   Thumb Code     0  startup_stm32f10x_hd.o(.text)
    TIM6_IRQHandler                          0x0800224f   Thumb Code     0  startup_stm32f10x_hd.o(.text)
    TIM7_IRQHandler                          0x0800224f   Thumb Code     0  startup_stm32f10x_hd.o(.text)
    TIM8_BRK_IRQHandler                      0x0800224f   Thumb Code     0  startup_stm32f10x_hd.o(.text)
    TIM8_CC_IRQHandler                       0x0800224f   Thumb Code     0  startup_stm32f10x_hd.o(.text)
    TIM8_TRG_COM_IRQHandler                  0x0800224f   Thumb Code     0  startup_stm32f10x_hd.o(.text)
    TIM8_UP_IRQHandler                       0x0800224f   Thumb Code     0  startup_stm32f10x_hd.o(.text)
    UART4_IRQHandler                         0x0800224f   Thumb Code     0  startup_stm32f10x_hd.o(.text)
    UART5_IRQHandler                         0x0800224f   Thumb Code     0  startup_stm32f10x_hd.o(.text)
    USART2_IRQHandler                        0x0800224f   Thumb Code     0  startup_stm32f10x_hd.o(.text)
    USART3_IRQHandler                        0x0800224f   Thumb Code     0  startup_stm32f10x_hd.o(.text)
    USBWakeUp_IRQHandler                     0x0800224f   Thumb Code     0  startup_stm32f10x_hd.o(.text)
    USB_HP_CAN1_TX_IRQHandler                0x0800224f   Thumb Code     0  startup_stm32f10x_hd.o(.text)
    USB_LP_CAN1_RX0_IRQHandler               0x0800224f   Thumb Code     0  startup_stm32f10x_hd.o(.text)
    WWDG_IRQHandler                          0x0800224f   Thumb Code     0  startup_stm32f10x_hd.o(.text)
    NVIC_PriorityGroupConfig                 0x08002259   Thumb Code    10  misc.o(.text)
    NVIC_Init                                0x08002263   Thumb Code   100  misc.o(.text)
    NVIC_SetVectorTable                      0x080022c7   Thumb Code    14  misc.o(.text)
    NVIC_SystemLPConfig                      0x080022d5   Thumb Code    34  misc.o(.text)
    SysTick_CLKSourceConfig                  0x080022f7   Thumb Code    40  misc.o(.text)
    GPIO_DeInit                              0x08002335   Thumb Code   172  stm32f10x_gpio.o(.text)
    GPIO_AFIODeInit                          0x080023e1   Thumb Code    20  stm32f10x_gpio.o(.text)
    GPIO_Init                                0x080023f5   Thumb Code   278  stm32f10x_gpio.o(.text)
    GPIO_StructInit                          0x0800250b   Thumb Code    16  stm32f10x_gpio.o(.text)
    GPIO_ReadInputDataBit                    0x0800251b   Thumb Code    18  stm32f10x_gpio.o(.text)
    GPIO_ReadInputData                       0x0800252d   Thumb Code     8  stm32f10x_gpio.o(.text)
    GPIO_ReadOutputDataBit                   0x08002535   Thumb Code    18  stm32f10x_gpio.o(.text)
    GPIO_ReadOutputData                      0x08002547   Thumb Code     8  stm32f10x_gpio.o(.text)
    GPIO_SetBits                             0x0800254f   Thumb Code     4  stm32f10x_gpio.o(.text)
    GPIO_ResetBits                           0x08002553   Thumb Code     4  stm32f10x_gpio.o(.text)
    GPIO_WriteBit                            0x08002557   Thumb Code    10  stm32f10x_gpio.o(.text)
    GPIO_Write                               0x08002561   Thumb Code     4  stm32f10x_gpio.o(.text)
    GPIO_PinLockConfig                       0x08002565   Thumb Code    18  stm32f10x_gpio.o(.text)
    GPIO_EventOutputConfig                   0x08002577   Thumb Code    26  stm32f10x_gpio.o(.text)
    GPIO_EventOutputCmd                      0x08002591   Thumb Code     6  stm32f10x_gpio.o(.text)
    GPIO_PinRemapConfig                      0x08002597   Thumb Code   138  stm32f10x_gpio.o(.text)
    GPIO_EXTILineConfig                      0x08002621   Thumb Code    66  stm32f10x_gpio.o(.text)
    GPIO_ETH_MediaInterfaceConfig            0x08002663   Thumb Code     8  stm32f10x_gpio.o(.text)
    RCC_DeInit                               0x08002691   Thumb Code    64  stm32f10x_rcc.o(.text)
    RCC_HSEConfig                            0x080026d1   Thumb Code    70  stm32f10x_rcc.o(.text)
    RCC_GetFlagStatus                        0x08002717   Thumb Code    56  stm32f10x_rcc.o(.text)
    RCC_WaitForHSEStartUp                    0x0800274f   Thumb Code    56  stm32f10x_rcc.o(.text)
    RCC_AdjustHSICalibrationValue            0x08002787   Thumb Code    20  stm32f10x_rcc.o(.text)
    RCC_HSICmd                               0x0800279b   Thumb Code     6  stm32f10x_rcc.o(.text)
    RCC_PLLConfig                            0x080027a1   Thumb Code    24  stm32f10x_rcc.o(.text)
    RCC_PLLCmd                               0x080027b9   Thumb Code     6  stm32f10x_rcc.o(.text)
    RCC_SYSCLKConfig                         0x080027bf   Thumb Code    18  stm32f10x_rcc.o(.text)
    RCC_GetSYSCLKSource                      0x080027d1   Thumb Code    10  stm32f10x_rcc.o(.text)
    RCC_HCLKConfig                           0x080027db   Thumb Code    18  stm32f10x_rcc.o(.text)
    RCC_PCLK1Config                          0x080027ed   Thumb Code    18  stm32f10x_rcc.o(.text)
    RCC_PCLK2Config                          0x080027ff   Thumb Code    20  stm32f10x_rcc.o(.text)
    RCC_ITConfig                             0x08002813   Thumb Code    26  stm32f10x_rcc.o(.text)
    RCC_USBCLKConfig                         0x0800282d   Thumb Code     8  stm32f10x_rcc.o(.text)
    RCC_ADCCLKConfig                         0x08002835   Thumb Code    18  stm32f10x_rcc.o(.text)
    RCC_LSEConfig                            0x08002847   Thumb Code    50  stm32f10x_rcc.o(.text)
    RCC_LSICmd                               0x08002879   Thumb Code     6  stm32f10x_rcc.o(.text)
    RCC_RTCCLKConfig                         0x0800287f   Thumb Code    12  stm32f10x_rcc.o(.text)
    RCC_RTCCLKCmd                            0x0800288b   Thumb Code     8  stm32f10x_rcc.o(.text)
    RCC_GetClocksFreq                        0x08002893   Thumb Code   192  stm32f10x_rcc.o(.text)
    RCC_AHBPeriphClockCmd                    0x08002953   Thumb Code    26  stm32f10x_rcc.o(.text)
    RCC_APB2PeriphClockCmd                   0x0800296d   Thumb Code    26  stm32f10x_rcc.o(.text)
    RCC_APB1PeriphClockCmd                   0x08002987   Thumb Code    26  stm32f10x_rcc.o(.text)
    RCC_APB2PeriphResetCmd                   0x080029a1   Thumb Code    26  stm32f10x_rcc.o(.text)
    RCC_APB1PeriphResetCmd                   0x080029bb   Thumb Code    26  stm32f10x_rcc.o(.text)
    RCC_BackupResetCmd                       0x080029d5   Thumb Code     8  stm32f10x_rcc.o(.text)
    RCC_ClockSecuritySystemCmd               0x080029dd   Thumb Code     6  stm32f10x_rcc.o(.text)
    RCC_MCOConfig                            0x080029e3   Thumb Code     6  stm32f10x_rcc.o(.text)
    RCC_ClearFlag                            0x080029e9   Thumb Code    14  stm32f10x_rcc.o(.text)
    RCC_GetITStatus                          0x080029f7   Thumb Code    20  stm32f10x_rcc.o(.text)
    RCC_ClearITPendingBit                    0x08002a0b   Thumb Code     6  stm32f10x_rcc.o(.text)
    TIM_DeInit                               0x08002a35   Thumb Code   424  stm32f10x_tim.o(.text)
    TIM_TimeBaseInit                         0x08002bdd   Thumb Code   122  stm32f10x_tim.o(.text)
    TIM_OC1Init                              0x08002c57   Thumb Code   132  stm32f10x_tim.o(.text)
    TIM_OC2Init                              0x08002cdb   Thumb Code   154  stm32f10x_tim.o(.text)
    TIM_OC3Init                              0x08002d75   Thumb Code   150  stm32f10x_tim.o(.text)
    TIM_OC4Init                              0x08002e0b   Thumb Code   182  stm32f10x_tim.o(.text)
    TIM_SetIC4Prescaler                      0x08002ec1   Thumb Code    26  stm32f10x_tim.o(.text)
    TIM_SetIC3Prescaler                      0x08002f5d   Thumb Code    18  stm32f10x_tim.o(.text)
    TIM_SetIC2Prescaler                      0x08002fe9   Thumb Code    26  stm32f10x_tim.o(.text)
    TIM_SetIC1Prescaler                      0x08003085   Thumb Code    18  stm32f10x_tim.o(.text)
    TIM_ICInit                               0x08003103   Thumb Code   150  stm32f10x_tim.o(.text)
    TIM_PWMIConfig                           0x08003199   Thumb Code   124  stm32f10x_tim.o(.text)
    TIM_BDTRConfig                           0x08003215   Thumb Code    32  stm32f10x_tim.o(.text)
    TIM_TimeBaseStructInit                   0x08003235   Thumb Code    18  stm32f10x_tim.o(.text)
    TIM_OCStructInit                         0x08003247   Thumb Code    20  stm32f10x_tim.o(.text)
    TIM_ICStructInit                         0x0800325b   Thumb Code    18  stm32f10x_tim.o(.text)
    TIM_BDTRStructInit                       0x0800326d   Thumb Code    40  stm32f10x_tim.o(.text)
    TIM_Cmd                                  0x08003295   Thumb Code    24  stm32f10x_tim.o(.text)
    TIM_CtrlPWMOutputs                       0x080032ad   Thumb Code    30  stm32f10x_tim.o(.text)
    TIM_ITConfig                             0x080032cb   Thumb Code    18  stm32f10x_tim.o(.text)
    TIM_GenerateEvent                        0x080032dd   Thumb Code     4  stm32f10x_tim.o(.text)
    TIM_DMAConfig                            0x080032e1   Thumb Code    10  stm32f10x_tim.o(.text)
    TIM_DMACmd                               0x080032eb   Thumb Code    18  stm32f10x_tim.o(.text)
    TIM_InternalClockConfig                  0x080032fd   Thumb Code    12  stm32f10x_tim.o(.text)
    TIM_SelectInputTrigger                   0x08003309   Thumb Code    18  stm32f10x_tim.o(.text)
    TIM_ITRxExternalClockConfig              0x0800331b   Thumb Code    24  stm32f10x_tim.o(.text)
    TIM_TIxExternalClockConfig               0x08003333   Thumb Code    62  stm32f10x_tim.o(.text)
    TIM_ETRConfig                            0x08003371   Thumb Code    28  stm32f10x_tim.o(.text)
    TIM_ETRClockMode1Config                  0x0800338d   Thumb Code    54  stm32f10x_tim.o(.text)
    TIM_ETRClockMode2Config                  0x080033c3   Thumb Code    32  stm32f10x_tim.o(.text)
    TIM_PrescalerConfig                      0x080033e3   Thumb Code     6  stm32f10x_tim.o(.text)
    TIM_CounterModeConfig                    0x080033e9   Thumb Code    18  stm32f10x_tim.o(.text)
    TIM_EncoderInterfaceConfig               0x080033fb   Thumb Code    66  stm32f10x_tim.o(.text)
    TIM_ForcedOC1Config                      0x0800343d   Thumb Code    18  stm32f10x_tim.o(.text)
    TIM_ForcedOC2Config                      0x0800344f   Thumb Code    26  stm32f10x_tim.o(.text)
    TIM_ForcedOC3Config                      0x08003469   Thumb Code    18  stm32f10x_tim.o(.text)
    TIM_ForcedOC4Config                      0x0800347b   Thumb Code    26  stm32f10x_tim.o(.text)
    TIM_ARRPreloadConfig                     0x08003495   Thumb Code    24  stm32f10x_tim.o(.text)
    TIM_SelectCOM                            0x080034ad   Thumb Code    24  stm32f10x_tim.o(.text)
    TIM_SelectCCDMA                          0x080034c5   Thumb Code    24  stm32f10x_tim.o(.text)
    TIM_CCPreloadControl                     0x080034dd   Thumb Code    24  stm32f10x_tim.o(.text)
    TIM_OC1PreloadConfig                     0x080034f5   Thumb Code    18  stm32f10x_tim.o(.text)
    TIM_OC2PreloadConfig                     0x08003507   Thumb Code    26  stm32f10x_tim.o(.text)
    TIM_OC3PreloadConfig                     0x08003521   Thumb Code    18  stm32f10x_tim.o(.text)
    TIM_OC4PreloadConfig                     0x08003533   Thumb Code    26  stm32f10x_tim.o(.text)
    TIM_OC1FastConfig                        0x0800354d   Thumb Code    18  stm32f10x_tim.o(.text)
    TIM_OC2FastConfig                        0x0800355f   Thumb Code    26  stm32f10x_tim.o(.text)
    TIM_OC3FastConfig                        0x08003579   Thumb Code    18  stm32f10x_tim.o(.text)
    TIM_OC4FastConfig                        0x0800358b   Thumb Code    26  stm32f10x_tim.o(.text)
    TIM_ClearOC1Ref                          0x080035a5   Thumb Code    18  stm32f10x_tim.o(.text)
    TIM_ClearOC2Ref                          0x080035b7   Thumb Code    24  stm32f10x_tim.o(.text)
    TIM_ClearOC3Ref                          0x080035cf   Thumb Code    18  stm32f10x_tim.o(.text)
    TIM_ClearOC4Ref                          0x080035e1   Thumb Code    24  stm32f10x_tim.o(.text)
    TIM_OC1PolarityConfig                    0x080035f9   Thumb Code    18  stm32f10x_tim.o(.text)
    TIM_OC1NPolarityConfig                   0x0800360b   Thumb Code    18  stm32f10x_tim.o(.text)
    TIM_OC2PolarityConfig                    0x0800361d   Thumb Code    26  stm32f10x_tim.o(.text)
    TIM_OC2NPolarityConfig                   0x08003637   Thumb Code    26  stm32f10x_tim.o(.text)
    TIM_OC3PolarityConfig                    0x08003651   Thumb Code    26  stm32f10x_tim.o(.text)
    TIM_OC3NPolarityConfig                   0x0800366b   Thumb Code    26  stm32f10x_tim.o(.text)
    TIM_OC4PolarityConfig                    0x08003685   Thumb Code    26  stm32f10x_tim.o(.text)
    TIM_CCxCmd                               0x0800369f   Thumb Code    30  stm32f10x_tim.o(.text)
    TIM_CCxNCmd                              0x080036bd   Thumb Code    30  stm32f10x_tim.o(.text)
    TIM_SelectOCxM                           0x080036db   Thumb Code    82  stm32f10x_tim.o(.text)
    TIM_UpdateDisableConfig                  0x0800372d   Thumb Code    24  stm32f10x_tim.o(.text)
    TIM_UpdateRequestConfig                  0x08003745   Thumb Code    24  stm32f10x_tim.o(.text)
    TIM_SelectHallSensor                     0x0800375d   Thumb Code    24  stm32f10x_tim.o(.text)
    TIM_SelectOnePulseMode                   0x08003775   Thumb Code    18  stm32f10x_tim.o(.text)
    TIM_SelectOutputTrigger                  0x08003787   Thumb Code    18  stm32f10x_tim.o(.text)
    TIM_SelectSlaveMode                      0x08003799   Thumb Code    18  stm32f10x_tim.o(.text)
    TIM_SelectMasterSlaveMode                0x080037ab   Thumb Code    18  stm32f10x_tim.o(.text)
    TIM_SetCounter                           0x080037bd   Thumb Code     4  stm32f10x_tim.o(.text)
    TIM_SetAutoreload                        0x080037c1   Thumb Code     4  stm32f10x_tim.o(.text)
    TIM_SetCompare1                          0x080037c5   Thumb Code     4  stm32f10x_tim.o(.text)
    TIM_SetCompare2                          0x080037c9   Thumb Code     4  stm32f10x_tim.o(.text)
    TIM_SetCompare3                          0x080037cd   Thumb Code     4  stm32f10x_tim.o(.text)
    TIM_SetCompare4                          0x080037d1   Thumb Code     6  stm32f10x_tim.o(.text)
    TIM_SetClockDivision                     0x080037d7   Thumb Code    18  stm32f10x_tim.o(.text)
    TIM_GetCapture1                          0x080037e9   Thumb Code     6  stm32f10x_tim.o(.text)
    TIM_GetCapture2                          0x080037ef   Thumb Code     6  stm32f10x_tim.o(.text)
    TIM_GetCapture3                          0x080037f5   Thumb Code     6  stm32f10x_tim.o(.text)
    TIM_GetCapture4                          0x080037fb   Thumb Code     8  stm32f10x_tim.o(.text)
    TIM_GetCounter                           0x08003803   Thumb Code     6  stm32f10x_tim.o(.text)
    TIM_GetPrescaler                         0x08003809   Thumb Code     6  stm32f10x_tim.o(.text)
    TIM_GetFlagStatus                        0x0800380f   Thumb Code    18  stm32f10x_tim.o(.text)
    TIM_ClearFlag                            0x08003821   Thumb Code     6  stm32f10x_tim.o(.text)
    TIM_GetITStatus                          0x08003827   Thumb Code    34  stm32f10x_tim.o(.text)
    TIM_ClearITPendingBit                    0x08003849   Thumb Code     6  stm32f10x_tim.o(.text)
    USART_DeInit                             0x08003851   Thumb Code   134  stm32f10x_usart.o(.text)
    USART_Init                               0x080038d7   Thumb Code   210  stm32f10x_usart.o(.text)
    USART_StructInit                         0x080039a9   Thumb Code    24  stm32f10x_usart.o(.text)
    USART_ClockInit                          0x080039c1   Thumb Code    34  stm32f10x_usart.o(.text)
    USART_ClockStructInit                    0x080039e3   Thumb Code    12  stm32f10x_usart.o(.text)
    USART_Cmd                                0x080039ef   Thumb Code    24  stm32f10x_usart.o(.text)
    USART_ITConfig                           0x08003a07   Thumb Code    74  stm32f10x_usart.o(.text)
    USART_DMACmd                             0x08003a51   Thumb Code    18  stm32f10x_usart.o(.text)
    USART_SetAddress                         0x08003a63   Thumb Code    18  stm32f10x_usart.o(.text)
    USART_WakeUpConfig                       0x08003a75   Thumb Code    18  stm32f10x_usart.o(.text)
    USART_ReceiverWakeUpCmd                  0x08003a87   Thumb Code    24  stm32f10x_usart.o(.text)
    USART_LINBreakDetectLengthConfig         0x08003a9f   Thumb Code    18  stm32f10x_usart.o(.text)
    USART_LINCmd                             0x08003ab1   Thumb Code    24  stm32f10x_usart.o(.text)
    USART_SendData                           0x08003ac9   Thumb Code     8  stm32f10x_usart.o(.text)
    USART_ReceiveData                        0x08003ad1   Thumb Code    10  stm32f10x_usart.o(.text)
    USART_SendBreak                          0x08003adb   Thumb Code    10  stm32f10x_usart.o(.text)
    USART_SetGuardTime                       0x08003ae5   Thumb Code    16  stm32f10x_usart.o(.text)
    USART_SetPrescaler                       0x08003af5   Thumb Code    16  stm32f10x_usart.o(.text)
    USART_SmartCardCmd                       0x08003b05   Thumb Code    24  stm32f10x_usart.o(.text)
    USART_SmartCardNACKCmd                   0x08003b1d   Thumb Code    24  stm32f10x_usart.o(.text)
    USART_HalfDuplexCmd                      0x08003b35   Thumb Code    24  stm32f10x_usart.o(.text)
    USART_OverSampling8Cmd                   0x08003b4d   Thumb Code    22  stm32f10x_usart.o(.text)
    USART_OneBitMethodCmd                    0x08003b63   Thumb Code    24  stm32f10x_usart.o(.text)
    USART_IrDAConfig                         0x08003b7b   Thumb Code    18  stm32f10x_usart.o(.text)
    USART_IrDACmd                            0x08003b8d   Thumb Code    24  stm32f10x_usart.o(.text)
    USART_GetFlagStatus                      0x08003ba5   Thumb Code    26  stm32f10x_usart.o(.text)
    USART_ClearFlag                          0x08003bbf   Thumb Code    18  stm32f10x_usart.o(.text)
    USART_GetITStatus                        0x08003bd1   Thumb Code    84  stm32f10x_usart.o(.text)
    USART_ClearITPendingBit                  0x08003c25   Thumb Code    52  stm32f10x_usart.o(.text)
    ADC_DeInit                               0x08003c59   Thumb Code    78  stm32f10x_adc.o(.text)
    ADC_Init                                 0x08003ca7   Thumb Code    70  stm32f10x_adc.o(.text)
    ADC_StructInit                           0x08003ced   Thumb Code    18  stm32f10x_adc.o(.text)
    ADC_Cmd                                  0x08003cff   Thumb Code    22  stm32f10x_adc.o(.text)
    ADC_DMACmd                               0x08003d15   Thumb Code    22  stm32f10x_adc.o(.text)
    ADC_ITConfig                             0x08003d2b   Thumb Code    24  stm32f10x_adc.o(.text)
    ADC_ResetCalibration                     0x08003d43   Thumb Code    10  stm32f10x_adc.o(.text)
    ADC_GetResetCalibrationStatus            0x08003d4d   Thumb Code    20  stm32f10x_adc.o(.text)
    ADC_StartCalibration                     0x08003d61   Thumb Code    10  stm32f10x_adc.o(.text)
    ADC_GetCalibrationStatus                 0x08003d6b   Thumb Code    20  stm32f10x_adc.o(.text)
    ADC_SoftwareStartConvCmd                 0x08003d7f   Thumb Code    22  stm32f10x_adc.o(.text)
    ADC_GetSoftwareStartConvStatus           0x08003d95   Thumb Code    20  stm32f10x_adc.o(.text)
    ADC_DiscModeChannelCountConfig           0x08003da9   Thumb Code    24  stm32f10x_adc.o(.text)
    ADC_DiscModeCmd                          0x08003dc1   Thumb Code    22  stm32f10x_adc.o(.text)
    ADC_RegularChannelConfig                 0x08003dd7   Thumb Code   184  stm32f10x_adc.o(.text)
    ADC_ExternalTrigConvCmd                  0x08003e8f   Thumb Code    22  stm32f10x_adc.o(.text)
    ADC_GetConversionValue                   0x08003ea5   Thumb Code     8  stm32f10x_adc.o(.text)
    ADC_GetDualModeConversionValue           0x08003ead   Thumb Code     8  stm32f10x_adc.o(.text)
    ADC_AutoInjectedConvCmd                  0x08003eb5   Thumb Code    22  stm32f10x_adc.o(.text)
    ADC_InjectedDiscModeCmd                  0x08003ecb   Thumb Code    22  stm32f10x_adc.o(.text)
    ADC_ExternalTrigInjectedConvConfig       0x08003ee1   Thumb Code    16  stm32f10x_adc.o(.text)
    ADC_ExternalTrigInjectedConvCmd          0x08003ef1   Thumb Code    22  stm32f10x_adc.o(.text)
    ADC_SoftwareStartInjectedConvCmd         0x08003f07   Thumb Code    22  stm32f10x_adc.o(.text)
    ADC_GetSoftwareStartInjectedConvCmdStatus 0x08003f1d   Thumb Code    20  stm32f10x_adc.o(.text)
    ADC_InjectedChannelConfig                0x08003f31   Thumb Code   130  stm32f10x_adc.o(.text)
    ADC_InjectedSequencerLengthConfig        0x08003fb3   Thumb Code    24  stm32f10x_adc.o(.text)
    ADC_SetInjectedOffset                    0x08003fcb   Thumb Code    20  stm32f10x_adc.o(.text)
    ADC_GetInjectedConversionValue           0x08003fdf   Thumb Code    28  stm32f10x_adc.o(.text)
    ADC_AnalogWatchdogCmd                    0x08003ffb   Thumb Code    16  stm32f10x_adc.o(.text)
    ADC_AnalogWatchdogThresholdsConfig       0x0800400b   Thumb Code     6  stm32f10x_adc.o(.text)
    ADC_AnalogWatchdogSingleChannelConfig    0x08004011   Thumb Code    16  stm32f10x_adc.o(.text)
    ADC_TempSensorVrefintCmd                 0x08004021   Thumb Code    64  stm32f10x_adc.o(.text)
    ADC_GetFlagStatus                        0x08004061   Thumb Code    18  stm32f10x_adc.o(.text)
    ADC_ClearFlag                            0x08004073   Thumb Code     6  stm32f10x_adc.o(.text)
    ADC_GetITStatus                          0x08004079   Thumb Code    36  stm32f10x_adc.o(.text)
    ADC_ClearITPendingBit                    0x0800409d   Thumb Code    10  stm32f10x_adc.o(.text)
    EXTI_DeInit                              0x080040a9   Thumb Code    28  stm32f10x_exti.o(.text)
    EXTI_Init                                0x080040c5   Thumb Code   142  stm32f10x_exti.o(.text)
    EXTI_StructInit                          0x08004153   Thumb Code    16  stm32f10x_exti.o(.text)
    EXTI_GenerateSWInterrupt                 0x08004163   Thumb Code    16  stm32f10x_exti.o(.text)
    EXTI_GetFlagStatus                       0x08004173   Thumb Code    22  stm32f10x_exti.o(.text)
    EXTI_ClearFlag                           0x08004189   Thumb Code     8  stm32f10x_exti.o(.text)
    EXTI_GetITStatus                         0x08004191   Thumb Code    34  stm32f10x_exti.o(.text)
    EXTI_ClearITPendingBit                   0x080041b3   Thumb Code     8  stm32f10x_exti.o(.text)
    SPI_I2S_DeInit                           0x080041c5   Thumb Code    76  stm32f10x_spi.o(.text)
    SPI_Init                                 0x08004211   Thumb Code    60  stm32f10x_spi.o(.text)
    I2S_Init                                 0x0800424d   Thumb Code   226  stm32f10x_spi.o(.text)
    SPI_StructInit                           0x0800432f   Thumb Code    24  stm32f10x_spi.o(.text)
    I2S_StructInit                           0x08004347   Thumb Code    20  stm32f10x_spi.o(.text)
    SPI_Cmd                                  0x0800435b   Thumb Code    24  stm32f10x_spi.o(.text)
    I2S_Cmd                                  0x08004373   Thumb Code    24  stm32f10x_spi.o(.text)
    SPI_I2S_ITConfig                         0x0800438b   Thumb Code    32  stm32f10x_spi.o(.text)
    SPI_I2S_DMACmd                           0x080043ab   Thumb Code    18  stm32f10x_spi.o(.text)
    SPI_I2S_SendData                         0x080043bd   Thumb Code     4  stm32f10x_spi.o(.text)
    SPI_I2S_ReceiveData                      0x080043c1   Thumb Code     6  stm32f10x_spi.o(.text)
    SPI_NSSInternalSoftwareConfig            0x080043c7   Thumb Code    30  stm32f10x_spi.o(.text)
    SPI_SSOutputCmd                          0x080043e5   Thumb Code    24  stm32f10x_spi.o(.text)
    SPI_DataSizeConfig                       0x080043fd   Thumb Code    18  stm32f10x_spi.o(.text)
    SPI_TransmitCRC                          0x0800440f   Thumb Code    10  stm32f10x_spi.o(.text)
    SPI_CalculateCRC                         0x08004419   Thumb Code    24  stm32f10x_spi.o(.text)
    SPI_GetCRC                               0x08004431   Thumb Code    16  stm32f10x_spi.o(.text)
    SPI_GetCRCPolynomial                     0x08004441   Thumb Code     6  stm32f10x_spi.o(.text)
    SPI_BiDirectionalLineConfig              0x08004447   Thumb Code    28  stm32f10x_spi.o(.text)
    SPI_I2S_GetFlagStatus                    0x08004463   Thumb Code    18  stm32f10x_spi.o(.text)
    SPI_I2S_ClearFlag                        0x08004475   Thumb Code     6  stm32f10x_spi.o(.text)
    SPI_I2S_GetITStatus                      0x0800447b   Thumb Code    52  stm32f10x_spi.o(.text)
    SPI_I2S_ClearITPendingBit                0x080044af   Thumb Code    20  stm32f10x_spi.o(.text)
    FLASH_SetLatency                         0x080044d1   Thumb Code    18  stm32f10x_flash.o(.text)
    FLASH_HalfCycleAccessCmd                 0x080044e3   Thumb Code    22  stm32f10x_flash.o(.text)
    FLASH_PrefetchBufferCmd                  0x080044f9   Thumb Code    22  stm32f10x_flash.o(.text)
    FLASH_Unlock                             0x0800450f   Thumb Code    12  stm32f10x_flash.o(.text)
    FLASH_UnlockBank1                        0x0800451b   Thumb Code    12  stm32f10x_flash.o(.text)
    FLASH_Lock                               0x08004527   Thumb Code    14  stm32f10x_flash.o(.text)
    FLASH_LockBank1                          0x08004535   Thumb Code    14  stm32f10x_flash.o(.text)
    FLASH_GetBank1Status                     0x08004543   Thumb Code    48  stm32f10x_flash.o(.text)
    FLASH_WaitForLastOperation               0x08004573   Thumb Code    38  stm32f10x_flash.o(.text)
    FLASH_ErasePage                          0x08004599   Thumb Code    72  stm32f10x_flash.o(.text)
    FLASH_EraseAllPages                      0x080045e1   Thumb Code    68  stm32f10x_flash.o(.text)
    FLASH_WaitForLastBank1Operation          0x08004625   Thumb Code    38  stm32f10x_flash.o(.text)
    FLASH_EraseAllBank1Pages                 0x0800464b   Thumb Code    68  stm32f10x_flash.o(.text)
    FLASH_GetReadOutProtectionStatus         0x0800468f   Thumb Code    20  stm32f10x_flash.o(.text)
    FLASH_EraseOptionBytes                   0x080046a3   Thumb Code   150  stm32f10x_flash.o(.text)
    FLASH_ProgramWord                        0x08004739   Thumb Code   102  stm32f10x_flash.o(.text)
    FLASH_ProgramHalfWord                    0x0800479f   Thumb Code    60  stm32f10x_flash.o(.text)
    FLASH_ProgramOptionByteData              0x080047db   Thumb Code    72  stm32f10x_flash.o(.text)
    FLASH_EnableWriteProtection              0x08004823   Thumb Code   200  stm32f10x_flash.o(.text)
    FLASH_ReadOutProtection                  0x080048eb   Thumb Code   156  stm32f10x_flash.o(.text)
    FLASH_UserOptionByteConfig               0x08004987   Thumb Code    88  stm32f10x_flash.o(.text)
    FLASH_GetUserOptionByte                  0x080049df   Thumb Code     8  stm32f10x_flash.o(.text)
    FLASH_GetWriteProtectionOptionByte       0x080049e7   Thumb Code     6  stm32f10x_flash.o(.text)
    FLASH_GetPrefetchBufferStatus            0x080049ed   Thumb Code    20  stm32f10x_flash.o(.text)
    FLASH_ITConfig                           0x08004a01   Thumb Code    26  stm32f10x_flash.o(.text)
    FLASH_GetFlagStatus                      0x08004a1b   Thumb Code    42  stm32f10x_flash.o(.text)
    FLASH_ClearFlag                          0x08004a45   Thumb Code     6  stm32f10x_flash.o(.text)
    FLASH_GetStatus                          0x08004a4b   Thumb Code    48  stm32f10x_flash.o(.text)
    DMA_DeInit                               0x08004a8d   Thumb Code   324  stm32f10x_dma.o(.text)
    DMA_Init                                 0x08004bd1   Thumb Code    60  stm32f10x_dma.o(.text)
    DMA_StructInit                           0x08004c0d   Thumb Code    26  stm32f10x_dma.o(.text)
    DMA_Cmd                                  0x08004c27   Thumb Code    24  stm32f10x_dma.o(.text)
    DMA_ITConfig                             0x08004c3f   Thumb Code    18  stm32f10x_dma.o(.text)
    DMA_SetCurrDataCounter                   0x08004c51   Thumb Code     4  stm32f10x_dma.o(.text)
    DMA_GetCurrDataCounter                   0x08004c55   Thumb Code     8  stm32f10x_dma.o(.text)
    DMA_GetFlagStatus                        0x08004c5d   Thumb Code    40  stm32f10x_dma.o(.text)
    DMA_ClearFlag                            0x08004c85   Thumb Code    22  stm32f10x_dma.o(.text)
    DMA_GetITStatus                          0x08004c9b   Thumb Code    40  stm32f10x_dma.o(.text)
    DMA_ClearITPendingBit                    0x08004cc3   Thumb Code    22  stm32f10x_dma.o(.text)
    strlen                                   0x08004ce1   Thumb Code    14  strlen.o(.text)
    atoi                                     0x08004cef   Thumb Code    26  atoi.o(.text)
    __aeabi_uidiv                            0x08004d09   Thumb Code     0  uidiv.o(.text)
    __aeabi_uidivmod                         0x08004d09   Thumb Code    44  uidiv.o(.text)
    __aeabi_uldivmod                         0x08004d35   Thumb Code    98  uldiv.o(.text)
    strtol                                   0x08004d97   Thumb Code   112  strtol.o(.text)
    __I$use$fp                               0x08004e07   Thumb Code     0  iusefp.o(.text)
    __aeabi_dadd                             0x08004e07   Thumb Code   322  dadd.o(.text)
    __aeabi_dsub                             0x08004f49   Thumb Code     6  dadd.o(.text)
    __aeabi_drsub                            0x08004f4f   Thumb Code     6  dadd.o(.text)
    __aeabi_dmul                             0x08004f55   Thumb Code   228  dmul.o(.text)
    __aeabi_ddiv                             0x08005039   Thumb Code   222  ddiv.o(.text)
    __aeabi_d2ulz                            0x08005117   Thumb Code    48  dfixul.o(.text)
    __aeabi_cdrcmple                         0x08005149   Thumb Code    48  cdrcmple.o(.text)
    __scatterload                            0x08005179   Thumb Code    28  init.o(.text)
    __scatterload_rt2                        0x08005179   Thumb Code     0  init.o(.text)
    __aeabi_llsl                             0x0800519d   Thumb Code    30  llshl.o(.text)
    _ll_shift_l                              0x0800519d   Thumb Code     0  llshl.o(.text)
    __aeabi_llsr                             0x080051bb   Thumb Code    32  llushr.o(.text)
    _ll_ushift_r                             0x080051bb   Thumb Code     0  llushr.o(.text)
    __aeabi_lasr                             0x080051db   Thumb Code    36  llsshr.o(.text)
    _ll_sshift_r                             0x080051db   Thumb Code     0  llsshr.o(.text)
    __rt_ctype_table                         0x08005201   Thumb Code     4  ctype_o.o(.text)
    _strtoul                                 0x08005209   Thumb Code   158  _strtoul.o(.text)
    _double_round                            0x080052a7   Thumb Code    30  depilogue.o(.text)
    _double_epilogue                         0x080052c5   Thumb Code   156  depilogue.o(.text)
    _chval                                   0x08005361   Thumb Code    28  _chval.o(.text)
    __0printf$3                              0x0800537d   Thumb Code    22  printf3.o(i.__0printf$3)
    __1printf$3                              0x0800537d   Thumb Code     0  printf3.o(i.__0printf$3)
    __2printf                                0x0800537d   Thumb Code     0  printf3.o(i.__0printf$3)
    __0vsnprintf                             0x0800539d   Thumb Code    40  printfa.o(i.__0vsnprintf)
    __1vsnprintf                             0x0800539d   Thumb Code     0  printfa.o(i.__0vsnprintf)
    __2vsnprintf                             0x0800539d   Thumb Code     0  printfa.o(i.__0vsnprintf)
    __c89vsnprintf                           0x0800539d   Thumb Code     0  printfa.o(i.__0vsnprintf)
    vsnprintf                                0x0800539d   Thumb Code     0  printfa.o(i.__0vsnprintf)
    __aeabi_errno_addr                       0x080053c9   Thumb Code     4  errno.o(i.__aeabi_errno_addr)
    __rt_errno_addr                          0x080053c9   Thumb Code     0  errno.o(i.__aeabi_errno_addr)
    __scatterload_copy                       0x080053d1   Thumb Code    14  handlers.o(i.__scatterload_copy)
    __scatterload_null                       0x080053df   Thumb Code     2  handlers.o(i.__scatterload_null)
    __scatterload_zeroinit                   0x080053e1   Thumb Code    14  handlers.o(i.__scatterload_zeroinit)
    __ctype_table                            0x08005e70   Data         129  ctype_o.o(.constdata)
    Region$$Table$$Base                      0x08005f40   Number         0  anon$$obj.o(Region$$Table)
    Region$$Table$$Limit                     0x08005f60   Number         0  anon$$obj.o(Region$$Table)
    SystemCoreClock                          0x20000000   Data           4  system_stm32f10x.o(.data)
    AHBPrescTable                            0x20000004   Data          16  system_stm32f10x.o(.data)
    sys_flag                                 0x20000014   Data           4  timer.o(.data)
    ADC_ConvertedValue                       0x20000018   Data           2  adc.o(.data)
    txsize                                   0x2000001a   Data           8  w5500.o(.data)
    rxsize                                   0x20000022   Data           8  w5500.o(.data)
    mac                                      0x2000002c   Data           6  w5500_conf.o(.data)
    local_ip                                 0x20000032   Data           4  w5500_conf.o(.data)
    subnet                                   0x20000036   Data           4  w5500_conf.o(.data)
    gateway                                  0x2000003a   Data           4  w5500_conf.o(.data)
    dns_server                               0x2000003e   Data           4  w5500_conf.o(.data)
    local_port                               0x20000042   Data           2  w5500_conf.o(.data)
    remote_ip                                0x20000044   Data           4  w5500_conf.o(.data)
    remote_port                              0x20000048   Data           2  w5500_conf.o(.data)
    ip_from                                  0x2000004a   Data           1  w5500_conf.o(.data)
    dhcp_ok                                  0x2000004b   Data           1  w5500_conf.o(.data)
    ms                                       0x2000004c   Data           4  w5500_conf.o(.data)
    dhcp_time                                0x20000050   Data           4  w5500_conf.o(.data)
    ntptimer                                 0x20000054   Data           1  w5500_conf.o(.data)
    gSocketNum                               0x20000055   Data           1  w5500_conf.o(.data)
    count_num                                0x20000056   Data           2  gpio.o(.data)
    Is_trigger                               0x20000058   Data           1  gpio.o(.data)
    Is_HC_EN                                 0x20000059   Data           1  gpio.o(.data)
    HELP_CMD_ARR                             0x2000005c   Data          12  mycmd.o(.data)
    VERSION_CMD_ARR                          0x20000068   Data          12  mycmd.o(.data)
    TRIGGER_CMD_ARR                          0x20000074   Data          12  mycmd.o(.data)
    AD8253_CMD_ARR                           0x20000080   Data          12  mycmd.o(.data)
    RELAY_CMD_ARR                            0x2000008c   Data          12  mycmd.o(.data)
    Version_buff                             0x20000098   Data          40  mycmd.o(.data)
    Uart1RxFlag                              0x200000c4   Data           1  usart.o(.data)
    Uart1Len                                 0x200000c5   Data           1  usart.o(.data)
    __stdout                                 0x200000dc   Data           4  stdout.o(.data)
    SSIZE                                    0x200000e4   Data          16  w5500.o(.bss)
    RSIZE                                    0x200000f4   Data          16  w5500.o(.bss)
    ConfigMsg                                0x20000104   Data          28  w5500_conf.o(.bss)
    EEPROM_MSG                               0x20000120   Data          18  w5500_conf.o(.bss)
    buff                                     0x20000132   Data        2048  w5500_conf.o(.bss)
    RX1buff                                  0x20000932   Data         255  usart.o(.bss)
    DMARxBuff                                0x20000a31   Data         255  usart.o(.bss)
    __initial_sp                             0x20000f30   Data           0  startup_stm32f10x_hd.o(STACK)



==============================================================================

Memory Map of the image

  Image Entry point : 0x08000131

  Load Region LR_IROM1 (Base: 0x08000000, Size: 0x00006044, Max: 0x00040000, ABSOLUTE)

    Execution Region ER_IROM1 (Base: 0x08000000, Size: 0x00005f60, Max: 0x00040000, ABSOLUTE)

    Base Addr    Size         Type   Attr      Idx    E Section Name        Object

    0x08000000   0x00000130   Data   RO          576    RESET               startup_stm32f10x_hd.o
    0x08000130   0x00000000   Code   RO          715  * .ARM.Collect$$$$00000000  mc_w.l(entry.o)
    0x08000130   0x00000004   Code   RO          983    .ARM.Collect$$$$00000001  mc_w.l(entry2.o)
    0x08000134   0x00000004   Code   RO          986    .ARM.Collect$$$$00000004  mc_w.l(entry5.o)
    0x08000138   0x00000000   Code   RO          988    .ARM.Collect$$$$00000008  mc_w.l(entry7b.o)
    0x08000138   0x00000000   Code   RO          990    .ARM.Collect$$$$0000000A  mc_w.l(entry8b.o)
    0x08000138   0x00000008   Code   RO          991    .ARM.Collect$$$$0000000B  mc_w.l(entry9a.o)
    0x08000140   0x00000000   Code   RO          993    .ARM.Collect$$$$0000000D  mc_w.l(entry10a.o)
    0x08000140   0x00000000   Code   RO          995    .ARM.Collect$$$$0000000F  mc_w.l(entry11a.o)
    0x08000140   0x00000004   Code   RO          984    .ARM.Collect$$$$00002712  mc_w.l(entry2.o)
    0x08000144   0x000001ec   Code   RO            1    .text               main.o
    0x08000330   0x0000001a   Code   RO          153    .text               stm32f10x_it.o
    0x0800034a   0x00000002   PAD
    0x0800034c   0x000001e0   Code   RO          251    .text               system_stm32f10x.o
    0x0800052c   0x000000cc   Code   RO          269    .text               timer.o
    0x080005f8   0x00000118   Code   RO          320    .text               adc.o
    0x08000710   0x00000690   Code   RO          338    .text               socket.o
    0x08000da0   0x0000043c   Code   RO          368    .text               w5500.o
    0x080011dc   0x000002e4   Code   RO          397    .text               w5500_conf.o
    0x080014c0   0x000002cc   Code   RO          429    .text               gpio.o
    0x0800178c   0x0000045c   Code   RO          451    .text               spi_driver.o
    0x08001be8   0x0000025c   Code   RO          466    .text               mycmd.o
    0x08001e44   0x000000d4   Code   RO          496    .text               delay.o
    0x08001f18   0x0000009c   Code   RO          530    .text               config.o
    0x08001fb4   0x00000280   Code   RO          545    .text               usart.o
    0x08002234   0x00000024   Code   RO          577    .text               startup_stm32f10x_hd.o
    0x08002258   0x000000dc   Code   RO          581    .text               misc.o
    0x08002334   0x0000035c   Code   RO          593    .text               stm32f10x_gpio.o
    0x08002690   0x000003a4   Code   RO          605    .text               stm32f10x_rcc.o
    0x08002a34   0x00000e1a   Code   RO          619    .text               stm32f10x_tim.o
    0x0800384e   0x00000002   PAD
    0x08003850   0x00000408   Code   RO          631    .text               stm32f10x_usart.o
    0x08003c58   0x0000044e   Code   RO          643    .text               stm32f10x_adc.o
    0x080040a6   0x00000002   PAD
    0x080040a8   0x0000011c   Code   RO          667    .text               stm32f10x_exti.o
    0x080041c4   0x0000030c   Code   RO          679    .text               stm32f10x_spi.o
    0x080044d0   0x000005bc   Code   RO          691    .text               stm32f10x_flash.o
    0x08004a8c   0x00000254   Code   RO          703    .text               stm32f10x_dma.o
    0x08004ce0   0x0000000e   Code   RO          718    .text               mc_w.l(strlen.o)
    0x08004cee   0x0000001a   Code   RO          981    .text               mc_w.l(atoi.o)
    0x08004d08   0x0000002c   Code   RO          998    .text               mc_w.l(uidiv.o)
    0x08004d34   0x00000062   Code   RO         1000    .text               mc_w.l(uldiv.o)
    0x08004d96   0x00000070   Code   RO         1009    .text               mc_w.l(strtol.o)
    0x08004e06   0x00000000   Code   RO         1011    .text               mc_w.l(iusefp.o)
    0x08004e06   0x0000014e   Code   RO         1012    .text               mf_w.l(dadd.o)
    0x08004f54   0x000000e4   Code   RO         1014    .text               mf_w.l(dmul.o)
    0x08005038   0x000000de   Code   RO         1016    .text               mf_w.l(ddiv.o)
    0x08005116   0x00000030   Code   RO         1018    .text               mf_w.l(dfixul.o)
    0x08005146   0x00000002   PAD
    0x08005148   0x00000030   Code   RO         1020    .text               mf_w.l(cdrcmple.o)
    0x08005178   0x00000024   Code   RO         1022    .text               mc_w.l(init.o)
    0x0800519c   0x0000001e   Code   RO         1024    .text               mc_w.l(llshl.o)
    0x080051ba   0x00000020   Code   RO         1026    .text               mc_w.l(llushr.o)
    0x080051da   0x00000024   Code   RO         1028    .text               mc_w.l(llsshr.o)
    0x080051fe   0x00000002   PAD
    0x08005200   0x00000008   Code   RO         1030    .text               mc_w.l(ctype_o.o)
    0x08005208   0x0000009e   Code   RO         1058    .text               mc_w.l(_strtoul.o)
    0x080052a6   0x000000ba   Code   RO         1060    .text               mf_w.l(depilogue.o)
    0x08005360   0x0000001c   Code   RO         1062    .text               mc_w.l(_chval.o)
    0x0800537c   0x00000020   Code   RO          809    i.__0printf$3       mc_w.l(printf3.o)
    0x0800539c   0x0000002c   Code   RO          958    i.__0vsnprintf      mc_w.l(printfa.o)
    0x080053c8   0x00000008   Code   RO         1002    i.__aeabi_errno_addr  mc_w.l(errno.o)
    0x080053d0   0x0000000e   Code   RO         1066    i.__scatterload_copy  mc_w.l(handlers.o)
    0x080053de   0x00000002   Code   RO         1067    i.__scatterload_null  mc_w.l(handlers.o)
    0x080053e0   0x0000000e   Code   RO         1068    i.__scatterload_zeroinit  mc_w.l(handlers.o)
    0x080053ee   0x00000002   PAD
    0x080053f0   0x00000184   Code   RO          960    i._fp_digits        mc_w.l(printfa.o)
    0x08005574   0x000001b8   Code   RO          816    i._printf_core      mc_w.l(printf3.o)
    0x0800572c   0x000006dc   Code   RO          961    i._printf_core      mc_w.l(printfa.o)
    0x08005e08   0x00000024   Code   RO          962    i._printf_post_padding  mc_w.l(printfa.o)
    0x08005e2c   0x0000002e   Code   RO          963    i._printf_pre_padding  mc_w.l(printfa.o)
    0x08005e5a   0x00000016   Code   RO          964    i._snputc           mc_w.l(printfa.o)
    0x08005e70   0x00000081   Data   RO         1031    .constdata          mc_w.l(ctype_o.o)
    0x08005ef1   0x00000003   PAD
    0x08005ef4   0x00000004   Data   RO         1032    .constdata          mc_w.l(ctype_o.o)
    0x08005ef8   0x00000046   Data   RO          467    .conststring        mycmd.o
    0x08005f3e   0x00000002   PAD
    0x08005f40   0x00000020   Data   RO         1064    Region$$Table       anon$$obj.o


    Execution Region RW_IRAM1 (Base: 0x20000000, Size: 0x00000f30, Max: 0x0000c000, ABSOLUTE)

    Base Addr    Size         Type   Attr      Idx    E Section Name        Object

    0x20000000   0x00000014   Data   RW          252    .data               system_stm32f10x.o
    0x20000014   0x00000004   Data   RW          270    .data               timer.o
    0x20000018   0x00000002   Data   RW          321    .data               adc.o
    0x2000001a   0x00000010   Data   RW          370    .data               w5500.o
    0x2000002a   0x00000002   PAD
    0x2000002c   0x0000002a   Data   RW          399    .data               w5500_conf.o
    0x20000056   0x00000004   Data   RW          430    .data               gpio.o
    0x2000005a   0x00000002   PAD
    0x2000005c   0x00000064   Data   RW          468    .data               mycmd.o
    0x200000c0   0x00000004   Data   RW          497    .data               delay.o
    0x200000c4   0x00000002   Data   RW          547    .data               usart.o
    0x200000c6   0x00000014   Data   RW          606    .data               stm32f10x_rcc.o
    0x200000da   0x00000002   PAD
    0x200000dc   0x00000004   Data   RW          997    .data               mc_w.l(stdout.o)
    0x200000e0   0x00000004   Data   RW         1005    .data               mc_w.l(errno.o)
    0x200000e4   0x00000020   Zero   RW          369    .bss                w5500.o
    0x20000104   0x0000082e   Zero   RW          398    .bss                w5500_conf.o
    0x20000932   0x000001fe   Zero   RW          546    .bss                usart.o
    0x20000b30   0x00000400   Zero   RW          574    STACK               startup_stm32f10x_hd.o


==============================================================================

Image component sizes


      Code (inc. data)   RO Data    RW Data    ZI Data      Debug   Object Name

       280         16          0          2          0       1625   adc.o
       156         16          0          0          0        567   config.o
       212         18          0          4          0       1123   delay.o
       716         28          0          4          0       2077   gpio.o
       492         32          0          0          0     242597   main.o
       220         22          0          0          0       1881   misc.o
       604        104         70        100          0       4568   mycmd.o
      1680         52          0          0          0       6223   socket.o
      1116         12          0          0          0       4787   spi_driver.o
        36          8        304          0       1024        832   startup_stm32f10x_hd.o
      1102         26          0          0          0      11121   stm32f10x_adc.o
       596          8          0          0          0       4442   stm32f10x_dma.o
       284         10          0          0          0       2335   stm32f10x_exti.o
      1468         34          0          0          0       8286   stm32f10x_flash.o
       860         38          0          0          0       5813   stm32f10x_gpio.o
        26          0          0          0          0      68102   stm32f10x_it.o
       932         36          0         20          0       9028   stm32f10x_rcc.o
       780         14          0          0          0       6694   stm32f10x_spi.o
      3610         88          0          0          0      22920   stm32f10x_tim.o
      1032         22          0          0          0       8536   stm32f10x_usart.o
         0          0          0          0          0         32   sys.o
       480         38          0         20          0       1859   system_stm32f10x.o
       204         18          0          4          0     217307   timer.o
       640         46          0          2        510       3239   usart.o
      1084        108          0         16         32       7439   w5500.o
       740        174          0         42       2094       5323   w5500_conf.o

    ----------------------------------------------------------------------
     19356        968        408        220       3660     648756   Object Totals
         0          0         32          0          0          0   (incl. Generated)
         6          0          2          6          0          0   (incl. Padding)

    ----------------------------------------------------------------------

      Code (inc. data)   RO Data    RW Data    ZI Data      Debug   Library Member Name

        28          0          0          0          0         68   _chval.o
       158          0          0          0          0         92   _strtoul.o
        26          0          0          0          0         80   atoi.o
         8          4        133          0          0         68   ctype_o.o
         0          0          0          0          0          0   entry.o
         0          0          0          0          0          0   entry10a.o
         0          0          0          0          0          0   entry11a.o
         8          4          0          0          0          0   entry2.o
         4          0          0          0          0          0   entry5.o
         0          0          0          0          0          0   entry7b.o
         0          0          0          0          0          0   entry8b.o
         8          4          0          0          0          0   entry9a.o
         8          4          0          4          0         68   errno.o
        30          0          0          0          0          0   handlers.o
        36          8          0          0          0         68   init.o
         0          0          0          0          0          0   iusefp.o
        30          0          0          0          0         68   llshl.o
        36          0          0          0          0         68   llsshr.o
        32          0          0          0          0         68   llushr.o
       472         14          0          0          0        184   printf3.o
      2292         84          0          0          0        516   printfa.o
         0          0          0          4          0          0   stdout.o
        14          0          0          0          0         68   strlen.o
       112          0          0          0          0         88   strtol.o
        44          0          0          0          0         80   uidiv.o
        98          0          0          0          0         92   uldiv.o
        48          0          0          0          0         68   cdrcmple.o
       334          0          0          0          0        148   dadd.o
       222          0          0          0          0        100   ddiv.o
       186          0          0          0          0        176   depilogue.o
        48          0          0          0          0         68   dfixul.o
       228          0          0          0          0         96   dmul.o

    ----------------------------------------------------------------------
      4516        122        136          8          0       2332   Library Totals
         6          0          3          0          0          0   (incl. Padding)

    ----------------------------------------------------------------------

      Code (inc. data)   RO Data    RW Data    ZI Data      Debug   Library Name

      3444        122        133          8          0       1676   mc_w.l
      1066          0          0          0          0        656   mf_w.l

    ----------------------------------------------------------------------
      4516        122        136          8          0       2332   Library Totals

    ----------------------------------------------------------------------

==============================================================================


      Code (inc. data)   RO Data    RW Data    ZI Data      Debug   

     23872       1090        544        228       3660     647756   Grand Totals
     23872       1090        544        228       3660     647756   ELF Image Totals
     23872       1090        544        228          0          0   ROM Totals

==============================================================================

    Total RO  Size (Code + RO Data)                24416 (  23.84kB)
    Total RW  Size (RW Data + ZI Data)              3888 (   3.80kB)
    Total ROM Size (Code + RO Data + RW Data)      24644 (  24.07kB)

==============================================================================

