Component: ARM Compiler 5.06 update 4 (build 422) Tool: armlink [4d35d2]

==============================================================================

Section Cross References

    main.o(.text) refers to stm32f10x_rcc.o(.text) for RCC_APB1PeriphClockCmd
    main.o(.text) refers to stm32f10x_tim.o(.text) for TIM_TimeBaseInit
    main.o(.text) refers to misc.o(.text) for NVIC_SetVectorTable
    main.o(.text) refers to stm32f10x_flash.o(.text) for FLASH_PrefetchBufferCmd
    main.o(.text) refers to delay.o(.text) for delay_init
    main.o(.text) refers to timer.o(.text) for TIM3_Int_Init
    main.o(.text) refers to usart.o(.text) for Uart2_Init
    main.o(.text) refers to gpio.o(.text) for Gpio_int
    main.o(.text) refers to spi_driver.o(.text) for SPI1_Init
    main.o(.text) refers to my_iic.o(.text) for IIC_Init
    main.o(.text) refers to cat9555.o(.text) for CAT9555_Init
    main.o(.text) refers to w5500_conf.o(.text) for IP_Init
    main.o(.text) refers to w5500.o(.text) for socket_buf_init
    main.o(.text) refers to w5500.o(.data) for rxsize
    system_stm32f10x.o(.text) refers to system_stm32f10x.o(.data) for SystemCoreClock
    timer.o(.text) refers to stm32f10x_rcc.o(.text) for RCC_APB1PeriphClockCmd
    timer.o(.text) refers to stm32f10x_tim.o(.text) for TIM_TimeBaseInit
    timer.o(.text) refers to misc.o(.text) for NVIC_Init
    timer.o(.text) refers to stm32f10x_gpio.o(.text) for GPIO_WriteBit
    timer.o(.text) refers to timer.o(.data) for sys_flag
    timer.o(.text) refers to gpio.o(.data) for count_num
    adc.o(.text) refers to stm32f10x_rcc.o(.text) for RCC_AHBPeriphClockCmd
    adc.o(.text) refers to stm32f10x_gpio.o(.text) for GPIO_Init
    adc.o(.text) refers to stm32f10x_dma.o(.text) for DMA_DeInit
    adc.o(.text) refers to stm32f10x_adc.o(.text) for ADC_Init
    adc.o(.text) refers to adc.o(.data) for ADC_ConvertedValue
    socket.o(.text) refers to w5500_conf.o(.text) for W5500_Socket_WriteByte
    socket.o(.text) refers to w5500.o(.text) for getSn_IR
    socket.o(.text) refers to printf3.o(i.__0printf$3) for __2printf
    socket.o(.text) refers to w5500_conf.o(.data) for local_port
    w5500.o(.text) refers to w5500_conf.o(.text) for W5500_Socket_WriteByte
    w5500.o(.text) refers to printf3.o(i.__0printf$3) for __2printf
    w5500.o(.text) refers to w5500.o(.bss) for RSIZE
    w5500_conf.o(.text) refers to my_flash.o(.text) for STMFLASH_Read
    w5500_conf.o(.text) refers to spi_driver.o(.text) for SPI1_Write_Reg
    w5500_conf.o(.text) refers to delay.o(.text) for delay_ms
    w5500_conf.o(.text) refers to gpio.o(.text) for PA10_Control
    w5500_conf.o(.text) refers to printf3.o(i.__0printf$3) for __2printf
    w5500_conf.o(.text) refers to w5500.o(.text) for setSUBR
    w5500_conf.o(.text) refers to socket.o(.text) for send
    w5500_conf.o(.text) refers to mycmd.o(.text) for Process_Data
    w5500_conf.o(.text) refers to w5500_conf.o(.data) for local_ip
    w5500_conf.o(.text) refers to w5500_conf.o(.bss) for ConfigMsg
    gpio.o(.text) refers to stm32f10x_gpio.o(.text) for GPIO_ResetBits
    gpio.o(.text) refers to stm32f10x_rcc.o(.text) for RCC_APB2PeriphClockCmd
    gpio.o(.text) refers to stm32f10x_exti.o(.text) for EXTI_Init
    gpio.o(.text) refers to misc.o(.text) for NVIC_Init
    gpio.o(.text) refers to delay.o(.text) for delay_us
    gpio.o(.text) refers to gpio.o(.data) for Is_HC_EN
    spi_driver.o(.text) refers to stm32f10x_rcc.o(.text) for RCC_APB2PeriphClockCmd
    spi_driver.o(.text) refers to stm32f10x_gpio.o(.text) for GPIO_Init
    spi_driver.o(.text) refers to delay.o(.text) for delay_us
    mycmd.o(.text) refers to printfa.o(i.__0vsnprintf) for __c89vsnprintf
    mycmd.o(.text) refers to strlen.o(.text) for strlen
    mycmd.o(.text) refers to w5500_conf.o(.text) for W5500_Tcp_Send
    mycmd.o(.text) refers to atoi.o(.text) for atoi
    mycmd.o(.text) refers to stm32f10x_gpio.o(.text) for GPIO_SetBits
    mycmd.o(.text) refers to gpio.o(.text) for Gain_set
    mycmd.o(.text) refers to cat9555.o(.text) for Cat9555_Output
    mycmd.o(.text) refers to mycmd.o(.data) for HELP_CMD_ARR
    mycmd.o(.text) refers to gpio.o(.data) for Is_HC_EN
    mycmd.o(.text) refers to my_flash.o(.text) for STMFLASH_Write
    mycmd.o(.data) refers to mycmd.o(.conststring) for .conststring
    mycmd.o(.data) refers to mycmd.o(.text) for CMD_help
    my_iic.o(.text) refers to stm32f10x_rcc.o(.text) for RCC_APB2PeriphClockCmd
    my_iic.o(.text) refers to stm32f10x_gpio.o(.text) for GPIO_Init
    my_iic.o(.text) refers to delay.o(.text) for delay_us
    cat9555.o(.text) refers to my_iic.o(.text) for IIC_Write
    cat9555.o(.text) refers to printf3.o(i.__0printf$3) for __2printf
    cat9555.o(.text) refers to cat9555.o(.data) for IO_DIR_PDD1
    my_flash.o(.text) refers to stm32f10x_flash.o(.text) for FLASH_ProgramHalfWord
    my_flash.o(.text) refers to my_flash.o(.bss) for STMFLASH_BUF
    delay.o(.text) refers to misc.o(.text) for SysTick_CLKSourceConfig
[...]
    printfa.o(i._printf_core) refers (Special) to iusefp.o(.text) for __I$use$fp
    printfa.o(i._printf_core) refers to printfa.o(i._printf_pre_padding) for _printf_pre_padding
    printfa.o(i._printf_core) refers to uldiv.o(.text) for __aeabi_uldivmod
    printfa.o(i._printf_core) refers to printfa.o(i._printf_post_padding) for _printf_post_padding
    printfa.o(i._printf_core) refers to printfa.o(i._fp_digits) for _fp_digits
    printfa.o(i._printf_core) refers to uidiv.o(.text) for __aeabi_uidivmod
    printfa.o(i._printf_post_padding) refers (Special) to iusefp.o(.text) for __I$use$fp
    printfa.o(i._printf_pre_padding) refers (Special) to iusefp.o(.text) for __I$use$fp
    printfa.o(i._snputc) refers (Special) to iusefp.o(.text) for __I$use$fp
    printfa.o(i._sputc) refers (Special) to iusefp.o(.text) for __I$use$fp
    atoi.o(.text) refers to errno.o(i.__aeabi_errno_addr) for __aeabi_errno_addr
    atoi.o(.text) refers to strtol.o(.text) for strtol
    entry2.o(.ARM.Collect$$$$00000001) refers to entry2.o(.ARM.Collect$$$$00002712) for __lit__00000000
    entry2.o(.ARM.Collect$$$$00002712) refers to startup_stm32f10x_hd.o(STACK) for __initial_sp
    entry2.o(__vectab_stack_and_reset_area) refers to startup_stm32f10x_hd.o(STACK) for __initial_sp
    entry2.o(__vectab_stack_and_reset_area) refers to entry.o(.ARM.Collect$$$$00000000) for __main
    entry5.o(.ARM.Collect$$$$00000004) refers to init.o(.text) for __scatterload
    entry9a.o(.ARM.Collect$$$$0000000B) refers to main.o(.text) for main
    entry9b.o(.ARM.Collect$$$$0000000C) refers to main.o(.text) for main
    uldiv.o(.text) refers to llushr.o(.text) for __aeabi_llsr
    uldiv.o(.text) refers to llshl.o(.text) for __aeabi_llsl
    errno.o(i.__aeabi_errno_addr) refers to errno.o(.data) for .data
    errno.o(i.__read_errno) refers to errno.o(.data) for .data
    errno.o(i.__set_errno) refers to errno.o(.data) for .data
    strtol.o(.text) refers to ctype_o.o(.text) for __rt_ctype_table
    strtol.o(.text) refers to _strtoul.o(.text) for _strtoul
    strtol.o(.text) refers to errno.o(i.__aeabi_errno_addr) for __aeabi_errno_addr
    dadd.o(.text) refers to llshl.o(.text) for __aeabi_llsl
    dadd.o(.text) refers to llsshr.o(.text) for __aeabi_lasr
    dadd.o(.text) refers to depilogue.o(.text) for _double_epilogue
    dmul.o(.text) refers to depilogue.o(.text) for _double_epilogue
    ddiv.o(.text) refers to depilogue.o(.text) for _double_round
    dfixul.o(.text) refers to llushr.o(.text) for __aeabi_llsr
    dfixul.o(.text) refers to llshl.o(.text) for __aeabi_llsl
    init.o(.text) refers to entry5.o(.ARM.Collect$$$$00000004) for __main_after_scatterload
    ctype_o.o(.text) refers to ctype_o.o(.constdata) for .constdata
    ctype_o.o(.constdata) refers to ctype_o.o(.constdata) for __ctype_table
    isalnum_o.o(.text) refers to ctype_o.o(.text) for __rt_ctype_table
    isalpha_o.o(.text) refers to ctype_o.o(.text) for __rt_ctype_table
    isblank_o.o(.text) refers to ctype_o.o(.constdata) for __ctype_table
    iscntrl_o.o(.text) refers to ctype_o.o(.text) for __rt_ctype_table
    isdigit_o.o(.text) refers to ctype_o.o(.text) for __rt_ctype_table
    isgraph_o.o(.text) refers to ctype_o.o(.text) for __rt_ctype_table
    islower_o.o(.text) refers to ctype_o.o(.text) for __rt_ctype_table
    isprint_o.o(.text) refers to ctype_o.o(.text) for __rt_ctype_table
    ispunct_o.o(.text) refers to ctype_o.o(.text) for __rt_ctype_table
    isspace_o.o(.text) refers to ctype_o.o(.text) for __rt_ctype_table
    isupper_o.o(.text) refers to ctype_o.o(.text) for __rt_ctype_table
    isxdigit_o.o(.text) refers to ctype_o.o(.text) for __rt_ctype_table
    _strtoul.o(.text) refers to _chval.o(.text) for _chval
    _strtoul.o(.text) refers to errno.o(i.__aeabi_errno_addr) for __aeabi_errno_addr
    depilogue.o(.text) refers to llshl.o(.text) for __aeabi_llsl
    depilogue.o(.text) refers to llushr.o(.text) for __aeabi_llsr


==============================================================================

Removing Unused input sections from the image.

    Removing main.o(.bss), (10 bytes).
    Removing main.o(.data), (12 bytes).
    Removing adc.o(.text), (280 bytes).
    Removing adc.o(.data), (2 bytes).
    Removing sys.o(.emb_text), (6 bytes).
    Removing sys.o(.text), (12 bytes).
    Removing config.o(.text), (156 bytes).
    Removing core_cm3.o(.emb_text), (32 bytes).
    Removing startup_stm32f10x_hd.o(HEAP), (512 bytes).
    Removing stm32f10x_adc.o(.text), (1102 bytes).
    Removing stm32f10x_dbgmcu.o(.text), (48 bytes).
    Removing stm32f10x_spi.o(.text), (780 bytes).

12 unused section(s) (total 2952 bytes) removed from the image.

==============================================================================

Image Symbol Table

    Local Symbols

    Symbol Name                              Value     Ov Type        Size  Object(Section)

    ../clib/microlib/ctype/ctype.c           0x00000000   Number         0  isxdigit_o.o ABSOLUTE
    ../clib/microlib/ctype/ctype.c           0x00000000   Number         0  isupper_o.o ABSOLUTE
    ../clib/microlib/ctype/ctype.c           0x00000000   Number         0  isspace_o.o ABSOLUTE
    ../clib/microlib/ctype/ctype.c           0x00000000   Number         0  ispunct_o.o ABSOLUTE
    ../clib/microlib/ctype/ctype.c           0x00000000   Number         0  isprint_o.o ABSOLUTE
    ../clib/microlib/ctype/ctype.c           0x00000000   Number         0  islower_o.o ABSOLUTE
    ../clib/microlib/ctype/ctype.c           0x00000000   Number         0  isgraph_o.o ABSOLUTE
    ../clib/microlib/ctype/ctype.c           0x00000000   Number         0  isdigit_o.o ABSOLUTE
    ../clib/microlib/ctype/ctype.c           0x00000000   Number         0  iscntrl_o.o ABSOLUTE
    ../clib/microlib/ctype/ctype.c           0x00000000   Number         0  isblank_o.o ABSOLUTE
    ../clib/microlib/ctype/ctype.c           0x00000000   Number         0  isalpha_o.o ABSOLUTE
    ../clib/microlib/ctype/ctype.c           0x00000000   Number         0  isalnum_o.o ABSOLUTE
    ../clib/microlib/ctype/ctype.c           0x00000000   Number         0  ctype_o.o ABSOLUTE
    ../clib/microlib/division.c              0x00000000   Number         0  uidiv.o ABSOLUTE
    ../clib/microlib/division.c              0x00000000   Number         0  uldiv.o ABSOLUTE
    ../clib/microlib/errno.c                 0x00000000   Number         0  errno.o ABSOLUTE
    ../clib/microlib/init/entry.s            0x00000000   Number         0  entry5.o ABSOLUTE
    ../clib/microlib/init/entry.s            0x00000000   Number         0  entry7a.o ABSOLUTE
    ../clib/microlib/init/entry.s            0x00000000   Number         0  entry11a.o ABSOLUTE
    ../clib/microlib/init/entry.s            0x00000000   Number         0  entry7b.o ABSOLUTE
    ../clib/microlib/init/entry.s            0x00000000   Number         0  entry8a.o ABSOLUTE
    ../clib/microlib/init/entry.s            0x00000000   Number         0  entry8b.o ABSOLUTE
    ../clib/microlib/init/entry.s            0x00000000   Number         0  entry9a.o ABSOLUTE
    ../clib/microlib/init/entry.s            0x00000000   Number         0  entry9b.o ABSOLUTE
    ../clib/microlib/init/entry.s            0x00000000   Number         0  entry10a.o ABSOLUTE
    ../clib/microlib/init/entry.s            0x00000000   Number         0  entry10b.o ABSOLUTE
    ../clib/microlib/init/entry.s            0x00000000   Number         0  entry11b.o ABSOLUTE
    ../clib/microlib/init/entry.s            0x00000000   Number         0  entry.o ABSOLUTE
    ../clib/microlib/init/entry.s            0x00000000   Number         0  entry2.o ABSOLUTE
    ../clib/microlib/longlong.c              0x00000000   Number         0  llsshr.o ABSOLUTE
    ../clib/microlib/longlong.c              0x00000000   Number         0  llushr.o ABSOLUTE
    ../clib/microlib/longlong.c              0x00000000   Number         0  llshl.o ABSOLUTE
    ../clib/microlib/printf/printf.c         0x00000000   Number         0  printfb.o ABSOLUTE
    ../clib/microlib/printf/printf.c         0x00000000   Number         0  printf7.o ABSOLUTE
    ../clib/microlib/printf/printf.c         0x00000000   Number         0  printf0.o ABSOLUTE
    ../clib/microlib/printf/printf.c         0x00000000   Number         0  printf6.o ABSOLUTE
    ../clib/microlib/printf/printf.c         0x00000000   Number         0  printf1.o ABSOLUTE
    ../clib/microlib/printf/printf.c         0x00000000   Number         0  printf4.o ABSOLUTE
    ../clib/microlib/printf/printf.c         0x00000000   Number         0  printf2.o ABSOLUTE
    ../clib/microlib/printf/printf.c         0x00000000   Number         0  printf3.o ABSOLUTE
    ../clib/microlib/printf/printf.c         0x00000000   Number         0  printf8.o ABSOLUTE
    ../clib/microlib/printf/printf.c         0x00000000   Number         0  printf5.o ABSOLUTE
    ../clib/microlib/printf/printf.c         0x00000000   Number         0  printfa.o ABSOLUTE
    ../clib/microlib/printf/stubs.s          0x00000000   Number         0  stubs.o ABSOLUTE
    ../clib/microlib/stdio/streams.c         0x00000000   Number         0  stdout.o ABSOLUTE
    ../clib/microlib/string/strlen.c         0x00000000   Number         0  strlen.o ABSOLUTE
    ../clib/microlib/stubs.s                 0x00000000   Number         0  iusefp.o ABSOLUTE
    ../clib/scanf.c                          0x00000000   Number         0  atoi.o ABSOLUTE
    ../clib/scanf.c                          0x00000000   Number         0  _chval.o ABSOLUTE
    ../clib/scanf.c                          0x00000000   Number         0  _strtoul.o ABSOLUTE
    ../clib/scanf.c                          0x00000000   Number         0  strtol.o ABSOLUTE
    ../fplib/microlib/fpadd.c                0x00000000   Number         0  dadd.o ABSOLUTE
    ../fplib/microlib/fpdiv.c                0x00000000   Number         0  ddiv.o ABSOLUTE
    ../fplib/microlib/fpepilogue.c           0x00000000   Number         0  depilogue.o ABSOLUTE
    ../fplib/microlib/fpfix.c                0x00000000   Number         0  dfixul.o ABSOLUTE
    ../fplib/microlib/fpmul.c                0x00000000   Number         0  dmul.o ABSOLUTE
    ..\CORE\core_cm3.c                       0x00000000   Number         0  core_cm3.o ABSOLUTE
    ..\CORE\startup_stm32f10x_hd.s           0x00000000   Number         0  startup_stm32f10x_hd.o ABSOLUTE
    ..\HARDWARE\BSP_W5500\socket.c           0x00000000   Number         0  socket.o ABSOLUTE
    ..\HARDWARE\BSP_W5500\w5500.c            0x00000000   Number         0  w5500.o ABSOLUTE
    ..\HARDWARE\BSP_W5500\w5500_conf.c       0x00000000   Number         0  w5500_conf.o ABSOLUTE
    ..\HARDWARE\CMD\mycmd.c                  0x00000000   Number         0  mycmd.o ABSOLUTE
    ..\HARDWARE\FLASH\My_Flash.c             0x00000000   Number         0  my_flash.o ABSOLUTE
    ..\HARDWARE\Gpio\Gpio.c                  0x00000000   Number         0  gpio.o ABSOLUTE
    ..\HARDWARE\IIC\My_IIC.c                 0x00000000   Number         0  my_iic.o ABSOLUTE
    ..\HARDWARE\IIC\cat9555.c                0x00000000   Number         0  cat9555.o ABSOLUTE
    ..\HARDWARE\SPI\SPI_Driver.c             0x00000000   Number         0  spi_driver.o ABSOLUTE
    ..\HARDWARE\TIMER\timer.c                0x00000000   Number         0  timer.o ABSOLUTE
    ..\HARDWARE\adc\adc.c                    0x00000000   Number         0  adc.o ABSOLUTE
    ..\STM32F10x_FWLib\src\misc.c            0x00000000   Number         0  misc.o ABSOLUTE
    ..\STM32F10x_FWLib\src\stm32f10x_adc.c   0x00000000   Number         0  stm32f10x_adc.o ABSOLUTE
    ..\STM32F10x_FWLib\src\stm32f10x_dbgmcu.c 0x00000000   Number         0  stm32f10x_dbgmcu.o ABSOLUTE
    ..\STM32F10x_FWLib\src\stm32f10x_dma.c   0x00000000   Number         0  stm32f10x_dma.o ABSOLUTE
    ..\STM32F10x_FWLib\src\stm32f10x_exti.c  0x00000000   Number         0  stm32f10x_exti.o ABSOLUTE
    ..\STM32F10x_FWLib\src\stm32f10x_flash.c 0x00000000   Number         0  stm32f10x_flash.o ABSOLUTE
    ..\STM32F10x_FWLib\src\stm32f10x_gpio.c  0x00000000   Number         0  stm32f10x_gpio.o ABSOLUTE
    ..\STM32F10x_FWLib\src\stm32f10x_rcc.c   0x00000000   Number         0  stm32f10x_rcc.o ABSOLUTE
    ..\STM32F10x_FWLib\src\stm32f10x_spi.c   0x00000000   Number         0  stm32f10x_spi.o ABSOLUTE
    ..\STM32F10x_FWLib\src\stm32f10x_tim.c   0x00000000   Number         0  stm32f10x_tim.o ABSOLUTE
    ..\STM32F10x_FWLib\src\stm32f10x_usart.c 0x00000000   Number         0  stm32f10x_usart.o ABSOLUTE
    ..\SYSTEM\delay\delay.c                  0x00000000   Number         0  delay.o ABSOLUTE
    ..\SYSTEM\sys\sys.c                      0x00000000   Number         0  sys.o ABSOLUTE
    ..\SYSTEM\usart\Usart.c                  0x00000000   Number         0  usart.o ABSOLUTE
    ..\\CORE\\core_cm3.c                     0x00000000   Number         0  core_cm3.o ABSOLUTE
    ..\\SYSTEM\\sys\\sys.c                   0x00000000   Number         0  sys.o ABSOLUTE
    cdrcmple.s                               0x00000000   Number         0  cdrcmple.o ABSOLUTE
    config.c                                 0x00000000   Number         0  config.o ABSOLUTE
    dc.s                                     0x00000000   Number         0  dc.o ABSOLUTE
    handlers.s                               0x00000000   Number         0  handlers.o ABSOLUTE
    init.s                                   0x00000000   Number         0  init.o ABSOLUTE
    main.c                                   0x00000000   Number         0  main.o ABSOLUTE
    stm32f10x_it.c                           0x00000000   Number         0  stm32f10x_it.o ABSOLUTE
    system_stm32f10x.c                       0x00000000   Number         0  system_stm32f10x.o ABSOLUTE
    RESET                                    0x08000000   Section      304  startup_stm32f10x_hd.o(RESET)
    .ARM.Collect$$$$00000000                 0x08000130   Section        0  entry.o(.ARM.Collect$$$$00000000)
    .ARM.Collect$$$$00000001                 0x08000130   Section        4  entry2.o(.ARM.Collect$$$$00000001)
    .ARM.Collect$$$$00000004                 0x08000134   Section        4  entry5.o(.ARM.Collect$$$$00000004)
    .ARM.Collect$$$$00000008                 0x08000138   Section        0  entry7b.o(.ARM.Collect$$$$00000008)
    .ARM.Collect$$$$0000000A                 0x08000138   Section        0  entry8b.o(.ARM.Collect$$$$0000000A)
    .ARM.Collect$$$$0000000B                 0x08000138   Section        8  entry9a.o(.ARM.Collect$$$$0000000B)
    .ARM.Collect$$$$0000000D                 0x08000140   Section        0  entry10a.o(.ARM.Collect$$$$0000000D)
    .ARM.Collect$$$$0000000F                 0x08000140   Section        0  entry11a.o(.ARM.Collect$$$$0000000F)
    .ARM.Collect$$$$00002712                 0x08000140   Section        4  entry2.o(.ARM.Collect$$$$00002712)
    __lit__00000000                          0x08000140   Data           4  entry2.o(.ARM.Collect$$$$00002712)
    .text                                    0x08000144   Section        0  main.o(.text)
    .text                                    0x080002cc   Section        0  stm32f10x_it.o(.text)
    .text                                    0x080002e8   Section        0  system_stm32f10x.o(.text)
    SetSysClockTo72                          0x080002e9   Thumb Code   214  system_stm32f10x.o(.text)
    SetSysClock                              0x080003bf   Thumb Code     8  system_stm32f10x.o(.text)
    .text                                    0x080004c8   Section        0  timer.o(.text)
    .text                                    0x08000598   Section        0  socket.o(.text)
    .text                                    0x08000c28   Section        0  w5500.o(.text)
    .text                                    0x08001064   Section        0  w5500_conf.o(.text)
    .text                                    0x080013a8   Section        0  gpio.o(.text)
    .text                                    0x080018c8   Section        0  spi_driver.o(.text)
    .text                                    0x08001a78   Section        0  mycmd.o(.text)
    .text                                    0x08002464   Section        0  my_iic.o(.text)
    .text                                    0x08002c60   Section        0  cat9555.o(.text)
    .text                                    0x08002e98   Section        0  my_flash.o(.text)
    .text                                    0x08002fdc   Section        0  delay.o(.text)
    .text                                    0x080030b0   Section        0  usart.o(.text)
    .text                                    0x0800354c   Section       36  startup_stm32f10x_hd.o(.text)
    .text                                    0x08003570   Section        0  misc.o(.text)
    .text                                    0x0800364c   Section        0  stm32f10x_gpio.o(.text)
    .text                                    0x080039a8   Section        0  stm32f10x_rcc.o(.text)
    .text                                    0x08003d4c   Section        0  stm32f10x_tim.o(.text)
    TI4_Config                               0x080041f3   Thumb Code   130  stm32f10x_tim.o(.text)
    TI3_Config                               0x08004287   Thumb Code   122  stm32f10x_tim.o(.text)
    TI2_Config                               0x0800431b   Thumb Code   130  stm32f10x_tim.o(.text)
    TI1_Config                               0x080043af   Thumb Code   108  stm32f10x_tim.o(.text)
    .text                                    0x08004b68   Section        0  stm32f10x_usart.o(.text)
    .text                                    0x08004f70   Section        0  stm32f10x_exti.o(.text)
    .text                                    0x0800508c   Section        0  stm32f10x_flash.o(.text)
    .text                                    0x08005648   Section        0  stm32f10x_dma.o(.text)
    .text                                    0x0800589c   Section        0  strlen.o(.text)
    .text                                    0x080058aa   Section        0  atoi.o(.text)
    .text                                    0x080058c4   Section        0  uidiv.o(.text)
    .text                                    0x080058f0   Section        0  uldiv.o(.text)
    .text                                    0x08005952   Section        0  strtol.o(.text)
    .text                                    0x080059c2   Section        0  iusefp.o(.text)
    .text                                    0x080059c2   Section        0  dadd.o(.text)
    .text                                    0x08005b10   Section        0  dmul.o(.text)
    .text                                    0x08005bf4   Section        0  ddiv.o(.text)
    .text                                    0x08005cd2   Section        0  dfixul.o(.text)
    .text                                    0x08005d04   Section       48  cdrcmple.o(.text)
    .text                                    0x08005d34   Section       36  init.o(.text)
    .text                                    0x08005d58   Section        0  llshl.o(.text)
    .text                                    0x08005d76   Section        0  llushr.o(.text)
    .text                                    0x08005d96   Section        0  llsshr.o(.text)
    .text                                    0x08005dbc   Section        0  ctype_o.o(.text)
    .text                                    0x08005dc4   Section        0  _strtoul.o(.text)
    .text                                    0x08005e62   Section        0  depilogue.o(.text)
    .text                                    0x08005f1c   Section        0  _chval.o(.text)
    i.__0printf$3                            0x08005f38   Section        0  printf3.o(i.__0printf$3)
    i.__0vsnprintf                           0x08005f58   Section        0  printfa.o(i.__0vsnprintf)
    i.__aeabi_errno_addr                     0x08005f84   Section        0  errno.o(i.__aeabi_errno_addr)
    i.__scatterload_copy                     0x08005f8c   Section       14  handlers.o(i.__scatterload_copy)
    i.__scatterload_null                     0x08005f9a   Section        2  handlers.o(i.__scatterload_null)
    i.__scatterload_zeroinit                 0x08005f9c   Section       14  handlers.o(i.__scatterload_zeroinit)
    i._fp_digits                             0x08005fac   Section        0  printfa.o(i._fp_digits)
    _fp_digits                               0x08005fad   Thumb Code   366  printfa.o(i._fp_digits)
    i._printf_core                           0x08006130   Section        0  printf3.o(i._printf_core)
    _printf_core                             0x08006131   Thumb Code   436  printf3.o(i._printf_core)
    i._printf_core                           0x080062e8   Section        0  printfa.o(i._printf_core)
    _printf_core                             0x080062e9   Thumb Code  1744  printfa.o(i._printf_core)
    i._printf_post_padding                   0x080069c4   Section        0  printfa.o(i._printf_post_padding)
    _printf_post_padding                     0x080069c5   Thumb Code    36  printfa.o(i._printf_post_padding)
    i._printf_pre_padding                    0x080069e8   Section        0  printfa.o(i._printf_pre_padding)
    _printf_pre_padding                      0x080069e9   Thumb Code    46  printfa.o(i._printf_pre_padding)
    i._snputc                                0x08006a16   Section        0  printfa.o(i._snputc)
    _snputc                                  0x08006a17   Thumb Code    22  printfa.o(i._snputc)
    .constdata                               0x08006a2c   Section      129  ctype_o.o(.constdata)
    .constdata                               0x08006ab0   Section        4  ctype_o.o(.constdata)
    table                                    0x08006ab0   Data           4  ctype_o.o(.constdata)
    .conststring                             0x08006ab4   Section      135  mycmd.o(.conststring)
    .data                                    0x20000000   Section       20  system_stm32f10x.o(.data)
    .data                                    0x20000014   Section        4  timer.o(.data)
    .data                                    0x20000018   Section       16  w5500.o(.data)
    .data                                    0x20000028   Section       42  w5500_conf.o(.data)
    .data                                    0x20000052   Section        4  gpio.o(.data)
    .data                                    0x20000058   Section      132  mycmd.o(.data)
    flag                                     0x200000db   Data           1  mycmd.o(.data)
    .data                                    0x200000dc   Section       32  cat9555.o(.data)
    .data                                    0x200000fc   Section        4  delay.o(.data)
    fac_us                                   0x200000fc   Data           1  delay.o(.data)
    fac_ms                                   0x200000fe   Data           2  delay.o(.data)
    .data                                    0x20000100   Section        6  usart.o(.data)
    .data                                    0x20000106   Section       20  stm32f10x_rcc.o(.data)
    APBAHBPrescTable                         0x20000106   Data          16  stm32f10x_rcc.o(.data)
    ADCPrescTable                            0x20000116   Data           4  stm32f10x_rcc.o(.data)
    .data                                    0x2000011c   Section        4  stdout.o(.data)
    .data                                    0x20000120   Section        4  errno.o(.data)
    _errno                                   0x20000120   Data           4  errno.o(.data)
    .bss                                     0x20000124   Section       32  w5500.o(.bss)
    .bss                                     0x20000144   Section     2094  w5500_conf.o(.bss)
    .bss                                     0x20000972   Section     2048  my_flash.o(.bss)
    .bss                                     0x20001172   Section     1015  usart.o(.bss)
    STACK                                    0x20001570   Section     1024  startup_stm32f10x_hd.o(STACK)

    Global Symbols

    Symbol Name                              Value     Ov Type        Size  Object(Section)

    BuildAttributes$$THM_ISAv4$P$D$K$B$S$PE$A:L22UL41UL21$X:L11$S22US41US21$IEEE1$IW$USESV6$~STKCKD$USESV7$~SHL$OSPACE$ROPI$EBA8$MICROLIB$REQ8$PRES8$EABIv2 0x00000000   Number         0  anon$$obj.o ABSOLUTE
    __ARM_use_no_argv                        0x00000000   Number         0  main.o ABSOLUTE
    _printf_a                                0x00000000   Number         0  stubs.o ABSOLUTE
    _printf_c                                0x00000000   Number         0  stubs.o ABSOLUTE
    _printf_charcount                        0x00000000   Number         0  stubs.o ABSOLUTE
    _printf_d                                0x00000000   Number         0  stubs.o ABSOLUTE
    _printf_e                                0x00000000   Number         0  stubs.o ABSOLUTE
    _printf_f                                0x00000000   Number         0  stubs.o ABSOLUTE
    _printf_flags                            0x00000000   Number         0  stubs.o ABSOLUTE
    _printf_fp_dec                           0x00000000   Number         0  stubs.o ABSOLUTE
    _printf_fp_hex                           0x00000000   Number         0  stubs.o ABSOLUTE
    _printf_g                                0x00000000   Number         0  stubs.o ABSOLUTE
    _printf_i                                0x00000000   Number         0  stubs.o ABSOLUTE
    _printf_int_dec                          0x00000000   Number         0  stubs.o ABSOLUTE
    _printf_l                                0x00000000   Number         0  stubs.o ABSOLUTE
    _printf_lc                               0x00000000   Number         0  stubs.o ABSOLUTE
    _printf_ll                               0x00000000   Number         0  stubs.o ABSOLUTE
    _printf_lld                              0x00000000   Number         0  stubs.o ABSOLUTE
    _printf_lli                              0x00000000   Number         0  stubs.o ABSOLUTE
    _printf_llo                              0x00000000   Number         0  stubs.o ABSOLUTE
    _printf_llu                              0x00000000   Number         0  stubs.o ABSOLUTE
    _printf_llx                              0x00000000   Number         0  stubs.o ABSOLUTE
    _printf_longlong_dec                     0x00000000   Number         0  stubs.o ABSOLUTE
    _printf_longlong_hex                     0x00000000   Number         0  stubs.o ABSOLUTE
    _printf_longlong_oct                     0x00000000   Number         0  stubs.o ABSOLUTE
    _printf_ls                               0x00000000   Number         0  stubs.o ABSOLUTE
    _printf_mbtowc                           0x00000000   Number         0  stubs.o ABSOLUTE
    _printf_n                                0x00000000   Number         0  stubs.o ABSOLUTE
    _printf_o                                0x00000000   Number         0  stubs.o ABSOLUTE
    _printf_p                                0x00000000   Number         0  stubs.o ABSOLUTE
    _printf_percent                          0x00000000   Number         0  stubs.o ABSOLUTE
    _printf_pre_padding                      0x00000000   Number         0  stubs.o ABSOLUTE
    _printf_return_value                     0x00000000   Number         0  stubs.o ABSOLUTE
    _printf_s                                0x00000000   Number         0  stubs.o ABSOLUTE
    _printf_sizespec                         0x00000000   Number         0  stubs.o ABSOLUTE
    _printf_str                              0x00000000   Number         0  stubs.o ABSOLUTE
    _printf_truncate_signed                  0x00000000   Number         0  stubs.o ABSOLUTE
    _printf_truncate_unsigned                0x00000000   Number         0  stubs.o ABSOLUTE
    _printf_u                                0x00000000   Number         0  stubs.o ABSOLUTE
    _printf_wc                               0x00000000   Number         0  stubs.o ABSOLUTE
    _printf_wctomb                           0x00000000   Number         0  stubs.o ABSOLUTE
    _printf_widthprec                        0x00000000   Number         0  stubs.o ABSOLUTE
    _printf_x                                0x00000000   Number         0  stubs.o ABSOLUTE
    __cpp_initialize__aeabi_                  - Undefined Weak Reference
    __cxa_finalize                            - Undefined Weak Reference
    __decompress                              - Undefined Weak Reference
    _clock_init                               - Undefined Weak Reference
    _microlib_exit                            - Undefined Weak Reference
    __Vectors_Size                           0x00000130   Number         0  startup_stm32f10x_hd.o ABSOLUTE
    __Vectors                                0x08000000   Data           4  startup_stm32f10x_hd.o(RESET)
    __Vectors_End                            0x08000130   Data           0  startup_stm32f10x_hd.o(RESET)
    __main                                   0x08000131   Thumb Code     0  entry.o(.ARM.Collect$$$$00000000)
    _main_stk                                0x08000131   Thumb Code     0  entry2.o(.ARM.Collect$$$$00000001)
    _main_scatterload                        0x08000135   Thumb Code     0  entry5.o(.ARM.Collect$$$$00000004)
    __main_after_scatterload                 0x08000139   Thumb Code     0  entry5.o(.ARM.Collect$$$$00000004)
    _main_clock                              0x08000139   Thumb Code     0  entry7b.o(.ARM.Collect$$$$00000008)
    _main_cpp_init                           0x08000139   Thumb Code     0  entry8b.o(.ARM.Collect$$$$0000000A)
    _main_init                               0x08000139   Thumb Code     0  entry9a.o(.ARM.Collect$$$$0000000B)
    __rt_final_cpp                           0x08000141   Thumb Code     0  entry10a.o(.ARM.Collect$$$$0000000D)
    __rt_final_exit                          0x08000141   Thumb Code     0  entry11a.o(.ARM.Collect$$$$0000000F)
    Timer2_Init_Config                       0x08000145   Thumb Code    64  main.o(.text)
    NVIC_Configuration                       0x08000185   Thumb Code    50  main.o(.text)
    RCC_Configuration                        0x080001b7   Thumb Code   122  main.o(.text)
    System_Initialization                    0x08000231   Thumb Code    16  main.o(.text)
    main                                     0x08000241   Thumb Code   106  main.o(.text)
    TIM2_IRQHandler                          0x080002ab   Thumb Code    24  main.o(.text)
    NMI_Handler                              0x080002cd   Thumb Code     2  stm32f10x_it.o(.text)
    HardFault_Handler                        0x080002cf   Thumb Code     4  stm32f10x_it.o(.text)
    MemManage_Handler                        0x080002d3   Thumb Code     4  stm32f10x_it.o(.text)
    BusFault_Handler                         0x080002d7   Thumb Code     4  stm32f10x_it.o(.text)
    UsageFault_Handler                       0x080002db   Thumb Code     4  stm32f10x_it.o(.text)
    SVC_Handler                              0x080002df   Thumb Code     2  stm32f10x_it.o(.text)
    DebugMon_Handler                         0x080002e1   Thumb Code     2  stm32f10x_it.o(.text)
    PendSV_Handler                           0x080002e3   Thumb Code     2  stm32f10x_it.o(.text)
    SysTick_Handler                          0x080002e5   Thumb Code     2  stm32f10x_it.o(.text)
    SystemInit                               0x080003c7   Thumb Code    78  system_stm32f10x.o(.text)
    SystemCoreClockUpdate                    0x08000415   Thumb Code   142  system_stm32f10x.o(.text)
    TIM3_Int_Init                            0x080004c9   Thumb Code    88  timer.o(.text)
    TIM3_IRQHandler                          0x08000521   Thumb Code   102  timer.o(.text)
    close                                    0x08000599   Thumb Code    52  socket.o(.text)
    socket                                   0x080005cd   Thumb Code   192  socket.o(.text)
    listen                                   0x0800068d   Thumb Code    62  socket.o(.text)
    connect                                  0x080006cb   Thumb Code   248  socket.o(.text)
    disconnect                               0x080007c3   Thumb Code    38  socket.o(.text)
    send                                     0x080007e9   Thumb Code   216  socket.o(.text)
    recv                                     0x080008c1   Thumb Code    66  socket.o(.text)
    sendto                                   0x08000903   Thumb Code   268  socket.o(.text)
    recvfrom                                 0x08000a0f   Thumb Code   514  socket.o(.text)
    setMR                                    0x08000c29   Thumb Code    14  w5500.o(.text)
    iinchip_init                             0x08000c37   Thumb Code    10  w5500.o(.text)
    getIINCHIP_RxMAX                         0x08000c41   Thumb Code    10  w5500.o(.text)
    getIINCHIP_TxMAX                         0x08000c4b   Thumb Code    10  w5500.o(.text)
    setGAR                                   0x08000c55   Thumb Code    16  w5500.o(.text)
    getGAR                                   0x08000c65   Thumb Code    16  w5500.o(.text)
    setSUBR                                  0x08000c75   Thumb Code    18  w5500.o(.text)
    setSHAR                                  0x08000c87   Thumb Code    18  w5500.o(.text)
    setSIPR                                  0x08000c99   Thumb Code    18  w5500.o(.text)
    getSUBR                                  0x08000cab   Thumb Code    18  w5500.o(.text)
    getSHAR                                  0x08000cbd   Thumb Code    18  w5500.o(.text)
    getSIPR                                  0x08000ccf   Thumb Code    18  w5500.o(.text)
    getIR                                    0x08000ce1   Thumb Code    12  w5500.o(.text)
    setRTR                                   0x08000ced   Thumb Code    26  w5500.o(.text)
    setRCR                                   0x08000d07   Thumb Code    16  w5500.o(.text)
    clearIR                                  0x08000d17   Thumb Code    26  w5500.o(.text)
    setSn_MSS                                0x08000d31   Thumb Code    36  w5500.o(.text)
    setSn_TTL                                0x08000d55   Thumb Code    22  w5500.o(.text)
    getSn_IR                                 0x08000d6b   Thumb Code    18  w5500.o(.text)
    setSn_IR                                 0x08000d7d   Thumb Code    22  w5500.o(.text)
    getSn_SR                                 0x08000d93   Thumb Code    18  w5500.o(.text)
    getSn_TX_FSR                             0x08000da5   Thumb Code    84  w5500.o(.text)
    getSn_RX_RSR                             0x08000df9   Thumb Code    84  w5500.o(.text)
    send_data_processing                     0x08000e4d   Thumb Code   116  w5500.o(.text)
    recv_data_processing                     0x08000ec1   Thumb Code   116  w5500.o(.text)
    socket_buf_init                          0x08000f35   Thumb Code   128  w5500.o(.text)
    getPHYStatus                             0x08000fb5   Thumb Code    12  w5500.o(.text)
    PHY_check                                0x08000fc1   Thumb Code    56  w5500.o(.text)
    IP_Init                                  0x08001065   Thumb Code    64  w5500_conf.o(.text)
    W5500_SPI_Write                          0x080010a5   Thumb Code    58  w5500_conf.o(.text)
    W5500_SPI_Read                           0x080010df   Thumb Code    54  w5500_conf.o(.text)
    W5500_Delay                              0x08001115   Thumb Code    12  w5500_conf.o(.text)
    reset_w5500                              0x08001121   Thumb Code    30  w5500_conf.o(.text)
    set_w5500_ip                             0x0800113f   Thumb Code   176  w5500_conf.o(.text)
    set_w5500_mac                            0x080011ef   Thumb Code    20  w5500_conf.o(.text)
    W5500_Socket_WriteByte                   0x08001203   Thumb Code    16  w5500_conf.o(.text)
    W5500_Socket_ReadByte                    0x08001213   Thumb Code    20  w5500_conf.o(.text)
    W5500_Tcp_Send                           0x08001227   Thumb Code    24  w5500_conf.o(.text)
    do_tcp_server                            0x0800123f   Thumb Code   166  w5500_conf.o(.text)
    PA9_Control                              0x080013a9   Thumb Code    30  gpio.o(.text)
    PA10_Control                             0x080013c7   Thumb Code    30  gpio.o(.text)
    Gpio_int                                 0x080013e5   Thumb Code   184  gpio.o(.text)
    Relay_io_int                             0x0800149d   Thumb Code   282  gpio.o(.text)
    Relay_test                               0x080015b7   Thumb Code   336  gpio.o(.text)
    EXTI_Config                              0x08001707   Thumb Code   102  gpio.o(.text)
    EXTI0_IRQHandler                         0x0800176d   Thumb Code   130  gpio.o(.text)
    Gain_set                                 0x080017ef   Thumb Code   210  gpio.o(.text)
    SPI1_Init                                0x080018c9   Thumb Code    78  spi_driver.o(.text)
    SPI1_CS_Ctr                              0x08001917   Thumb Code    36  spi_driver.o(.text)
    SPI_ReadWriteByte                        0x0800193b   Thumb Code   116  spi_driver.o(.text)
    SPI_ReadByte                             0x080019af   Thumb Code    10  spi_driver.o(.text)
    SPI_WriteByte                            0x080019b9   Thumb Code    12  spi_driver.o(.text)
    SPI1_Write_Reg                           0x080019c5   Thumb Code    86  spi_driver.o(.text)
    SPI1_WriteRead_T2R                       0x08001a1b   Thumb Code    90  spi_driver.o(.text)
    SYNC_delay                               0x08001a79   Thumb Code   142  mycmd.o(.text)
    TCP_Print                                0x08001b07   Thumb Code    52  mycmd.o(.text)
    string_compare_len                       0x08001b3b   Thumb Code    42  mycmd.o(.text)
    StrToHex                                 0x08001b65   Thumb Code    80  mycmd.o(.text)
    CMD_help                                 0x08001bb5   Thumb Code    72  mycmd.o(.text)
    CMD_version                              0x08001bfd   Thumb Code    14  mycmd.o(.text)
    CMD_Sgtrig                               0x08001c0b   Thumb Code    12  mycmd.o(.text)
    CMD_Synctrig                             0x08001c17   Thumb Code   288  mycmd.o(.text)
    CMD_AD8253                               0x08001d37   Thumb Code    76  mycmd.o(.text)
    Relay_control                            0x08001d83   Thumb Code   964  mycmd.o(.text)
    CMD_Relay                                0x08002147   Thumb Code    50  mycmd.o(.text)
    CMD_CKIN                                 0x08002179   Thumb Code    50  mycmd.o(.text)
    CMD_SETIP                                0x080021ab   Thumb Code   174  mycmd.o(.text)
    DataCMP                                  0x08002259   Thumb Code   168  mycmd.o(.text)
    Process_Data                             0x08002301   Thumb Code   340  mycmd.o(.text)
    IIC_Init                                 0x08002465   Thumb Code    60  my_iic.o(.text)
    IIC_Start                                0x080024a1   Thumb Code   174  my_iic.o(.text)
    IIC_Stop                                 0x0800254f   Thumb Code   174  my_iic.o(.text)
    IIC_Wait_Ack                             0x080025fd   Thumb Code   228  my_iic.o(.text)
    IIC_Ack                                  0x080026e1   Thumb Code   174  my_iic.o(.text)
    IIC_NAck                                 0x0800278f   Thumb Code   174  my_iic.o(.text)
    IIC_Send_Byte                            0x0800283d   Thumb Code   258  my_iic.o(.text)
    IIC_Read_Byte                            0x0800293f   Thumb Code   270  my_iic.o(.text)
    IIC_Write                                0x08002a4d   Thumb Code   258  my_iic.o(.text)
    IIC_Read                                 0x08002b4f   Thumb Code   268  my_iic.o(.text)
    Cat9555_I2cApiWrite                      0x08002c61   Thumb Code    42  cat9555.o(.text)
    Cat9555_Set_IO_State                     0x08002c8b   Thumb Code    46  cat9555.o(.text)
    Cat9555_Config                           0x08002cb9   Thumb Code    46  cat9555.o(.text)
    CAT9555_Init                             0x08002ce7   Thumb Code    44  cat9555.o(.text)
    Cat9555_I2cApiRead                       0x08002d13   Thumb Code    40  cat9555.o(.text)
    Cat9555_Output                           0x08002d3b   Thumb Code   164  cat9555.o(.text)
    Cat9555_Input                            0x08002ddf   Thumb Code   142  cat9555.o(.text)
    STMFLASH_ReadHalfWord                    0x08002e99   Thumb Code     6  my_flash.o(.text)
    STMFLASH_Write_NoCheck                   0x08002e9f   Thumb Code    38  my_flash.o(.text)
    STMFLASH_Read                            0x08002ec5   Thumb Code    34  my_flash.o(.text)
    STMFLASH_Write                           0x08002ee7   Thumb Code   222  my_flash.o(.text)
    Test_Write                               0x08002fc5   Thumb Code    16  my_flash.o(.text)
    delay_init                               0x08002fdd   Thumb Code    50  delay.o(.text)
    delay_us                                 0x0800300f   Thumb Code    72  delay.o(.text)
    delay_ms                                 0x08003057   Thumb Code    72  delay.o(.text)
    fputc                                    0x080030b1   Thumb Code    36  usart.o(.text)
    Uart1_GpioInit                           0x080030d5   Thumb Code    62  usart.o(.text)
    Uart1_DmaInit                            0x08003113   Thumb Code   122  usart.o(.text)
    Uart2_DmaInit                            0x0800318d   Thumb Code   120  usart.o(.text)
    Uart1_Init                               0x08003205   Thumb Code   134  usart.o(.text)
    Uart2_Init                               0x0800328b   Thumb Code   186  usart.o(.text)
    Uart1_SendString                         0x08003345   Thumb Code    44  usart.o(.text)
    USART2_Send_Data                         0x08003371   Thumb Code    56  usart.o(.text)
    Uart1_SendByte                           0x080033a9   Thumb Code    32  usart.o(.text)
    Uart1_SendArray                          0x080033c9   Thumb Code    54  usart.o(.text)
    USART1_IRQHandler                        0x080033ff   Thumb Code   136  usart.o(.text)
    USART2_IRQHandler                        0x08003487   Thumb Code   180  usart.o(.text)
    Reset_Handler                            0x0800354d   Thumb Code     8  startup_stm32f10x_hd.o(.text)
    ADC1_2_IRQHandler                        0x08003567   Thumb Code     0  startup_stm32f10x_hd.o(.text)
    ADC3_IRQHandler                          0x08003567   Thumb Code     0  startup_stm32f10x_hd.o(.text)
    CAN1_RX1_IRQHandler                      0x08003567   Thumb Code     0  startup_stm32f10x_hd.o(.text)
    CAN1_SCE_IRQHandler                      0x08003567   Thumb Code     0  startup_stm32f10x_hd.o(.text)
    DMA1_Channel1_IRQHandler                 0x08003567   Thumb Code     0  startup_stm32f10x_hd.o(.text)
    DMA1_Channel2_IRQHandler                 0x08003567   Thumb Code     0  startup_stm32f10x_hd.o(.text)
    DMA1_Channel3_IRQHandler                 0x08003567   Thumb Code     0  startup_stm32f10x_hd.o(.text)
    DMA1_Channel4_IRQHandler                 0x08003567   Thumb Code     0  startup_stm32f10x_hd.o(.text)
    DMA1_Channel5_IRQHandler                 0x08003567   Thumb Code     0  startup_stm32f10x_hd.o(.text)
    DMA1_Channel6_IRQHandler                 0x08003567   Thumb Code     0  startup_stm32f10x_hd.o(.text)
    DMA1_Channel7_IRQHandler                 0x08003567   Thumb Code     0  startup_stm32f10x_hd.o(.text)
    DMA2_Channel1_IRQHandler                 0x08003567   Thumb Code     0  startup_stm32f10x_hd.o(.text)
    DMA2_Channel2_IRQHandler                 0x08003567   Thumb Code     0  startup_stm32f10x_hd.o(.text)
    DMA2_Channel3_IRQHandler                 0x08003567   Thumb Code     0  startup_stm32f10x_hd.o(.text)
    DMA2_Channel4_5_IRQHandler               0x08003567   Thumb Code     0  startup_stm32f10x_hd.o(.text)
    EXTI15_10_IRQHandler                     0x08003567   Thumb Code     0  startup_stm32f10x_hd.o(.text)
    EXTI1_IRQHandler                         0x08003567   Thumb Code     0  startup_stm32f10x_hd.o(.text)
    EXTI2_IRQHandler                         0x08003567   Thumb Code     0  startup_stm32f10x_hd.o(.text)
    EXTI3_IRQHandler                         0x08003567   Thumb Code     0  startup_stm32f10x_hd.o(.text)
    EXTI4_IRQHandler                         0x08003567   Thumb Code     0  startup_stm32f10x_hd.o(.text)
    EXTI9_5_IRQHandler                       0x08003567   Thumb Code     0  startup_stm32f10x_hd.o(.text)
    FLASH_IRQHandler                         0x08003567   Thumb Code     0  startup_stm32f10x_hd.o(.text)
    FSMC_IRQHandler                          0x08003567   Thumb Code     0  startup_stm32f10x_hd.o(.text)
    I2C1_ER_IRQHandler                       0x08003567   Thumb Code     0  startup_stm32f10x_hd.o(.text)
    I2C1_EV_IRQHandler                       0x08003567   Thumb Code     0  startup_stm32f10x_hd.o(.text)
    I2C2_ER_IRQHandler                       0x08003567   Thumb Code     0  startup_stm32f10x_hd.o(.text)
    I2C2_EV_IRQHandler                       0x08003567   Thumb Code     0  startup_stm32f10x_hd.o(.text)
    PVD_IRQHandler                           0x08003567   Thumb Code     0  startup_stm32f10x_hd.o(.text)
    RCC_IRQHandler                           0x08003567   Thumb Code     0  startup_stm32f10x_hd.o(.text)
    RTCAlarm_IRQHandler                      0x08003567   Thumb Code     0  startup_stm32f10x_hd.o(.text)
    RTC_IRQHandler                           0x08003567   Thumb Code     0  startup_stm32f10x_hd.o(.text)
    SDIO_IRQHandler                          0x08003567   Thumb Code     0  startup_stm32f10x_hd.o(.text)
    SPI1_IRQHandler                          0x08003567   Thumb Code     0  startup_stm32f10x_hd.o(.text)
    SPI2_IRQHandler                          0x08003567   Thumb Code     0  startup_stm32f10x_hd.o(.text)
    SPI3_IRQHandler                          0x08003567   Thumb Code     0  startup_stm32f10x_hd.o(.text)
    TAMPER_IRQHandler                        0x08003567   Thumb Code     0  startup_stm32f10x_hd.o(.text)
    TIM1_BRK_IRQHandler                      0x08003567   Thumb Code     0  startup_stm32f10x_hd.o(.text)
    TIM1_CC_IRQHandler                       0x08003567   Thumb Code     0  startup_stm32f10x_hd.o(.text)
    TIM1_TRG_COM_IRQHandler                  0x08003567   Thumb Code     0  startup_stm32f10x_hd.o(.text)
    TIM1_UP_IRQHandler                       0x08003567   Thumb Code     0  startup_stm32f10x_hd.o(.text)
    TIM4_IRQHandler                          0x08003567   Thumb Code     0  startup_stm32f10x_hd.o(.text)
    TIM5_IRQHandler                          0x08003567   Thumb Code     0  startup_stm32f10x_hd.o(.text)
    TIM6_IRQHandler                          0x08003567   Thumb Code     0  startup_stm32f10x_hd.o(.text)
    TIM7_IRQHandler                          0x08003567   Thumb Code     0  startup_stm32f10x_hd.o(.text)
    TIM8_BRK_IRQHandler                      0x08003567   Thumb Code     0  startup_stm32f10x_hd.o(.text)
    TIM8_CC_IRQHandler                       0x08003567   Thumb Code     0  startup_stm32f10x_hd.o(.text)
    TIM8_TRG_COM_IRQHandler                  0x08003567   Thumb Code     0  startup_stm32f10x_hd.o(.text)
    TIM8_UP_IRQHandler                       0x08003567   Thumb Code     0  startup_stm32f10x_hd.o(.text)
    UART4_IRQHandler                         0x08003567   Thumb Code     0  startup_stm32f10x_hd.o(.text)
    UART5_IRQHandler                         0x08003567   Thumb Code     0  startup_stm32f10x_hd.o(.text)
    USART3_IRQHandler                        0x08003567   Thumb Code     0  startup_stm32f10x_hd.o(.text)
    USBWakeUp_IRQHandler                     0x08003567   Thumb Code     0  startup_stm32f10x_hd.o(.text)
    USB_HP_CAN1_TX_IRQHandler                0x08003567   Thumb Code     0  startup_stm32f10x_hd.o(.text)
    USB_LP_CAN1_RX0_IRQHandler               0x08003567   Thumb Code     0  startup_stm32f10x_hd.o(.text)
    WWDG_IRQHandler                          0x08003567   Thumb Code     0  startup_stm32f10x_hd.o(.text)
    NVIC_PriorityGroupConfig                 0x08003571   Thumb Code    10  misc.o(.text)
    NVIC_Init                                0x0800357b   Thumb Code   100  misc.o(.text)
    NVIC_SetVectorTable                      0x080035df   Thumb Code    14  misc.o(.text)
    NVIC_SystemLPConfig                      0x080035ed   Thumb Code    34  misc.o(.text)
    SysTick_CLKSourceConfig                  0x0800360f   Thumb Code    40  misc.o(.text)
    GPIO_DeInit                              0x0800364d   Thumb Code   172  stm32f10x_gpio.o(.text)
    GPIO_AFIODeInit                          0x080036f9   Thumb Code    20  stm32f10x_gpio.o(.text)
    GPIO_Init                                0x0800370d   Thumb Code   278  stm32f10x_gpio.o(.text)
    GPIO_StructInit                          0x08003823   Thumb Code    16  stm32f10x_gpio.o(.text)
    GPIO_ReadInputDataBit                    0x08003833   Thumb Code    18  stm32f10x_gpio.o(.text)
    GPIO_ReadInputData                       0x08003845   Thumb Code     8  stm32f10x_gpio.o(.text)
    GPIO_ReadOutputDataBit                   0x0800384d   Thumb Code    18  stm32f10x_gpio.o(.text)
    GPIO_ReadOutputData                      0x0800385f   Thumb Code     8  stm32f10x_gpio.o(.text)
    GPIO_SetBits                             0x08003867   Thumb Code     4  stm32f10x_gpio.o(.text)
    GPIO_ResetBits                           0x0800386b   Thumb Code     4  stm32f10x_gpio.o(.text)
    GPIO_WriteBit                            0x0800386f   Thumb Code    10  stm32f10x_gpio.o(.text)
    GPIO_Write                               0x08003879   Thumb Code     4  stm32f10x_gpio.o(.text)
    GPIO_PinLockConfig                       0x0800387d   Thumb Code    18  stm32f10x_gpio.o(.text)
    GPIO_EventOutputConfig                   0x0800388f   Thumb Code    26  stm32f10x_gpio.o(.text)
    GPIO_EventOutputCmd                      0x080038a9   Thumb Code     6  stm32f10x_gpio.o(.text)
    GPIO_PinRemapConfig                      0x080038af   Thumb Code   138  stm32f10x_gpio.o(.text)
    GPIO_EXTILineConfig                      0x08003939   Thumb Code    66  stm32f10x_gpio.o(.text)
    GPIO_ETH_MediaInterfaceConfig            0x0800397b   Thumb Code     8  stm32f10x_gpio.o(.text)
    RCC_DeInit                               0x080039a9   Thumb Code    64  stm32f10x_rcc.o(.text)
    RCC_HSEConfig                            0x080039e9   Thumb Code    70  stm32f10x_rcc.o(.text)
    RCC_GetFlagStatus                        0x08003a2f   Thumb Code    56  stm32f10x_rcc.o(.text)
    RCC_WaitForHSEStartUp                    0x08003a67   Thumb Code    56  stm32f10x_rcc.o(.text)
    RCC_AdjustHSICalibrationValue            0x08003a9f   Thumb Code    20  stm32f10x_rcc.o(.text)
    RCC_HSICmd                               0x08003ab3   Thumb Code     6  stm32f10x_rcc.o(.text)
    RCC_PLLConfig                            0x08003ab9   Thumb Code    24  stm32f10x_rcc.o(.text)
    RCC_PLLCmd                               0x08003ad1   Thumb Code     6  stm32f10x_rcc.o(.text)
    RCC_SYSCLKConfig                         0x08003ad7   Thumb Code    18  stm32f10x_rcc.o(.text)
    RCC_GetSYSCLKSource                      0x08003ae9   Thumb Code    10  stm32f10x_rcc.o(.text)
    RCC_HCLKConfig                           0x08003af3   Thumb Code    18  stm32f10x_rcc.o(.text)
    RCC_PCLK1Config                          0x08003b05   Thumb Code    18  stm32f10x_rcc.o(.text)
    RCC_PCLK2Config                          0x08003b17   Thumb Code    20  stm32f10x_rcc.o(.text)
    RCC_ITConfig                             0x08003b2b   Thumb Code    26  stm32f10x_rcc.o(.text)
    RCC_USBCLKConfig                         0x08003b45   Thumb Code     8  stm32f10x_rcc.o(.text)
    RCC_ADCCLKConfig                         0x08003b4d   Thumb Code    18  stm32f10x_rcc.o(.text)
    RCC_LSEConfig                            0x08003b5f   Thumb Code    50  stm32f10x_rcc.o(.text)
    RCC_LSICmd                               0x08003b91   Thumb Code     6  stm32f10x_rcc.o(.text)
    RCC_RTCCLKConfig                         0x08003b97   Thumb Code    12  stm32f10x_rcc.o(.text)
    RCC_RTCCLKCmd                            0x08003ba3   Thumb Code     8  stm32f10x_rcc.o(.text)
    RCC_GetClocksFreq                        0x08003bab   Thumb Code   192  stm32f10x_rcc.o(.text)
    RCC_AHBPeriphClockCmd                    0x08003c6b   Thumb Code    26  stm32f10x_rcc.o(.text)
    RCC_APB2PeriphClockCmd                   0x08003c85   Thumb Code    26  stm32f10x_rcc.o(.text)
    RCC_APB1PeriphClockCmd                   0x08003c9f   Thumb Code    26  stm32f10x_rcc.o(.text)
    RCC_APB2PeriphResetCmd                   0x08003cb9   Thumb Code    26  stm32f10x_rcc.o(.text)
    RCC_APB1PeriphResetCmd                   0x08003cd3   Thumb Code    26  stm32f10x_rcc.o(.text)
    RCC_BackupResetCmd                       0x08003ced   Thumb Code     8  stm32f10x_rcc.o(.text)
    RCC_ClockSecuritySystemCmd               0x08003cf5   Thumb Code     6  stm32f10x_rcc.o(.text)
    RCC_MCOConfig                            0x08003cfb   Thumb Code     6  stm32f10x_rcc.o(.text)
    RCC_ClearFlag                            0x08003d01   Thumb Code    14  stm32f10x_rcc.o(.text)
    RCC_GetITStatus                          0x08003d0f   Thumb Code    20  stm32f10x_rcc.o(.text)
    RCC_ClearITPendingBit                    0x08003d23   Thumb Code     6  stm32f10x_rcc.o(.text)
    TIM_DeInit                               0x08003d4d   Thumb Code   424  stm32f10x_tim.o(.text)
    TIM_TimeBaseInit                         0x08003ef5   Thumb Code   122  stm32f10x_tim.o(.text)
    TIM_OC1Init                              0x08003f6f   Thumb Code   132  stm32f10x_tim.o(.text)
    TIM_OC2Init                              0x08003ff3   Thumb Code   154  stm32f10x_tim.o(.text)
    TIM_OC3Init                              0x0800408d   Thumb Code   150  stm32f10x_tim.o(.text)
    TIM_OC4Init                              0x08004123   Thumb Code   182  stm32f10x_tim.o(.text)
    TIM_SetIC4Prescaler                      0x080041d9   Thumb Code    26  stm32f10x_tim.o(.text)
    TIM_SetIC3Prescaler                      0x08004275   Thumb Code    18  stm32f10x_tim.o(.text)
    TIM_SetIC2Prescaler                      0x08004301   Thumb Code    26  stm32f10x_tim.o(.text)
    TIM_SetIC1Prescaler                      0x0800439d   Thumb Code    18  stm32f10x_tim.o(.text)
    TIM_ICInit                               0x0800441b   Thumb Code   150  stm32f10x_tim.o(.text)
    TIM_PWMIConfig                           0x080044b1   Thumb Code   124  stm32f10x_tim.o(.text)
    TIM_BDTRConfig                           0x0800452d   Thumb Code    32  stm32f10x_tim.o(.text)
    TIM_TimeBaseStructInit                   0x0800454d   Thumb Code    18  stm32f10x_tim.o(.text)
    TIM_OCStructInit                         0x0800455f   Thumb Code    20  stm32f10x_tim.o(.text)
    TIM_ICStructInit                         0x08004573   Thumb Code    18  stm32f10x_tim.o(.text)
    TIM_BDTRStructInit                       0x08004585   Thumb Code    40  stm32f10x_tim.o(.text)
    TIM_Cmd                                  0x080045ad   Thumb Code    24  stm32f10x_tim.o(.text)
    TIM_CtrlPWMOutputs                       0x080045c5   Thumb Code    30  stm32f10x_tim.o(.text)
    TIM_ITConfig                             0x080045e3   Thumb Code    18  stm32f10x_tim.o(.text)
    TIM_GenerateEvent                        0x080045f5   Thumb Code     4  stm32f10x_tim.o(.text)
    TIM_DMAConfig                            0x080045f9   Thumb Code    10  stm32f10x_tim.o(.text)
    TIM_DMACmd                               0x08004603   Thumb Code    18  stm32f10x_tim.o(.text)
    TIM_InternalClockConfig                  0x08004615   Thumb Code    12  stm32f10x_tim.o(.text)
    TIM_SelectInputTrigger                   0x08004621   Thumb Code    18  stm32f10x_tim.o(.text)
    TIM_ITRxExternalClockConfig              0x08004633   Thumb Code    24  stm32f10x_tim.o(.text)
    TIM_TIxExternalClockConfig               0x0800464b   Thumb Code    62  stm32f10x_tim.o(.text)
    TIM_ETRConfig                            0x08004689   Thumb Code    28  stm32f10x_tim.o(.text)
    TIM_ETRClockMode1Config                  0x080046a5   Thumb Code    54  stm32f10x_tim.o(.text)
    TIM_ETRClockMode2Config                  0x080046db   Thumb Code    32  stm32f10x_tim.o(.text)
    TIM_PrescalerConfig                      0x080046fb   Thumb Code     6  stm32f10x_tim.o(.text)
    TIM_CounterModeConfig                    0x08004701   Thumb Code    18  stm32f10x_tim.o(.text)
    TIM_EncoderInterfaceConfig               0x08004713   Thumb Code    66  stm32f10x_tim.o(.text)
    TIM_ForcedOC1Config                      0x08004755   Thumb Code    18  stm32f10x_tim.o(.text)
    TIM_ForcedOC2Config                      0x08004767   Thumb Code    26  stm32f10x_tim.o(.text)
    TIM_ForcedOC3Config                      0x08004781   Thumb Code    18  stm32f10x_tim.o(.text)
    TIM_ForcedOC4Config                      0x08004793   Thumb Code    26  stm32f10x_tim.o(.text)
    TIM_ARRPreloadConfig                     0x080047ad   Thumb Code    24  stm32f10x_tim.o(.text)
    TIM_SelectCOM                            0x080047c5   Thumb Code    24  stm32f10x_tim.o(.text)
    TIM_SelectCCDMA                          0x080047dd   Thumb Code    24  stm32f10x_tim.o(.text)
    TIM_CCPreloadControl                     0x080047f5   Thumb Code    24  stm32f10x_tim.o(.text)
    TIM_OC1PreloadConfig                     0x0800480d   Thumb Code    18  stm32f10x_tim.o(.text)
    TIM_OC2PreloadConfig                     0x0800481f   Thumb Code    26  stm32f10x_tim.o(.text)
    TIM_OC3PreloadConfig                     0x08004839   Thumb Code    18  stm32f10x_tim.o(.text)
    TIM_OC4PreloadConfig                     0x0800484b   Thumb Code    26  stm32f10x_tim.o(.text)
    TIM_OC1FastConfig                        0x08004865   Thumb Code    18  stm32f10x_tim.o(.text)
    TIM_OC2FastConfig                        0x08004877   Thumb Code    26  stm32f10x_tim.o(.text)
    TIM_OC3FastConfig                        0x08004891   Thumb Code    18  stm32f10x_tim.o(.text)
    TIM_OC4FastConfig                        0x080048a3   Thumb Code    26  stm32f10x_tim.o(.text)
    TIM_ClearOC1Ref                          0x080048bd   Thumb Code    18  stm32f10x_tim.o(.text)
    TIM_ClearOC2Ref                          0x080048cf   Thumb Code    24  stm32f10x_tim.o(.text)
    TIM_ClearOC3Ref                          0x080048e7   Thumb Code    18  stm32f10x_tim.o(.text)
    TIM_ClearOC4Ref                          0x080048f9   Thumb Code    24  stm32f10x_tim.o(.text)
    TIM_OC1PolarityConfig                    0x08004911   Thumb Code    18  stm32f10x_tim.o(.text)
    TIM_OC1NPolarityConfig                   0x08004923   Thumb Code    18  stm32f10x_tim.o(.text)
    TIM_OC2PolarityConfig                    0x08004935   Thumb Code    26  stm32f10x_tim.o(.text)
    TIM_OC2NPolarityConfig                   0x0800494f   Thumb Code    26  stm32f10x_tim.o(.text)
    TIM_OC3PolarityConfig                    0x08004969   Thumb Code    26  stm32f10x_tim.o(.text)
    TIM_OC3NPolarityConfig                   0x08004983   Thumb Code    26  stm32f10x_tim.o(.text)
    TIM_OC4PolarityConfig                    0x0800499d   Thumb Code    26  stm32f10x_tim.o(.text)
    TIM_CCxCmd                               0x080049b7   Thumb Code    30  stm32f10x_tim.o(.text)
    TIM_CCxNCmd                              0x080049d5   Thumb Code    30  stm32f10x_tim.o(.text)
    TIM_SelectOCxM                           0x080049f3   Thumb Code    82  stm32f10x_tim.o(.text)
    TIM_UpdateDisableConfig                  0x08004a45   Thumb Code    24  stm32f10x_tim.o(.text)
    TIM_UpdateRequestConfig                  0x08004a5d   Thumb Code    24  stm32f10x_tim.o(.text)
    TIM_SelectHallSensor                     0x08004a75   Thumb Code    24  stm32f10x_tim.o(.text)
    TIM_SelectOnePulseMode                   0x08004a8d   Thumb Code    18  stm32f10x_tim.o(.text)
    TIM_SelectOutputTrigger                  0x08004a9f   Thumb Code    18  stm32f10x_tim.o(.text)
    TIM_SelectSlaveMode                      0x08004ab1   Thumb Code    18  stm32f10x_tim.o(.text)
    TIM_SelectMasterSlaveMode                0x08004ac3   Thumb Code    18  stm32f10x_tim.o(.text)
    TIM_SetCounter                           0x08004ad5   Thumb Code     4  stm32f10x_tim.o(.text)
    TIM_SetAutoreload                        0x08004ad9   Thumb Code     4  stm32f10x_tim.o(.text)
    TIM_SetCompare1                          0x08004add   Thumb Code     4  stm32f10x_tim.o(.text)
    TIM_SetCompare2                          0x08004ae1   Thumb Code     4  stm32f10x_tim.o(.text)
    TIM_SetCompare3                          0x08004ae5   Thumb Code     4  stm32f10x_tim.o(.text)
    TIM_SetCompare4                          0x08004ae9   Thumb Code     6  stm32f10x_tim.o(.text)
    TIM_SetClockDivision                     0x08004aef   Thumb Code    18  stm32f10x_tim.o(.text)
    TIM_GetCapture1                          0x08004b01   Thumb Code     6  stm32f10x_tim.o(.text)
    TIM_GetCapture2                          0x08004b07   Thumb Code     6  stm32f10x_tim.o(.text)
    TIM_GetCapture3                          0x08004b0d   Thumb Code     6  stm32f10x_tim.o(.text)
    TIM_GetCapture4                          0x08004b13   Thumb Code     8  stm32f10x_tim.o(.text)
    TIM_GetCounter                           0x08004b1b   Thumb Code     6  stm32f10x_tim.o(.text)
    TIM_GetPrescaler                         0x08004b21   Thumb Code     6  stm32f10x_tim.o(.text)
    TIM_GetFlagStatus                        0x08004b27   Thumb Code    18  stm32f10x_tim.o(.text)
    TIM_ClearFlag                            0x08004b39   Thumb Code     6  stm32f10x_tim.o(.text)
    TIM_GetITStatus                          0x08004b3f   Thumb Code    34  stm32f10x_tim.o(.text)
    TIM_ClearITPendingBit                    0x08004b61   Thumb Code     6  stm32f10x_tim.o(.text)
    USART_DeInit                             0x08004b69   Thumb Code   134  stm32f10x_usart.o(.text)
    USART_Init                               0x08004bef   Thumb Code   210  stm32f10x_usart.o(.text)
    USART_StructInit                         0x08004cc1   Thumb Code    24  stm32f10x_usart.o(.text)
    USART_ClockInit                          0x08004cd9   Thumb Code    34  stm32f10x_usart.o(.text)
    USART_ClockStructInit                    0x08004cfb   Thumb Code    12  stm32f10x_usart.o(.text)
    USART_Cmd                                0x08004d07   Thumb Code    24  stm32f10x_usart.o(.text)
    USART_ITConfig                           0x08004d1f   Thumb Code    74  stm32f10x_usart.o(.text)
    USART_DMACmd                             0x08004d69   Thumb Code    18  stm32f10x_usart.o(.text)
    USART_SetAddress                         0x08004d7b   Thumb Code    18  stm32f10x_usart.o(.text)
    USART_WakeUpConfig                       0x08004d8d   Thumb Code    18  stm32f10x_usart.o(.text)
    USART_ReceiverWakeUpCmd                  0x08004d9f   Thumb Code    24  stm32f10x_usart.o(.text)
    USART_LINBreakDetectLengthConfig         0x08004db7   Thumb Code    18  stm32f10x_usart.o(.text)
    USART_LINCmd                             0x08004dc9   Thumb Code    24  stm32f10x_usart.o(.text)
    USART_SendData                           0x08004de1   Thumb Code     8  stm32f10x_usart.o(.text)
    USART_ReceiveData                        0x08004de9   Thumb Code    10  stm32f10x_usart.o(.text)
    USART_SendBreak                          0x08004df3   Thumb Code    10  stm32f10x_usart.o(.text)
    USART_SetGuardTime                       0x08004dfd   Thumb Code    16  stm32f10x_usart.o(.text)
    USART_SetPrescaler                       0x08004e0d   Thumb Code    16  stm32f10x_usart.o(.text)
    USART_SmartCardCmd                       0x08004e1d   Thumb Code    24  stm32f10x_usart.o(.text)
    USART_SmartCardNACKCmd                   0x08004e35   Thumb Code    24  stm32f10x_usart.o(.text)
    USART_HalfDuplexCmd                      0x08004e4d   Thumb Code    24  stm32f10x_usart.o(.text)
    USART_OverSampling8Cmd                   0x08004e65   Thumb Code    22  stm32f10x_usart.o(.text)
    USART_OneBitMethodCmd                    0x08004e7b   Thumb Code    24  stm32f10x_usart.o(.text)
    USART_IrDAConfig                         0x08004e93   Thumb Code    18  stm32f10x_usart.o(.text)
    USART_IrDACmd                            0x08004ea5   Thumb Code    24  stm32f10x_usart.o(.text)
    USART_GetFlagStatus                      0x08004ebd   Thumb Code    26  stm32f10x_usart.o(.text)
    USART_ClearFlag                          0x08004ed7   Thumb Code    18  stm32f10x_usart.o(.text)
    USART_GetITStatus                        0x08004ee9   Thumb Code    84  stm32f10x_usart.o(.text)
    USART_ClearITPendingBit                  0x08004f3d   Thumb Code    52  stm32f10x_usart.o(.text)
    EXTI_DeInit                              0x08004f71   Thumb Code    28  stm32f10x_exti.o(.text)
    EXTI_Init                                0x08004f8d   Thumb Code   142  stm32f10x_exti.o(.text)
    EXTI_StructInit                          0x0800501b   Thumb Code    16  stm32f10x_exti.o(.text)
    EXTI_GenerateSWInterrupt                 0x0800502b   Thumb Code    16  stm32f10x_exti.o(.text)
    EXTI_GetFlagStatus                       0x0800503b   Thumb Code    22  stm32f10x_exti.o(.text)
    EXTI_ClearFlag                           0x08005051   Thumb Code     8  stm32f10x_exti.o(.text)
    EXTI_GetITStatus                         0x08005059   Thumb Code    34  stm32f10x_exti.o(.text)
    EXTI_ClearITPendingBit                   0x0800507b   Thumb Code     8  stm32f10x_exti.o(.text)
    FLASH_SetLatency                         0x0800508d   Thumb Code    18  stm32f10x_flash.o(.text)
    FLASH_HalfCycleAccessCmd                 0x0800509f   Thumb Code    22  stm32f10x_flash.o(.text)
    FLASH_PrefetchBufferCmd                  0x080050b5   Thumb Code    22  stm32f10x_flash.o(.text)
    FLASH_Unlock                             0x080050cb   Thumb Code    12  stm32f10x_flash.o(.text)
    FLASH_UnlockBank1                        0x080050d7   Thumb Code    12  stm32f10x_flash.o(.text)
    FLASH_Lock                               0x080050e3   Thumb Code    14  stm32f10x_flash.o(.text)
    FLASH_LockBank1                          0x080050f1   Thumb Code    14  stm32f10x_flash.o(.text)
    FLASH_GetBank1Status                     0x080050ff   Thumb Code    48  stm32f10x_flash.o(.text)
    FLASH_WaitForLastOperation               0x0800512f   Thumb Code    38  stm32f10x_flash.o(.text)
    FLASH_ErasePage                          0x08005155   Thumb Code    72  stm32f10x_flash.o(.text)
    FLASH_EraseAllPages                      0x0800519d   Thumb Code    68  stm32f10x_flash.o(.text)
    FLASH_WaitForLastBank1Operation          0x080051e1   Thumb Code    38  stm32f10x_flash.o(.text)
    FLASH_EraseAllBank1Pages                 0x08005207   Thumb Code    68  stm32f10x_flash.o(.text)
    FLASH_GetReadOutProtectionStatus         0x0800524b   Thumb Code    20  stm32f10x_flash.o(.text)
    FLASH_EraseOptionBytes                   0x0800525f   Thumb Code   150  stm32f10x_flash.o(.text)
    FLASH_ProgramWord                        0x080052f5   Thumb Code   102  stm32f10x_flash.o(.text)
    FLASH_ProgramHalfWord                    0x0800535b   Thumb Code    60  stm32f10x_flash.o(.text)
    FLASH_ProgramOptionByteData              0x08005397   Thumb Code    72  stm32f10x_flash.o(.text)
    FLASH_EnableWriteProtection              0x080053df   Thumb Code   200  stm32f10x_flash.o(.text)
    FLASH_ReadOutProtection                  0x080054a7   Thumb Code   156  stm32f10x_flash.o(.text)
    FLASH_UserOptionByteConfig               0x08005543   Thumb Code    88  stm32f10x_flash.o(.text)
    FLASH_GetUserOptionByte                  0x0800559b   Thumb Code     8  stm32f10x_flash.o(.text)
    FLASH_GetWriteProtectionOptionByte       0x080055a3   Thumb Code     6  stm32f10x_flash.o(.text)
    FLASH_GetPrefetchBufferStatus            0x080055a9   Thumb Code    20  stm32f10x_flash.o(.text)
    FLASH_ITConfig                           0x080055bd   Thumb Code    26  stm32f10x_flash.o(.text)
    FLASH_GetFlagStatus                      0x080055d7   Thumb Code    42  stm32f10x_flash.o(.text)
    FLASH_ClearFlag                          0x08005601   Thumb Code     6  stm32f10x_flash.o(.text)
    FLASH_GetStatus                          0x08005607   Thumb Code    48  stm32f10x_flash.o(.text)
    DMA_DeInit                               0x08005649   Thumb Code   324  stm32f10x_dma.o(.text)
    DMA_Init                                 0x0800578d   Thumb Code    60  stm32f10x_dma.o(.text)
    DMA_StructInit                           0x080057c9   Thumb Code    26  stm32f10x_dma.o(.text)
    DMA_Cmd                                  0x080057e3   Thumb Code    24  stm32f10x_dma.o(.text)
    DMA_ITConfig                             0x080057fb   Thumb Code    18  stm32f10x_dma.o(.text)
    DMA_SetCurrDataCounter                   0x0800580d   Thumb Code     4  stm32f10x_dma.o(.text)
    DMA_GetCurrDataCounter                   0x08005811   Thumb Code     8  stm32f10x_dma.o(.text)
    DMA_GetFlagStatus                        0x08005819   Thumb Code    40  stm32f10x_dma.o(.text)
    DMA_ClearFlag                            0x08005841   Thumb Code    22  stm32f10x_dma.o(.text)
    DMA_GetITStatus                          0x08005857   Thumb Code    40  stm32f10x_dma.o(.text)
    DMA_ClearITPendingBit                    0x0800587f   Thumb Code    22  stm32f10x_dma.o(.text)
    strlen                                   0x0800589d   Thumb Code    14  strlen.o(.text)
    atoi                                     0x080058ab   Thumb Code    26  atoi.o(.text)
    __aeabi_uidiv                            0x080058c5   Thumb Code     0  uidiv.o(.text)
    __aeabi_uidivmod                         0x080058c5   Thumb Code    44  uidiv.o(.text)
    __aeabi_uldivmod                         0x080058f1   Thumb Code    98  uldiv.o(.text)
    strtol                                   0x08005953   Thumb Code   112  strtol.o(.text)
    __I$use$fp                               0x080059c3   Thumb Code     0  iusefp.o(.text)
    __aeabi_dadd                             0x080059c3   Thumb Code   322  dadd.o(.text)
    __aeabi_dsub                             0x08005b05   Thumb Code     6  dadd.o(.text)
    __aeabi_drsub                            0x08005b0b   Thumb Code     6  dadd.o(.text)
    __aeabi_dmul                             0x08005b11   Thumb Code   228  dmul.o(.text)
    __aeabi_ddiv                             0x08005bf5   Thumb Code   222  ddiv.o(.text)
    __aeabi_d2ulz                            0x08005cd3   Thumb Code    48  dfixul.o(.text)
    __aeabi_cdrcmple                         0x08005d05   Thumb Code    48  cdrcmple.o(.text)
    __scatterload                            0x08005d35   Thumb Code    28  init.o(.text)
    __scatterload_rt2                        0x08005d35   Thumb Code     0  init.o(.text)
    __aeabi_llsl                             0x08005d59   Thumb Code    30  llshl.o(.text)
    _ll_shift_l                              0x08005d59   Thumb Code     0  llshl.o(.text)
    __aeabi_llsr                             0x08005d77   Thumb Code    32  llushr.o(.text)
    _ll_ushift_r                             0x08005d77   Thumb Code     0  llushr.o(.text)
    __aeabi_lasr                             0x08005d97   Thumb Code    36  llsshr.o(.text)
    _ll_sshift_r                             0x08005d97   Thumb Code     0  llsshr.o(.text)
    __rt_ctype_table                         0x08005dbd   Thumb Code     4  ctype_o.o(.text)
    _strtoul                                 0x08005dc5   Thumb Code   158  _strtoul.o(.text)
    _double_round                            0x08005e63   Thumb Code    30  depilogue.o(.text)
    _double_epilogue                         0x08005e81   Thumb Code   156  depilogue.o(.text)
    _chval                                   0x08005f1d   Thumb Code    28  _chval.o(.text)
    __0printf$3                              0x08005f39   Thumb Code    22  printf3.o(i.__0printf$3)
    __1printf$3                              0x08005f39   Thumb Code     0  printf3.o(i.__0printf$3)
    __2printf                                0x08005f39   Thumb Code     0  printf3.o(i.__0printf$3)
    __0vsnprintf                             0x08005f59   Thumb Code    40  printfa.o(i.__0vsnprintf)
    __1vsnprintf                             0x08005f59   Thumb Code     0  printfa.o(i.__0vsnprintf)
    __2vsnprintf                             0x08005f59   Thumb Code     0  printfa.o(i.__0vsnprintf)
    __c89vsnprintf                           0x08005f59   Thumb Code     0  printfa.o(i.__0vsnprintf)
    vsnprintf                                0x08005f59   Thumb Code     0  printfa.o(i.__0vsnprintf)
    __aeabi_errno_addr                       0x08005f85   Thumb Code     4  errno.o(i.__aeabi_errno_addr)
    __rt_errno_addr                          0x08005f85   Thumb Code     0  errno.o(i.__aeabi_errno_addr)
    __scatterload_copy                       0x08005f8d   Thumb Code    14  handlers.o(i.__scatterload_copy)
    __scatterload_null                       0x08005f9b   Thumb Code     2  handlers.o(i.__scatterload_null)
    __scatterload_zeroinit                   0x08005f9d   Thumb Code    14  handlers.o(i.__scatterload_zeroinit)
    __ctype_table                            0x08006a2c   Data         129  ctype_o.o(.constdata)
    Region$$Table$$Base                      0x08006b3c   Number         0  anon$$obj.o(Region$$Table)
    Region$$Table$$Limit                     0x08006b5c   Number         0  anon$$obj.o(Region$$Table)
    SystemCoreClock                          0x20000000   Data           4  system_stm32f10x.o(.data)
    AHBPrescTable                            0x20000004   Data          16  system_stm32f10x.o(.data)
    sys_flag                                 0x20000014   Data           4  timer.o(.data)
    txsize                                   0x20000018   Data           8  w5500.o(.data)
    rxsize                                   0x20000020   Data           8  w5500.o(.data)
    mac                                      0x20000028   Data           6  w5500_conf.o(.data)
    local_ip                                 0x2000002e   Data           4  w5500_conf.o(.data)
    subnet                                   0x20000032   Data           4  w5500_conf.o(.data)
    gateway                                  0x20000036   Data           4  w5500_conf.o(.data)
    dns_server                               0x2000003a   Data           4  w5500_conf.o(.data)
    local_port                               0x2000003e   Data           2  w5500_conf.o(.data)
    remote_ip                                0x20000040   Data           4  w5500_conf.o(.data)
    remote_port                              0x20000044   Data           2  w5500_conf.o(.data)
    ip_from                                  0x20000046   Data           1  w5500_conf.o(.data)
    dhcp_ok                                  0x20000047   Data           1  w5500_conf.o(.data)
    ms                                       0x20000048   Data           4  w5500_conf.o(.data)
    dhcp_time                                0x2000004c   Data           4  w5500_conf.o(.data)
    ntptimer                                 0x20000050   Data           1  w5500_conf.o(.data)
    gSocketNum                               0x20000051   Data           1  w5500_conf.o(.data)
    count_num                                0x20000052   Data           2  gpio.o(.data)
    Is_trigger                               0x20000054   Data           1  gpio.o(.data)
    Is_HC_EN                                 0x20000055   Data           1  gpio.o(.data)
    HELP_CMD_ARR                             0x20000058   Data          12  mycmd.o(.data)
    VERSION_CMD_ARR                          0x20000064   Data          12  mycmd.o(.data)
    AD8253_CMD_ARR                           0x20000070   Data          12  mycmd.o(.data)
    RELAY_CMD_ARR                            0x2000007c   Data          12  mycmd.o(.data)
    SINGLETRIG_CMD_ARR                       0x20000088   Data          12  mycmd.o(.data)
    SYNCTRIG_CMD_ARR                         0x20000094   Data          12  mycmd.o(.data)
    CKIN_CMD_ARR                             0x200000a0   Data          12  mycmd.o(.data)
    SETIP_CMD_ARR                            0x200000ac   Data          12  mycmd.o(.data)
    Version_buff                             0x200000b8   Data          35  mycmd.o(.data)
    BIT_AND                                  0x200000dc   Data           8  cat9555.o(.data)
    BIT_OR                                   0x200000e4   Data           8  cat9555.o(.data)
    IO_DIR_DTB1                              0x200000ec   Data           2  cat9555.o(.data)
    IO_DIR_DTB2                              0x200000ee   Data           2  cat9555.o(.data)
    IO_STA_DTB1                              0x200000f0   Data           2  cat9555.o(.data)
    IO_STA_DTB2                              0x200000f2   Data           2  cat9555.o(.data)
    IO_DIR_PDD1                              0x200000f4   Data           2  cat9555.o(.data)
    IO_DIR_PDD2                              0x200000f6   Data           2  cat9555.o(.data)
    IO_STA_PDD1                              0x200000f8   Data           2  cat9555.o(.data)
    IO_STA_PDD2                              0x200000fa   Data           2  cat9555.o(.data)
    Uart1RxFlag                              0x20000100   Data           1  usart.o(.data)
    Uart1Len                                 0x20000101   Data           1  usart.o(.data)
    USART2_RX_CNT                            0x20000102   Data           1  usart.o(.data)
    USART2_RX_STA                            0x20000104   Data           2  usart.o(.data)
    __stdout                                 0x2000011c   Data           4  stdout.o(.data)
    SSIZE                                    0x20000124   Data          16  w5500.o(.bss)
    RSIZE                                    0x20000134   Data          16  w5500.o(.bss)
    ConfigMsg                                0x20000144   Data          28  w5500_conf.o(.bss)
    EEPROM_MSG                               0x20000160   Data          18  w5500_conf.o(.bss)
    buff                                     0x20000172   Data        2048  w5500_conf.o(.bss)
    STMFLASH_BUF                             0x20000972   Data        2048  my_flash.o(.bss)
    RX1buff                                  0x20001172   Data         255  usart.o(.bss)
    RX2buff                                  0x20001271   Data         255  usart.o(.bss)
    USART2_RX_BUF                            0x20001370   Data         250  usart.o(.bss)
    DMARxBuff                                0x2000146a   Data         255  usart.o(.bss)
    __initial_sp                             0x20001970   Data           0  startup_stm32f10x_hd.o(STACK)



==============================================================================

Memory Map of the image

  Image Entry point : 0x08000131

  Load Region LR_IROM1 (Base: 0x08000000, Size: 0x00006c80, Max: 0x00080000, ABSOLUTE)

    Execution Region ER_IROM1 (Base: 0x08000000, Size: 0x00006b5c, Max: 0x00080000, ABSOLUTE)

    Base Addr    Size         Type   Attr      Idx    E Section Name        Object

    0x08000000   0x00000130   Data   RO          532    RESET               startup_stm32f10x_hd.o
    0x08000130   0x00000000   Code   RO          671  * .ARM.Collect$$$$00000000  mc_w.l(entry.o)
    0x08000130   0x00000004   Code   RO          939    .ARM.Collect$$$$00000001  mc_w.l(entry2.o)
    0x08000134   0x00000004   Code   RO          942    .ARM.Collect$$$$00000004  mc_w.l(entry5.o)
    0x08000138   0x00000000   Code   RO          944    .ARM.Collect$$$$00000008  mc_w.l(entry7b.o)
    0x08000138   0x00000000   Code   RO          946    .ARM.Collect$$$$0000000A  mc_w.l(entry8b.o)
    0x08000138   0x00000008   Code   RO          947    .ARM.Collect$$$$0000000B  mc_w.l(entry9a.o)
    0x08000140   0x00000000   Code   RO          949    .ARM.Collect$$$$0000000D  mc_w.l(entry10a.o)
    0x08000140   0x00000000   Code   RO          951    .ARM.Collect$$$$0000000F  mc_w.l(entry11a.o)
    0x08000140   0x00000004   Code   RO          940    .ARM.Collect$$$$00002712  mc_w.l(entry2.o)
    0x08000144   0x00000188   Code   RO            1    .text               main.o
    0x080002cc   0x0000001a   Code   RO          165    .text               stm32f10x_it.o
    0x080002e6   0x00000002   PAD
    0x080002e8   0x000001e0   Code   RO          206    .text               system_stm32f10x.o
    0x080004c8   0x000000d0   Code   RO          224    .text               timer.o
    0x08000598   0x00000690   Code   RO          261    .text               socket.o
    0x08000c28   0x0000043c   Code   RO          291    .text               w5500.o
    0x08001064   0x00000344   Code   RO          313    .text               w5500_conf.o
    0x080013a8   0x00000520   Code   RO          342    .text               gpio.o
    0x080018c8   0x000001b0   Code   RO          364    .text               spi_driver.o
    0x08001a78   0x000009ec   Code   RO          376    .text               mycmd.o
    0x08002464   0x000007fc   Code   RO          410    .text               my_iic.o
    0x08002c60   0x00000238   Code   RO          425    .text               cat9555.o
    0x08002e98   0x00000144   Code   RO          443    .text               my_flash.o
    0x08002fdc   0x000000d4   Code   RO          458    .text               delay.o
    0x080030b0   0x0000049c   Code   RO          501    .text               usart.o
    0x0800354c   0x00000024   Code   RO          533    .text               startup_stm32f10x_hd.o
    0x08003570   0x000000dc   Code   RO          537    .text               misc.o
    0x0800364c   0x0000035c   Code   RO          549    .text               stm32f10x_gpio.o
    0x080039a8   0x000003a4   Code   RO          561    .text               stm32f10x_rcc.o
    0x08003d4c   0x00000e1a   Code   RO          575    .text               stm32f10x_tim.o
    0x08004b66   0x00000002   PAD
    0x08004b68   0x00000408   Code   RO          587    .text               stm32f10x_usart.o
    0x08004f70   0x0000011c   Code   RO          623    .text               stm32f10x_exti.o
    0x0800508c   0x000005bc   Code   RO          647    .text               stm32f10x_flash.o
    0x08005648   0x00000254   Code   RO          659    .text               stm32f10x_dma.o
    0x0800589c   0x0000000e   Code   RO          674    .text               mc_w.l(strlen.o)
    0x080058aa   0x0000001a   Code   RO          937    .text               mc_w.l(atoi.o)
    0x080058c4   0x0000002c   Code   RO          954    .text               mc_w.l(uidiv.o)
    0x080058f0   0x00000062   Code   RO          956    .text               mc_w.l(uldiv.o)
    0x08005952   0x00000070   Code   RO          965    .text               mc_w.l(strtol.o)
    0x080059c2   0x00000000   Code   RO          967    .text               mc_w.l(iusefp.o)
    0x080059c2   0x0000014e   Code   RO          968    .text               mf_w.l(dadd.o)
    0x08005b10   0x000000e4   Code   RO          970    .text               mf_w.l(dmul.o)
    0x08005bf4   0x000000de   Code   RO          972    .text               mf_w.l(ddiv.o)
    0x08005cd2   0x00000030   Code   RO          974    .text               mf_w.l(dfixul.o)
    0x08005d02   0x00000002   PAD
    0x08005d04   0x00000030   Code   RO          976    .text               mf_w.l(cdrcmple.o)
    0x08005d34   0x00000024   Code   RO          978    .text               mc_w.l(init.o)
    0x08005d58   0x0000001e   Code   RO          980    .text               mc_w.l(llshl.o)
    0x08005d76   0x00000020   Code   RO          982    .text               mc_w.l(llushr.o)
    0x08005d96   0x00000024   Code   RO          984    .text               mc_w.l(llsshr.o)
    0x08005dba   0x00000002   PAD
    0x08005dbc   0x00000008   Code   RO          986    .text               mc_w.l(ctype_o.o)
    0x08005dc4   0x0000009e   Code   RO         1014    .text               mc_w.l(_strtoul.o)
    0x08005e62   0x000000ba   Code   RO         1016    .text               mf_w.l(depilogue.o)
    0x08005f1c   0x0000001c   Code   RO         1018    .text               mc_w.l(_chval.o)
    0x08005f38   0x00000020   Code   RO          765    i.__0printf$3       mc_w.l(printf3.o)
    0x08005f58   0x0000002c   Code   RO          914    i.__0vsnprintf      mc_w.l(printfa.o)
    0x08005f84   0x00000008   Code   RO          958    i.__aeabi_errno_addr  mc_w.l(errno.o)
    0x08005f8c   0x0000000e   Code   RO         1022    i.__scatterload_copy  mc_w.l(handlers.o)
    0x08005f9a   0x00000002   Code   RO         1023    i.__scatterload_null  mc_w.l(handlers.o)
    0x08005f9c   0x0000000e   Code   RO         1024    i.__scatterload_zeroinit  mc_w.l(handlers.o)
    0x08005faa   0x00000002   PAD
    0x08005fac   0x00000184   Code   RO          916    i._fp_digits        mc_w.l(printfa.o)
    0x08006130   0x000001b8   Code   RO          772    i._printf_core      mc_w.l(printf3.o)
    0x080062e8   0x000006dc   Code   RO          917    i._printf_core      mc_w.l(printfa.o)
    0x080069c4   0x00000024   Code   RO          918    i._printf_post_padding  mc_w.l(printfa.o)
    0x080069e8   0x0000002e   Code   RO          919    i._printf_pre_padding  mc_w.l(printfa.o)
    0x08006a16   0x00000016   Code   RO          920    i._snputc           mc_w.l(printfa.o)
    0x08006a2c   0x00000081   Data   RO          987    .constdata          mc_w.l(ctype_o.o)
    0x08006aad   0x00000003   PAD
    0x08006ab0   0x00000004   Data   RO          988    .constdata          mc_w.l(ctype_o.o)
    0x08006ab4   0x00000087   Data   RO          377    .conststring        mycmd.o
    0x08006b3b   0x00000001   PAD
    0x08006b3c   0x00000020   Data   RO         1020    Region$$Table       anon$$obj.o


    Execution Region RW_IRAM1 (Base: 0x20000000, Size: 0x00001970, Max: 0x00010000, ABSOLUTE)

    Base Addr    Size         Type   Attr      Idx    E Section Name        Object

    0x20000000   0x00000014   Data   RW          207    .data               system_stm32f10x.o
    0x20000014   0x00000004   Data   RW          225    .data               timer.o
    0x20000018   0x00000010   Data   RW          293    .data               w5500.o
    0x20000028   0x0000002a   Data   RW          315    .data               w5500_conf.o
    0x20000052   0x00000004   Data   RW          343    .data               gpio.o
    0x20000056   0x00000002   PAD
    0x20000058   0x00000084   Data   RW          378    .data               mycmd.o
    0x200000dc   0x00000020   Data   RW          426    .data               cat9555.o
    0x200000fc   0x00000004   Data   RW          459    .data               delay.o
    0x20000100   0x00000006   Data   RW          503    .data               usart.o
    0x20000106   0x00000014   Data   RW          562    .data               stm32f10x_rcc.o
    0x2000011a   0x00000002   PAD
    0x2000011c   0x00000004   Data   RW          953    .data               mc_w.l(stdout.o)
    0x20000120   0x00000004   Data   RW          961    .data               mc_w.l(errno.o)
    0x20000124   0x00000020   Zero   RW          292    .bss                w5500.o
    0x20000144   0x0000082e   Zero   RW          314    .bss                w5500_conf.o
    0x20000972   0x00000800   Zero   RW          444    .bss                my_flash.o
    0x20001172   0x000003f7   Zero   RW          502    .bss                usart.o
    0x20001569   0x00000007   PAD
    0x20001570   0x00000400   Zero   RW          530    STACK               startup_stm32f10x_hd.o


==============================================================================

Image component sizes


      Code (inc. data)   RO Data    RW Data    ZI Data      Debug   Object Name

       568         44          0         32          0       4336   cat9555.o
       212         18          0          4          0       1123   delay.o
      1312         32          0          4          0       2670   gpio.o
       392         10          0          0          0     273681   main.o
       220         22          0          0          0       1881   misc.o
       324          8          0          0       2048       2830   my_flash.o
      2044         12          0          0          0       5019   my_iic.o
      2540        268        135        132          0      22907   mycmd.o
      1680         52          0          0          0       6223   socket.o
       432          4          0          0          0       3179   spi_driver.o
        36          8        304          0       1024        832   startup_stm32f10x_hd.o
       596          8          0          0          0       4442   stm32f10x_dma.o
       284         10          0          0          0       2335   stm32f10x_exti.o
      1468         34          0          0          0       8286   stm32f10x_flash.o
       860         38          0          0          0       5813   stm32f10x_gpio.o
        26          0          0          0          0       1218   stm32f10x_it.o
       932         36          0         20          0       9028   stm32f10x_rcc.o
      3610         88          0          0          0      22920   stm32f10x_tim.o
      1032         22          0          0          0       8536   stm32f10x_usart.o
         0          0          0          0          0         32   sys.o
       480         38          0         20          0       1859   system_stm32f10x.o
       208         18          0          4          0       1147   timer.o
      1180         78          0          6       1015       4645   usart.o
      1084        108          0         16         32       6727   w5500.o
       836        196          0         42       2094       5539   w5500_conf.o

    ----------------------------------------------------------------------
     22360       1152        472        284       6220     407208   Object Totals
         0          0         32          0          0          0   (incl. Generated)
         4          0          1          4          7          0   (incl. Padding)

    ----------------------------------------------------------------------

      Code (inc. data)   RO Data    RW Data    ZI Data      Debug   Library Member Name

        28          0          0          0          0         68   _chval.o
       158          0          0          0          0         92   _strtoul.o
        26          0          0          0          0         80   atoi.o
         8          4        133          0          0         68   ctype_o.o
         0          0          0          0          0          0   entry.o
         0          0          0          0          0          0   entry10a.o
         0          0          0          0          0          0   entry11a.o
         8          4          0          0          0          0   entry2.o
         4          0          0          0          0          0   entry5.o
         0          0          0          0          0          0   entry7b.o
         0          0          0          0          0          0   entry8b.o
         8          4          0          0          0          0   entry9a.o
         8          4          0          4          0         68   errno.o
        30          0          0          0          0          0   handlers.o
        36          8          0          0          0         68   init.o
         0          0          0          0          0          0   iusefp.o
        30          0          0          0          0         68   llshl.o
        36          0          0          0          0         68   llsshr.o
        32          0          0          0          0         68   llushr.o
       472         14          0          0          0        184   printf3.o
      2292         84          0          0          0        516   printfa.o
         0          0          0          4          0          0   stdout.o
        14          0          0          0          0         68   strlen.o
       112          0          0          0          0         88   strtol.o
        44          0          0          0          0         80   uidiv.o
        98          0          0          0          0         92   uldiv.o
        48          0          0          0          0         68   cdrcmple.o
       334          0          0          0          0        148   dadd.o
       222          0          0          0          0        100   ddiv.o
       186          0          0          0          0        176   depilogue.o
        48          0          0          0          0         68   dfixul.o
       228          0          0          0          0         96   dmul.o

    ----------------------------------------------------------------------
      4516        122        136          8          0       2332   Library Totals
         6          0          3          0          0          0   (incl. Padding)

    ----------------------------------------------------------------------

      Code (inc. data)   RO Data    RW Data    ZI Data      Debug   Library Name

      3444        122        133          8          0       1676   mc_w.l
      1066          0          0          0          0        656   mf_w.l

    ----------------------------------------------------------------------
      4516        122        136          8          0       2332   Library Totals

    ----------------------------------------------------------------------

==============================================================================


      Code (inc. data)   RO Data    RW Data    ZI Data      Debug   

     26876       1274        608        292       6220     406468   Grand Totals
     26876       1274        608        292       6220     406468   ELF Image Totals
     26876       1274        608        292          0          0   ROM Totals

==============================================================================

    Total RO  Size (Code + RO Data)                27484 (  26.84kB)
    Total RW  Size (RW Data + ZI Data)              6512 (   6.36kB)
    Total ROM Size (Code + RO Data + RW Data)      27776 (  27.13kB)

==============================================================================

